2026-09-10 22:03:52   In order to get an optimal performance, hyperthreading is ignored for parallel
                      computations.

                      ------------------------------------------------------------------------------
2026-09-10 22:03:52   The length ratio between the shortest and the longest model edges is 1:5127.
                      Short model edges can be highlighted via Mesh:Mesh Control->Check Mesh->Check
                      Model Edge Length.... (It may be advantageous to model the metallizations as
                      infinitely thin sheets.) More...

                      ------------------------------------------------------------------------------
2026-09-10 22:03:58   Units settings: 

                        Dimensions: mil
                        Frequency:  GHz
                        Time:       ns

                      ------------------------------------------------------------------------------
2026-09-10 22:03:58   Boundary conditions: 

                        YZsymmetry: none
                        XZsymmetry: none
                        XYsymmetry: none

                        Xmin: expanded open
                        Xmax: expanded open

                        Ymin: electric
                        Ymax: electric

                        Zmin: expanded open
                        Zmax: electric

                      ------------------------------------------------------------------------------
2026-09-10 22:03:58   Order settings: 

                        Solver order   : 2nd (constant)
                        Curved elements: up to order 3 (automatic)

                      ------------------------------------------------------------------------------
2026-09-10 22:03:58     Mesh time                :	4 s


                      ------------------------------------------------------------------------------
2026-09-10 22:03:58   
                      ================================================================================
                      Frequency Domain Solver calculation cycle started

                      ------------------------------------------------------------------------------
2026-09-10 22:03:58   Solver started at: 2026-09-10 22:03:58 -0700

                        Module:  Frequency Domain: S-Parameter (Win 64)
                        Version: 2026.5 Release from 2026-06-18 (change 1767070)

                        Free disk space at solver start is 105 GB.


                      ------------------------------------------------------------------------------
2026-09-10 22:03:58   An iterative solver will be used first.

                      ------------------------------------------------------------------------------
2026-09-10 22:03:58   The wavelength based mesh refinement has been applied to 0.1% of all mesh edges.

                      ------------------------------------------------------------------------------
2026-09-10 22:03:59   For some elements the curvature had to be reduced to maintain the quality of the mesh. More...

                      ------------------------------------------------------------------------------
2026-09-10 22:03:59     Calculation 1 of 1 (Frequency: 7 GHz)


                      ------------------------------------------------------------------------------
2026-09-10 22:03:59   Using electric shielding for ports 1, 2, 3.

                      ------------------------------------------------------------------------------
2026-09-10 22:03:59   For some elements the curvature had to be reduced to maintain the quality of the mesh. More...

                      ------------------------------------------------------------------------------
2026-09-10 22:03:59   Running the PortModeSolver.

                      ------------------------------------------------------------------------------
2026-09-10 22:04:01   For some elements the curvature had to be reduced to maintain the quality of the mesh. More...

                      ------------------------------------------------------------------------------
2026-09-10 22:04:02   For some elements the curvature had to be reduced to maintain the quality of the mesh. More...

                      ------------------------------------------------------------------------------
2026-09-10 22:04:03   For some elements the curvature had to be reduced to maintain the quality of the mesh. More...

                      ------------------------------------------------------------------------------
2026-09-10 22:04:04   For some elements the curvature had to be reduced to maintain the quality of the mesh. More...

                      ------------------------------------------------------------------------------
2026-09-10 22:04:05   For some elements the curvature had to be reduced to maintain the quality of the mesh. More...

                      ------------------------------------------------------------------------------
2026-09-10 22:04:06   For some elements the curvature had to be reduced to maintain the quality of the mesh. More...

                      ------------------------------------------------------------------------------
2026-09-10 22:04:07   For some elements the curvature had to be reduced to maintain the quality of the mesh. More...

                      ------------------------------------------------------------------------------
2026-09-10 22:04:08   For some elements the curvature had to be reduced to maintain the quality of the mesh. More...

                      ------------------------------------------------------------------------------
2026-09-10 22:04:09   For some elements the curvature had to be reduced to maintain the quality of the mesh. More...

                      ------------------------------------------------------------------------------
2026-09-10 22:04:10     ----------------------------------------------------------------------------
                        Port   Mode   Type        Z-Wave        Z-Wave-Sigma  Z-Line        F-Cutoff
                        1      1      QTEM        228           17.6          49.3          ---
                        2      1      QTEM        229           14.5          49.3          ---
                        3      1      QTEM        229           15.4          49.3          ---
                        ----------------------------------------------------------------------------


                      ------------------------------------------------------------------------------
2026-09-10 22:04:10   Adaptive mesh refinement pass 1

                      ------------------------------------------------------------------------------
2026-09-10 22:04:11   Performing block excitation with block size 3 and 4 threads.  More...

                      ------------------------------------------------------------------------------
2026-09-10 22:04:16     Matrix setup time        :	0 s
                        Degrees of freedom       :	56405
                        Number of mesh cells     :	8436

                        Stimulation port         :	1
                        Mode number              :	1
                        Accuracy                 :	9.93154e-05
                        Iterations               :	169
                        Solver time              :	4 s


                      ------------------------------------------------------------------------------
2026-09-10 22:04:16     Stimulation port         :	2
                        Mode number              :	1
                        Accuracy                 :	8.46064e-05
                        Iterations               :	159
                        Solver time              :	4 s


                      ------------------------------------------------------------------------------
2026-09-10 22:04:16     Stimulation port         :	3
                        Mode number              :	1
                        Accuracy                 :	9.02518e-05
                        Iterations               :	168
                        Solver time              :	4 s


                      ------------------------------------------------------------------------------
2026-09-10 22:04:16   10% of all mesh edges seem to be longer than expected. The adaptive mesh refinement's growth limitation will therefore 
                      use 13887 instead of 8181 mesh cells as a reference.

                      ------------------------------------------------------------------------------
2026-09-10 22:04:18   For some elements the curvature had to be reduced to maintain the quality of the mesh. More...

                      ------------------------------------------------------------------------------
2026-09-10 22:04:18   Adaptive mesh refinement pass 2

                      ------------------------------------------------------------------------------
2026-09-10 22:04:25     Matrix setup time        :	0 s
                        Degrees of freedom       :	85067
                        Number of mesh cells     :	12776

                        Stimulation port         :	1
                        Mode number              :	1
                        Accuracy                 :	6.19427e-05
                        Iterations               :	111
                        Solver time              :	5 s


                      ------------------------------------------------------------------------------
2026-09-10 22:04:25     Stimulation port         :	2
                        Mode number              :	1
                        Accuracy                 :	7.54496e-05
                        Iterations               :	118
                        Solver time              :	5 s


                      ------------------------------------------------------------------------------
2026-09-10 22:04:25     Stimulation port         :	3
                        Mode number              :	1
                        Accuracy                 :	8.54127e-05
                        Iterations               :	102
                        Solver time              :	5 s


                      ------------------------------------------------------------------------------
2026-09-10 22:04:25     Delta calculation        
2026-09-10 22:04:25     All S-Parameters         :	0.225988
2026-09-10 22:04:25   

                      ------------------------------------------------------------------------------
2026-09-10 22:04:27   For some elements the curvature had to be reduced to maintain the quality of the mesh. More...

                      ------------------------------------------------------------------------------
2026-09-10 22:04:28   Adaptive mesh refinement pass 3

                      ------------------------------------------------------------------------------
2026-09-10 22:04:38     Matrix setup time        :	0 s
                        Degrees of freedom       :	140439
                        Number of mesh cells     :	21132

                        Stimulation port         :	1
                        Mode number              :	1
                        Accuracy                 :	6.72291e-05
                        Iterations               :	94
                        Solver time              :	8 s


                      ------------------------------------------------------------------------------
2026-09-10 22:04:38     Stimulation port         :	2
                        Mode number              :	1
                        Accuracy                 :	9.80927e-05
                        Iterations               :	85
                        Solver time              :	7 s


                      ------------------------------------------------------------------------------
2026-09-10 22:04:38     Stimulation port         :	3
                        Mode number              :	1
                        Accuracy                 :	7.92229e-05
                        Iterations               :	93
                        Solver time              :	8 s


                      ------------------------------------------------------------------------------
2026-09-10 22:04:38     Delta calculation        
2026-09-10 22:04:38     All S-Parameters         :	0.0578066
2026-09-10 22:04:38   

                      ------------------------------------------------------------------------------
2026-09-10 22:04:42   For some elements the curvature had to be reduced to maintain the quality of the mesh. More...

                      ------------------------------------------------------------------------------
2026-09-10 22:04:43   Adaptive mesh refinement pass 4

                      ------------------------------------------------------------------------------
2026-09-10 22:04:55     Matrix setup time        :	1 s
                        Degrees of freedom       :	219067
                        Number of mesh cells     :	32896

                        Stimulation port         :	1
                        Mode number              :	1
                        Accuracy                 :	9.86845e-05
                        Iterations               :	72
                        Solver time              :	10 s


                      ------------------------------------------------------------------------------
2026-09-10 22:04:55     Stimulation port         :	2
                        Mode number              :	1
                        Accuracy                 :	8.98047e-05
                        Iterations               :	75
                        Solver time              :	10 s


                      ------------------------------------------------------------------------------
2026-09-10 22:04:55     Stimulation port         :	3
                        Mode number              :	1
                        Accuracy                 :	9.91349e-05
                        Iterations               :	74
                        Solver time              :	10 s


                      ------------------------------------------------------------------------------
2026-09-10 22:04:56     Delta calculation        
2026-09-10 22:04:56     All S-Parameters         :	0.0239764
2026-09-10 22:04:56   

                      ------------------------------------------------------------------------------
2026-09-10 22:05:01   For some elements the curvature had to be reduced to maintain the quality of the mesh. More...

                      ------------------------------------------------------------------------------
2026-09-10 22:05:02   Adaptive mesh refinement pass 5

                      ------------------------------------------------------------------------------
2026-09-10 22:05:22     Matrix setup time        :	1 s
                        Solver setup             :	1 s
                        Degrees of freedom       :	343441
                        Number of mesh cells     :	51473

                        Stimulation port         :	1
                        Mode number              :	1
                        Accuracy                 :	9.44615e-05
                        Iterations               :	65
                        Solver time              :	15 s


                      ------------------------------------------------------------------------------
2026-09-10 22:05:22     Stimulation port         :	2
                        Mode number              :	1
                        Accuracy                 :	6.33333e-05
                        Iterations               :	71
                        Solver time              :	16 s


                      ------------------------------------------------------------------------------
2026-09-10 22:05:22     Stimulation port         :	3
                        Mode number              :	1
                        Accuracy                 :	6.87177e-05
                        Iterations               :	76
                        Solver time              :	17 s


                      ------------------------------------------------------------------------------
2026-09-10 22:05:22     Delta calculation        
2026-09-10 22:05:22     All S-Parameters         :	0.0165687
2026-09-10 22:05:22   

                      ------------------------------------------------------------------------------
2026-09-10 22:05:22   Mesh adaptation terminated because the desired accuracy limit is reached.

                      ------------------------------------------------------------------------------
2026-09-10 22:05:23     Total time               :	83 s	 (= 0 h, 01 m, 23 s)

                      ------------------------------------------------------------------------------
2026-09-10 22:05:23   

                      ------------------------------------------------------------------------------
2026-09-10 22:05:23     Calculation 2 (Frequency: 1.5 GHz)


                      ------------------------------------------------------------------------------
2026-09-10 22:05:23   Running the PortModeSolver.

                      ------------------------------------------------------------------------------
2026-09-10 22:05:25     ----------------------------------------------------------------------------
                        Port   Mode   Type        Z-Wave        Z-Wave-Sigma  Z-Line        F-Cutoff
                        1      1      QTEM        230           19.4          49.6          ---
                        2      1      QTEM        231           14.3          49.6          ---
                        3      1      QTEM        230           15.2          49.6          ---
                        ----------------------------------------------------------------------------


                      ------------------------------------------------------------------------------
2026-09-10 22:05:39     Matrix setup time        :	1 s
                        Degrees of freedom       :	343441
                        Number of mesh cells     :	51473

                        Stimulation port         :	1
                        Mode number              :	1
                        Accuracy                 :	9.86335e-05
                        Iterations               :	48
                        Solver time              :	11 s


                      ------------------------------------------------------------------------------
2026-09-10 22:05:39     Stimulation port         :	2
                        Mode number              :	1
                        Accuracy                 :	7.07426e-05
                        Iterations               :	53
                        Solver time              :	12 s


                      ------------------------------------------------------------------------------
2026-09-10 22:05:39     Stimulation port         :	3
                        Mode number              :	1
                        Accuracy                 :	5.06934e-05
                        Iterations               :	53
                        Solver time              :	12 s


                      ------------------------------------------------------------------------------
2026-09-10 22:05:40     Total time               :	15 s

                      ------------------------------------------------------------------------------
2026-09-10 22:05:40   

                      ------------------------------------------------------------------------------
2026-09-10 22:05:40     Calculation 3 (Frequency: 4.25 GHz)


                      ------------------------------------------------------------------------------
2026-09-10 22:05:40   Running the PortModeSolver.

                      ------------------------------------------------------------------------------
2026-09-10 22:05:41     ----------------------------------------------------------------------------
                        Port   Mode   Type        Z-Wave        Z-Wave-Sigma  Z-Line        F-Cutoff
                        1      1      QTEM        230           20.9          49.4          ---
                        2      1      QTEM        230           14.5          49.4          ---
                        3      1      QTEM        230           15.2          49.4          ---
                        ----------------------------------------------------------------------------


                      ------------------------------------------------------------------------------
2026-09-10 22:05:57     Matrix setup time        :	1 s
                        Degrees of freedom       :	343441
                        Number of mesh cells     :	51473

                        Stimulation port         :	1
                        Mode number              :	1
                        Accuracy                 :	9.04399e-05
                        Iterations               :	57
                        Solver time              :	13 s


                      ------------------------------------------------------------------------------
2026-09-10 22:05:57     Stimulation port         :	2
                        Mode number              :	1
                        Accuracy                 :	9.2937e-05
                        Iterations               :	54
                        Solver time              :	12 s


                      ------------------------------------------------------------------------------
2026-09-10 22:05:57     Stimulation port         :	3
                        Mode number              :	1
                        Accuracy                 :	6.80792e-05
                        Iterations               :	62
                        Solver time              :	14 s


                      ------------------------------------------------------------------------------
2026-09-10 22:05:58     Total time               :	17 s

                      ------------------------------------------------------------------------------
2026-09-10 22:05:58   

                      ------------------------------------------------------------------------------
2026-09-10 22:05:58     Calculation 4 (Frequency: 5.625 GHz)


                      ------------------------------------------------------------------------------
2026-09-10 22:05:58   Running the PortModeSolver.

                      ------------------------------------------------------------------------------
2026-09-10 22:05:59     ----------------------------------------------------------------------------
                        Port   Mode   Type        Z-Wave        Z-Wave-Sigma  Z-Line        F-Cutoff
                        1      1      QTEM        229           20.8          49.3          ---
                        2      1      QTEM        230           14.6          49.4          ---
                        3      1      QTEM        229           15.1          49.4          ---
                        ----------------------------------------------------------------------------


                      ------------------------------------------------------------------------------
2026-09-10 22:06:15     Matrix setup time        :	1 s
                        Degrees of freedom       :	343441
                        Number of mesh cells     :	51473

                        Stimulation port         :	1
                        Mode number              :	1
                        Accuracy                 :	8.9525e-05
                        Iterations               :	61
                        Solver time              :	14 s


                      ------------------------------------------------------------------------------
2026-09-10 22:06:15     Stimulation port         :	2
                        Mode number              :	1
                        Accuracy                 :	9.35825e-05
                        Iterations               :	55
                        Solver time              :	12 s


                      ------------------------------------------------------------------------------
2026-09-10 22:06:15     Stimulation port         :	3
                        Mode number              :	1
                        Accuracy                 :	7.65871e-05
                        Iterations               :	58
                        Solver time              :	13 s


                      ------------------------------------------------------------------------------
2026-09-10 22:06:16     Total time               :	17 s

                      ------------------------------------------------------------------------------
2026-09-10 22:06:16   

                      ------------------------------------------------------------------------------
2026-09-10 22:06:16     Calculation 5 (Frequency: 3.04 GHz)


                      ------------------------------------------------------------------------------
2026-09-10 22:06:16   Running the PortModeSolver.

                      ------------------------------------------------------------------------------
2026-09-10 22:06:17     ----------------------------------------------------------------------------
                        Port   Mode   Type        Z-Wave        Z-Wave-Sigma  Z-Line        F-Cutoff
                        1      1      QTEM        229           19.4          49.5          ---
                        2      1      QTEM        231           14.4          49.5          ---
                        3      1      QTEM        230           15.1          49.5          ---
                        ----------------------------------------------------------------------------


                      ------------------------------------------------------------------------------
2026-09-10 22:06:32     Matrix setup time        :	1 s
                        Solver setup             :	1 s
                        Degrees of freedom       :	343441
                        Number of mesh cells     :	51473

                        Stimulation port         :	1
                        Mode number              :	1
                        Accuracy                 :	8.89054e-05
                        Iterations               :	54
                        Solver time              :	12 s


                      ------------------------------------------------------------------------------
2026-09-10 22:06:32     Stimulation port         :	2
                        Mode number              :	1
                        Accuracy                 :	7.29921e-05
                        Iterations               :	47
                        Solver time              :	11 s


                      ------------------------------------------------------------------------------
2026-09-10 22:06:32     Stimulation port         :	3
                        Mode number              :	1
                        Accuracy                 :	3.10989e-05
                        Iterations               :	54
                        Solver time              :	12 s


                      ------------------------------------------------------------------------------
2026-09-10 22:06:33     Total time               :	16 s

                      ------------------------------------------------------------------------------
2026-09-10 22:06:33   

                      ------------------------------------------------------------------------------
2026-09-10 22:06:33     Calculation 6 (Frequency: 5.4435 GHz)


                      ------------------------------------------------------------------------------
2026-09-10 22:06:33   Running the PortModeSolver.

                      ------------------------------------------------------------------------------
2026-09-10 22:06:34     ----------------------------------------------------------------------------
                        Port   Mode   Type        Z-Wave        Z-Wave-Sigma  Z-Line        F-Cutoff
                        1      1      QTEM        230           21.1          49.4          ---
                        2      1      QTEM        230           14.6          49.4          ---
                        3      1      QTEM        229           15.1          49.4          ---
                        ----------------------------------------------------------------------------


                      ------------------------------------------------------------------------------
2026-09-10 22:06:42     Matrix setup time        :	1 s
                        Solver setup             :	1 s
                        Degrees of freedom       :	343441
                        Number of mesh cells     :	51473

                        Stimulation port         :	1
                        Mode number              :	1
                        Accuracy                 :	9.31213e-05
                        Iterations               :	16
                        Solver time              :	4 s


                      ------------------------------------------------------------------------------
2026-09-10 22:06:42     Stimulation port         :	2
                        Mode number              :	1
                        Accuracy                 :	8.59126e-05
                        Iterations               :	14
                        Solver time              :	4 s


                      ------------------------------------------------------------------------------
2026-09-10 22:06:42     Stimulation port         :	3
                        Mode number              :	1
                        Accuracy                 :	8.56107e-05
                        Iterations               :	14
                        Solver time              :	4 s


                      ------------------------------------------------------------------------------
2026-09-10 22:06:42     Total time               :	8 s

                      ------------------------------------------------------------------------------
2026-09-10 22:06:42   

                      ------------------------------------------------------------------------------
2026-09-10 22:06:42     Calculation 7 (Frequency: 2.479 GHz)


                      ------------------------------------------------------------------------------
2026-09-10 22:06:42   Running the PortModeSolver.

                      ------------------------------------------------------------------------------
2026-09-10 22:06:44     ----------------------------------------------------------------------------
                        Port   Mode   Type        Z-Wave        Z-Wave-Sigma  Z-Line        F-Cutoff
                        1      1      QTEM        230           19.3          49.5          ---
                        2      1      QTEM        231           14.4          49.5          ---
                        3      1      QTEM        230           15            49.5          ---
                        ----------------------------------------------------------------------------


                      ------------------------------------------------------------------------------
2026-09-10 22:06:53     Matrix setup time        :	1 s
                        Solver setup             :	1 s
                        Degrees of freedom       :	343441
                        Number of mesh cells     :	51473

                        Stimulation port         :	1
                        Mode number              :	1
                        Accuracy                 :	8.58457e-05
                        Iterations               :	25
                        Solver time              :	6 s


                      ------------------------------------------------------------------------------
2026-09-10 22:06:53     Stimulation port         :	2
                        Mode number              :	1
                        Accuracy                 :	3.66904e-05
                        Iterations               :	28
                        Solver time              :	6 s


                      ------------------------------------------------------------------------------
2026-09-10 22:06:53     Stimulation port         :	3
                        Mode number              :	1
                        Accuracy                 :	8.70536e-05
                        Iterations               :	23
                        Solver time              :	5 s


                      ------------------------------------------------------------------------------
2026-09-10 22:06:54     Total time               :	10 s

                      ------------------------------------------------------------------------------
2026-09-10 22:06:54   

                      ------------------------------------------------------------------------------
2026-09-10 22:06:54     Calculation 8 (Frequency: 4.5525 GHz)


                      ------------------------------------------------------------------------------
2026-09-10 22:06:54   Running the PortModeSolver.

                      ------------------------------------------------------------------------------
2026-09-10 22:06:55     ----------------------------------------------------------------------------
                        Port   Mode   Type        Z-Wave        Z-Wave-Sigma  Z-Line        F-Cutoff
                        1      1      QTEM        230           21            49.4          ---
                        2      1      QTEM        230           14.5          49.4          ---
                        3      1      QTEM        229           14.9          49.4          ---
                        ----------------------------------------------------------------------------


                      ------------------------------------------------------------------------------
2026-09-10 22:07:00     Matrix setup time        :	1 s
                        Solver setup             :	1 s
                        Degrees of freedom       :	343441
                        Number of mesh cells     :	51473

                        Stimulation port         :	1
                        Mode number              :	1
                        Accuracy                 :	9.32171e-05
                        Iterations               :	5
                        Solver time              :	1 s


                      ------------------------------------------------------------------------------
2026-09-10 22:07:00     Stimulation port         :	2
                        Mode number              :	1
                        Accuracy                 :	9.49592e-05
                        Iterations               :	8
                        Solver time              :	2 s


                      ------------------------------------------------------------------------------
2026-09-10 22:07:00     Stimulation port         :	3
                        Mode number              :	1
                        Accuracy                 :	9.89554e-05
                        Iterations               :	5
                        Solver time              :	1 s


                      ------------------------------------------------------------------------------
2026-09-10 22:07:01     Total time               :	6 s

                      ------------------------------------------------------------------------------
2026-09-10 22:07:01   

                      ------------------------------------------------------------------------------
2026-09-10 22:07:01     Calculation 9 (Frequency: 6.0815 GHz)


                      ------------------------------------------------------------------------------
2026-09-10 22:07:01   Running the PortModeSolver.

                      ------------------------------------------------------------------------------
2026-09-10 22:07:02     ----------------------------------------------------------------------------
                        Port   Mode   Type        Z-Wave        Z-Wave-Sigma  Z-Line        F-Cutoff
                        1      1      QTEM        229           20.9          49.3          ---
                        2      1      QTEM        230           14.7          49.3          ---
                        3      1      QTEM        229           15.2          49.3          ---
                        ----------------------------------------------------------------------------


                      ------------------------------------------------------------------------------
2026-09-10 22:07:10     Matrix setup time        :	1 s
                        Solver setup             :	1 s
                        Degrees of freedom       :	343441
                        Number of mesh cells     :	51473

                        Stimulation port         :	1
                        Mode number              :	1
                        Accuracy                 :	9.06443e-05
                        Iterations               :	22
                        Solver time              :	5 s


                      ------------------------------------------------------------------------------
2026-09-10 22:07:10     Stimulation port         :	2
                        Mode number              :	1
                        Accuracy                 :	9.28345e-05
                        Iterations               :	22
                        Solver time              :	5 s


                      ------------------------------------------------------------------------------
2026-09-10 22:07:10     Stimulation port         :	3
                        Mode number              :	1
                        Accuracy                 :	9.07471e-05
                        Iterations               :	15
                        Solver time              :	3 s


                      ------------------------------------------------------------------------------
2026-09-10 22:07:10     Total time               :	9 s

                      ------------------------------------------------------------------------------
2026-09-10 22:07:10   

                      ------------------------------------------------------------------------------
2026-09-10 22:07:10     Calculation 10 (Frequency: 2.0335 GHz)


                      ------------------------------------------------------------------------------
2026-09-10 22:07:10   Running the PortModeSolver.

                      ------------------------------------------------------------------------------
2026-09-10 22:07:12     ----------------------------------------------------------------------------
                        Port   Mode   Type        Z-Wave        Z-Wave-Sigma  Z-Line        F-Cutoff
                        1      1      QTEM        230           19.4          49.6          ---
                        2      1      QTEM        231           14.3          49.6          ---
                        3      1      QTEM        230           15            49.6          ---
                        ----------------------------------------------------------------------------


                      ------------------------------------------------------------------------------
2026-09-10 22:07:19     Matrix setup time        :	1 s
                        Solver setup             :	2 s
                        Degrees of freedom       :	343441
                        Number of mesh cells     :	51473

                        Stimulation port         :	1
                        Mode number              :	1
                        Accuracy                 :	8.62819e-05
                        Iterations               :	10
                        Solver time              :	3 s


                      ------------------------------------------------------------------------------
2026-09-10 22:07:19     Stimulation port         :	2
                        Mode number              :	1
                        Accuracy                 :	9.90062e-05
                        Iterations               :	10
                        Solver time              :	3 s


                      ------------------------------------------------------------------------------
2026-09-10 22:07:19     Stimulation port         :	3
                        Mode number              :	1
                        Accuracy                 :	9.54916e-05
                        Iterations               :	10
                        Solver time              :	3 s


                      ------------------------------------------------------------------------------
2026-09-10 22:07:19     Total time               :	8 s

                      ------------------------------------------------------------------------------
2026-09-10 22:07:19   

                      ------------------------------------------------------------------------------
2026-09-10 22:07:19     Calculation 11 (Frequency: 3.546 GHz)


                      ------------------------------------------------------------------------------
2026-09-10 22:07:19   Running the PortModeSolver.

                      ------------------------------------------------------------------------------
2026-09-10 22:07:20     ----------------------------------------------------------------------------
                        Port   Mode   Type        Z-Wave        Z-Wave-Sigma  Z-Line        F-Cutoff
                        1      1      QTEM        229           19.4          49.5          ---
                        2      1      QTEM        230           14.5          49.5          ---
                        3      1      QTEM        230           15.2          49.5          ---
                        ----------------------------------------------------------------------------


                      ------------------------------------------------------------------------------
2026-09-10 22:07:27     Matrix setup time        :	1 s
                        Solver setup             :	2 s
                        Degrees of freedom       :	343441
                        Number of mesh cells     :	51473

                        Stimulation port         :	1
                        Mode number              :	1
                        Accuracy                 :	9.64066e-05
                        Iterations               :	10
                        Solver time              :	2 s


                      ------------------------------------------------------------------------------
2026-09-10 22:07:27     Stimulation port         :	2
                        Mode number              :	1
                        Accuracy                 :	9.79774e-05
                        Iterations               :	7
                        Solver time              :	1 s


                      ------------------------------------------------------------------------------
2026-09-10 22:07:27     Stimulation port         :	3
                        Mode number              :	1
                        Accuracy                 :	8.38994e-05
                        Iterations               :	5
                        Solver time              :	1 s


                      ------------------------------------------------------------------------------
2026-09-10 22:07:27     Total time               :	7 s

                      ------------------------------------------------------------------------------
2026-09-10 22:07:27   

                      ------------------------------------------------------------------------------
2026-09-10 22:07:27   Finished the general purpose interpolative broadband frequency sweep:
                      All broadband sweep convergence criteria have been satisfied after
                      calculating 11 frequency samples:

                        Broadband sweep error threshold value :  0.01 (All S-Parameters) 
                        Number of error criterion checks      :  2 (All S-Parameters) 
                        Minimum number of samples             :  3
                        Number of data samples, linear        :  1001

                      ------------------------------------------------------------------------------
2026-09-10 22:07:27     Number of mesh cells     :	51473
                        Degrees of freedom       :	343441
                        Total Solver Time        :	212 s	 (= 0 h, 03 m, 32 s)
                        Free disk space          :	105 GB
                      ================================================================================



                      ------------------------------------------------------------------------------
2026-09-10 22:07:28     ----------------------------------------------------------------------------
                                            Peak memory used (GB)         Free physical memory (GB) 
                                                                          At begin     Minimum      
                        ----------------------------------------------------------------------------
                        Solver start        0.026                         21.109       21.109       
                        Eq. system setup    0.862                         20.997       20.323       
                        Eq. system solve    1.016                         20.971       20.211       
                        Mesh refinement     0.513                         20.935       20.654       
                        Field monitor calc. 0.882                         20.428       20.350       
                        Solver run total    1.010                         21.109       20.211       

                        Computer name       DESKTOP-9C14OLV
                        ----------------------------------------------------------------------------


                      ------------------------------------------------------------------------------
2026-09-10 22:07:28   Running post-processing.

                      ------------------------------------------------------------------------------
2026-09-10 22:07:32   Post-processing finished.

                      ------------------------------------------------------------------------------
2026-09-10 22:07:32   Creating parametric 1D results for Run ID 1

                      ------------------------------------------------------------------------------
