2026-09-05 21:47:39   The length ratio between the shortest and the longest model edges is 1:5222.
                      Short model edges can be highlighted via Mesh:Mesh Control->Check Mesh->Check
                      Model Edge Length.... (It may be advantageous to model the metallizations as
                      infinitely thin sheets.) More...

                      ------------------------------------------------------------------------------
2026-09-05 21:47:43   Units settings: 

                        Dimensions: mil
                        Frequency:  GHz
                        Time:       ns

                      ------------------------------------------------------------------------------
2026-09-05 21:47:43   Boundary conditions: 

                        YZsymmetry: none
                        XZsymmetry: none
                        XYsymmetry: none

                        Xmin: expanded open
                        Xmax: expanded open

                        Ymin: electric
                        Ymax: electric

                        Zmin: expanded open
                        Zmax: electric

                      ------------------------------------------------------------------------------
2026-09-05 21:47:43   Order settings: 

                        Solver order   : 2nd (constant)
                        Curved elements: up to order 3 (automatic)

                      ------------------------------------------------------------------------------
2026-09-05 21:47:43     Mesh time                :	2 s


                      ------------------------------------------------------------------------------
2026-09-05 21:47:43   
                      ================================================================================
                      Frequency Domain Solver calculation cycle started

                      ------------------------------------------------------------------------------
2026-09-05 21:47:43   Solver started at: 2026-09-05 21:47:43 -0700

                        Module:  Frequency Domain: S-Parameter (Win 64)
                        Version: 2026.5 Release from 2026-06-18 (change 1767070)

                        Free disk space at solver start is 107 GB.


                      ------------------------------------------------------------------------------
2026-09-05 21:47:43   An iterative solver will be used first.

                      ------------------------------------------------------------------------------
2026-09-05 21:47:43   The wavelength based mesh refinement has been applied to 0.2% of all mesh edges.

                      ------------------------------------------------------------------------------
2026-09-05 21:47:43   For some elements the curvature had to be reduced to maintain the quality of the mesh. More...

                      ------------------------------------------------------------------------------
2026-09-05 21:47:44     Calculation 1 of 1 (Frequency: 13 GHz)


                      ------------------------------------------------------------------------------
2026-09-05 21:47:44   Using electric shielding for ports 1, 2, 3.

                      ------------------------------------------------------------------------------
2026-09-05 21:47:44   For some elements the curvature had to be reduced to maintain the quality of the mesh. More...

                      ------------------------------------------------------------------------------
2026-09-05 21:47:44   Running the PortModeSolver.

                      ------------------------------------------------------------------------------
2026-09-05 21:47:45   For some elements the curvature had to be reduced to maintain the quality of the mesh. More...

                      ------------------------------------------------------------------------------
2026-09-05 21:47:46   For some elements the curvature had to be reduced to maintain the quality of the mesh. More...

                      ------------------------------------------------------------------------------
2026-09-05 21:47:46   For some elements the curvature had to be reduced to maintain the quality of the mesh. More...

                      ------------------------------------------------------------------------------
2026-09-05 21:47:47   For some elements the curvature had to be reduced to maintain the quality of the mesh. More...

                      ------------------------------------------------------------------------------
2026-09-05 21:47:48   For some elements the curvature had to be reduced to maintain the quality of the mesh. More...

                      ------------------------------------------------------------------------------
2026-09-05 21:47:49   For some elements the curvature had to be reduced to maintain the quality of the mesh. More...

                      ------------------------------------------------------------------------------
2026-09-05 21:47:50   For some elements the curvature had to be reduced to maintain the quality of the mesh. More...

                      ------------------------------------------------------------------------------
2026-09-05 21:47:52   For some elements the curvature had to be reduced to maintain the quality of the mesh. More...

                      ------------------------------------------------------------------------------
2026-09-05 21:47:53   For some elements the curvature had to be reduced to maintain the quality of the mesh. More...

                      ------------------------------------------------------------------------------
2026-09-05 21:47:54     ----------------------------------------------------------------------------
                        Port   Mode   Type        Z-Wave        Z-Wave-Sigma  Z-Line        F-Cutoff
                        1      1      QTEM        227           15.3          48.8          ---
                        2      1      QTEM        226           10.7          48.8          ---
                        3      1      QTEM        227           16.1          48.8          ---
                        ----------------------------------------------------------------------------


                      ------------------------------------------------------------------------------
2026-09-05 21:47:54   Adaptive mesh refinement pass 1

                      ------------------------------------------------------------------------------
2026-09-05 21:47:55   Performing block excitation with block size 3 and 4 threads.  More...

                      ------------------------------------------------------------------------------
2026-09-05 21:47:58     Matrix setup time        :	0 s
                        Degrees of freedom       :	59163
                        Number of mesh cells     :	8824

                        Stimulation port         :	1
                        Mode number              :	1
                        Accuracy                 :	5.56376e-05
                        Iterations               :	93
                        Solver time              :	3 s


                      ------------------------------------------------------------------------------
2026-09-05 21:47:58     Stimulation port         :	2
                        Mode number              :	1
                        Accuracy                 :	7.95141e-05
                        Iterations               :	93
                        Solver time              :	3 s


                      ------------------------------------------------------------------------------
2026-09-05 21:47:58     Stimulation port         :	3
                        Mode number              :	1
                        Accuracy                 :	7.48133e-05
                        Iterations               :	96
                        Solver time              :	3 s


                      ------------------------------------------------------------------------------
2026-09-05 21:47:59   13% of all mesh edges seem to be longer than expected. The adaptive mesh refinement's growth limitation will therefore 
                      use 16044 instead of 8493 mesh cells as a reference.

                      ------------------------------------------------------------------------------
2026-09-05 21:48:00   For some elements the curvature had to be reduced to maintain the quality of the mesh. More...

                      ------------------------------------------------------------------------------
2026-09-05 21:48:00   Adaptive mesh refinement pass 2

                      ------------------------------------------------------------------------------
2026-09-05 21:48:06     Matrix setup time        :	0 s
                        Degrees of freedom       :	77279
                        Number of mesh cells     :	11518

                        Stimulation port         :	1
                        Mode number              :	1
                        Accuracy                 :	8.25662e-05
                        Iterations               :	103
                        Solver time              :	4 s


                      ------------------------------------------------------------------------------
2026-09-05 21:48:06     Stimulation port         :	2
                        Mode number              :	1
                        Accuracy                 :	6.1885e-05
                        Iterations               :	108
                        Solver time              :	4 s


                      ------------------------------------------------------------------------------
2026-09-05 21:48:06     Stimulation port         :	3
                        Mode number              :	1
                        Accuracy                 :	3.63306e-05
                        Iterations               :	103
                        Solver time              :	4 s


                      ------------------------------------------------------------------------------
2026-09-05 21:48:06     Delta calculation        
2026-09-05 21:48:06     All S-Parameters         :	0.131206
2026-09-05 21:48:06   

                      ------------------------------------------------------------------------------
2026-09-05 21:48:08   For some elements the curvature had to be reduced to maintain the quality of the mesh. More...

                      ------------------------------------------------------------------------------
2026-09-05 21:48:08   Adaptive mesh refinement pass 3

                      ------------------------------------------------------------------------------
2026-09-05 21:48:15     Matrix setup time        :	0 s
                        Degrees of freedom       :	114291
                        Number of mesh cells     :	17052

                        Stimulation port         :	1
                        Mode number              :	1
                        Accuracy                 :	8.44796e-05
                        Iterations               :	67
                        Solver time              :	5 s


                      ------------------------------------------------------------------------------
2026-09-05 21:48:15     Stimulation port         :	2
                        Mode number              :	1
                        Accuracy                 :	6.20834e-05
                        Iterations               :	82
                        Solver time              :	6 s


                      ------------------------------------------------------------------------------
2026-09-05 21:48:15     Stimulation port         :	3
                        Mode number              :	1
                        Accuracy                 :	8.5613e-05
                        Iterations               :	65
                        Solver time              :	4 s


                      ------------------------------------------------------------------------------
2026-09-05 21:48:16     Delta calculation        
2026-09-05 21:48:16     All S-Parameters         :	0.036696
2026-09-05 21:48:16   

                      ------------------------------------------------------------------------------
2026-09-05 21:48:18   For some elements the curvature had to be reduced to maintain the quality of the mesh. More...

                      ------------------------------------------------------------------------------
2026-09-05 21:48:19   Adaptive mesh refinement pass 4

                      ------------------------------------------------------------------------------
2026-09-05 21:48:25     Matrix setup time        :	1 s
                        Degrees of freedom       :	174859
                        Number of mesh cells     :	25993

                        Stimulation port         :	1
                        Mode number              :	1
                        Accuracy                 :	8.79543e-05
                        Iterations               :	44
                        Solver time              :	5 s


                      ------------------------------------------------------------------------------
2026-09-05 21:48:25     Stimulation port         :	2
                        Mode number              :	1
                        Accuracy                 :	8.17648e-05
                        Iterations               :	44
                        Solver time              :	5 s


                      ------------------------------------------------------------------------------
2026-09-05 21:48:25     Stimulation port         :	3
                        Mode number              :	1
                        Accuracy                 :	9.72615e-05
                        Iterations               :	43
                        Solver time              :	4 s


                      ------------------------------------------------------------------------------
2026-09-05 21:48:26     Delta calculation        
2026-09-05 21:48:26     All S-Parameters         :	0.0152391
2026-09-05 21:48:26   

                      ------------------------------------------------------------------------------
2026-09-05 21:48:26   Mesh adaptation terminated because the desired accuracy limit is reached.

                      ------------------------------------------------------------------------------
2026-09-05 21:48:26     Total time               :	42 s

                      ------------------------------------------------------------------------------
2026-09-05 21:48:26   

                      ------------------------------------------------------------------------------
2026-09-05 21:48:26     Calculation 2 (Frequency: 2 GHz)


                      ------------------------------------------------------------------------------
2026-09-05 21:48:26   Running the PortModeSolver.

                      ------------------------------------------------------------------------------
2026-09-05 21:48:28     ----------------------------------------------------------------------------
                        Port   Mode   Type        Z-Wave        Z-Wave-Sigma  Z-Line        F-Cutoff
                        1      1      QTEM        231           13.6          49.1          ---
                        2      1      QTEM        230           10.5          49.1          ---
                        3      1      QTEM        231           15            49.1          ---
                        ----------------------------------------------------------------------------


                      ------------------------------------------------------------------------------
2026-09-05 21:48:33     Matrix setup time        :	0 s
                        Degrees of freedom       :	174859
                        Number of mesh cells     :	25993

                        Stimulation port         :	1
                        Mode number              :	1
                        Accuracy                 :	9.64932e-05
                        Iterations               :	32
                        Solver time              :	4 s


                      ------------------------------------------------------------------------------
2026-09-05 21:48:33     Stimulation port         :	2
                        Mode number              :	1
                        Accuracy                 :	8.60435e-05
                        Iterations               :	33
                        Solver time              :	4 s


                      ------------------------------------------------------------------------------
2026-09-05 21:48:33     Stimulation port         :	3
                        Mode number              :	1
                        Accuracy                 :	7.39377e-05
                        Iterations               :	32
                        Solver time              :	4 s


                      ------------------------------------------------------------------------------
2026-09-05 21:48:33     Total time               :	6 s

                      ------------------------------------------------------------------------------
2026-09-05 21:48:33   

                      ------------------------------------------------------------------------------
2026-09-05 21:48:33     Calculation 3 (Frequency: 7.5 GHz)


                      ------------------------------------------------------------------------------
2026-09-05 21:48:33   Running the PortModeSolver.

                      ------------------------------------------------------------------------------
2026-09-05 21:48:34     ----------------------------------------------------------------------------
                        Port   Mode   Type        Z-Wave        Z-Wave-Sigma  Z-Line        F-Cutoff
                        1      1      QTEM        229           14.1          48.8          ---
                        2      1      QTEM        229           10.9          48.8          ---
                        3      1      QTEM        229           14.9          48.8          ---
                        ----------------------------------------------------------------------------


                      ------------------------------------------------------------------------------
2026-09-05 21:48:41     Matrix setup time        :	0 s
                        Degrees of freedom       :	174859
                        Number of mesh cells     :	25993

                        Stimulation port         :	1
                        Mode number              :	1
                        Accuracy                 :	8.25594e-05
                        Iterations               :	36
                        Solver time              :	4 s


                      ------------------------------------------------------------------------------
2026-09-05 21:48:41     Stimulation port         :	2
                        Mode number              :	1
                        Accuracy                 :	4.53755e-05
                        Iterations               :	39
                        Solver time              :	4 s


                      ------------------------------------------------------------------------------
2026-09-05 21:48:41     Stimulation port         :	3
                        Mode number              :	1
                        Accuracy                 :	7.03444e-05
                        Iterations               :	33
                        Solver time              :	4 s


                      ------------------------------------------------------------------------------
2026-09-05 21:48:41     Total time               :	7 s

                      ------------------------------------------------------------------------------
2026-09-05 21:48:41   

                      ------------------------------------------------------------------------------
2026-09-05 21:48:41     Calculation 4 (Frequency: 10.25 GHz)


                      ------------------------------------------------------------------------------
2026-09-05 21:48:41   Running the PortModeSolver.

                      ------------------------------------------------------------------------------
2026-09-05 21:48:42     ----------------------------------------------------------------------------
                        Port   Mode   Type        Z-Wave        Z-Wave-Sigma  Z-Line        F-Cutoff
                        1      1      QTEM        228           14.7          48.7          ---
                        2      1      QTEM        227           10.6          48.8          ---
                        3      1      QTEM        228           15.5          48.7          ---
                        ----------------------------------------------------------------------------


                      ------------------------------------------------------------------------------
2026-09-05 21:48:48     Matrix setup time        :	0 s
                        Degrees of freedom       :	174859
                        Number of mesh cells     :	25993

                        Stimulation port         :	1
                        Mode number              :	1
                        Accuracy                 :	4.15544e-05
                        Iterations               :	45
                        Solver time              :	5 s


                      ------------------------------------------------------------------------------
2026-09-05 21:48:48     Stimulation port         :	2
                        Mode number              :	1
                        Accuracy                 :	6.15352e-05
                        Iterations               :	40
                        Solver time              :	4 s


                      ------------------------------------------------------------------------------
2026-09-05 21:48:48     Stimulation port         :	3
                        Mode number              :	1
                        Accuracy                 :	5.45549e-05
                        Iterations               :	40
                        Solver time              :	4 s


                      ------------------------------------------------------------------------------
2026-09-05 21:48:49     Total time               :	7 s

                      ------------------------------------------------------------------------------
2026-09-05 21:48:49   

                      ------------------------------------------------------------------------------
2026-09-05 21:48:49     Calculation 5 (Frequency: 4.992 GHz)


                      ------------------------------------------------------------------------------
2026-09-05 21:48:49   Running the PortModeSolver.

                      ------------------------------------------------------------------------------
2026-09-05 21:48:50     ----------------------------------------------------------------------------
                        Port   Mode   Type        Z-Wave        Z-Wave-Sigma  Z-Line        F-Cutoff
                        1      1      QTEM        230           13.6          49            ---
                        2      1      QTEM        230           10.7          49            ---
                        3      1      QTEM        230           14.4          49            ---
                        ----------------------------------------------------------------------------


                      ------------------------------------------------------------------------------
2026-09-05 21:48:56     Matrix setup time        :	0 s
                        Degrees of freedom       :	174859
                        Number of mesh cells     :	25993

                        Stimulation port         :	1
                        Mode number              :	1
                        Accuracy                 :	7.86738e-05
                        Iterations               :	34
                        Solver time              :	3 s


                      ------------------------------------------------------------------------------
2026-09-05 21:48:56     Stimulation port         :	2
                        Mode number              :	1
                        Accuracy                 :	5.76836e-05
                        Iterations               :	34
                        Solver time              :	3 s


                      ------------------------------------------------------------------------------
2026-09-05 21:48:56     Stimulation port         :	3
                        Mode number              :	1
                        Accuracy                 :	4.9736e-05
                        Iterations               :	34
                        Solver time              :	3 s


                      ------------------------------------------------------------------------------
2026-09-05 21:48:56     Total time               :	6 s

                      ------------------------------------------------------------------------------
2026-09-05 21:48:56   

                      ------------------------------------------------------------------------------
2026-09-05 21:48:56     Calculation 6 (Frequency: 10.019 GHz)


                      ------------------------------------------------------------------------------
2026-09-05 21:48:56   Running the PortModeSolver.

                      ------------------------------------------------------------------------------
2026-09-05 21:48:57     ----------------------------------------------------------------------------
                        Port   Mode   Type        Z-Wave        Z-Wave-Sigma  Z-Line        F-Cutoff
                        1      1      QTEM        228           14.6          48.7          ---
                        2      1      QTEM        227           10.5          48.8          ---
                        3      1      QTEM        228           15.4          48.7          ---
                        ----------------------------------------------------------------------------


                      ------------------------------------------------------------------------------
2026-09-05 21:49:00     Matrix setup time        :	0 s
                        Degrees of freedom       :	174859
                        Number of mesh cells     :	25993

                        Stimulation port         :	1
                        Mode number              :	1
                        Accuracy                 :	9.31478e-05
                        Iterations               :	12
                        Solver time              :	1 s


                      ------------------------------------------------------------------------------
2026-09-05 21:49:00     Stimulation port         :	2
                        Mode number              :	1
                        Accuracy                 :	5.70798e-05
                        Iterations               :	12
                        Solver time              :	1 s


                      ------------------------------------------------------------------------------
2026-09-05 21:49:00     Stimulation port         :	3
                        Mode number              :	1
                        Accuracy                 :	4.85561e-05
                        Iterations               :	12
                        Solver time              :	1 s


                      ------------------------------------------------------------------------------
2026-09-05 21:49:01     Total time               :	4 s

                      ------------------------------------------------------------------------------
2026-09-05 21:49:01   

                      ------------------------------------------------------------------------------
2026-09-05 21:49:01     Calculation 7 (Frequency: 3.144 GHz)


                      ------------------------------------------------------------------------------
2026-09-05 21:49:01   Running the PortModeSolver.

                      ------------------------------------------------------------------------------
2026-09-05 21:49:02     ----------------------------------------------------------------------------
                        Port   Mode   Type        Z-Wave        Z-Wave-Sigma  Z-Line        F-Cutoff
                        1      1      QTEM        231           13.7          49.1          ---
                        2      1      QTEM        230           10.6          49.1          ---
                        3      1      QTEM        231           15.1          49.1          ---
                        ----------------------------------------------------------------------------


                      ------------------------------------------------------------------------------
2026-09-05 21:49:06     Matrix setup time        :	0 s
                        Degrees of freedom       :	174859
                        Number of mesh cells     :	25993

                        Stimulation port         :	1
                        Mode number              :	1
                        Accuracy                 :	7.48422e-05
                        Iterations               :	20
                        Solver time              :	2 s


                      ------------------------------------------------------------------------------
2026-09-05 21:49:06     Stimulation port         :	2
                        Mode number              :	1
                        Accuracy                 :	9.08077e-05
                        Iterations               :	17
                        Solver time              :	2 s


                      ------------------------------------------------------------------------------
2026-09-05 21:49:06     Stimulation port         :	3
                        Mode number              :	1
                        Accuracy                 :	8.25025e-05
                        Iterations               :	19
                        Solver time              :	2 s


                      ------------------------------------------------------------------------------
2026-09-05 21:49:06     Total time               :	5 s

                      ------------------------------------------------------------------------------
2026-09-05 21:49:06   

                      ------------------------------------------------------------------------------
2026-09-05 21:49:06     Calculation 8 (Frequency: 11.944 GHz)


                      ------------------------------------------------------------------------------
2026-09-05 21:49:06   Running the PortModeSolver.

                      ------------------------------------------------------------------------------
2026-09-05 21:49:07     ----------------------------------------------------------------------------
                        Port   Mode   Type        Z-Wave        Z-Wave-Sigma  Z-Line        F-Cutoff
                        1      1      QTEM        228           15.1          48.8          ---
                        2      1      QTEM        226           10.8          48.8          ---
                        3      1      QTEM        228           15.8          48.8          ---
                        ----------------------------------------------------------------------------


                      ------------------------------------------------------------------------------
2026-09-05 21:49:12     Matrix setup time        :	0 s
                        Degrees of freedom       :	174859
                        Number of mesh cells     :	25993

                        Stimulation port         :	1
                        Mode number              :	1
                        Accuracy                 :	9.27536e-05
                        Iterations               :	24
                        Solver time              :	2 s


                      ------------------------------------------------------------------------------
2026-09-05 21:49:12     Stimulation port         :	2
                        Mode number              :	1
                        Accuracy                 :	8.50126e-05
                        Iterations               :	23
                        Solver time              :	2 s


                      ------------------------------------------------------------------------------
2026-09-05 21:49:12     Stimulation port         :	3
                        Mode number              :	1
                        Accuracy                 :	7.06132e-05
                        Iterations               :	23
                        Solver time              :	2 s


                      ------------------------------------------------------------------------------
2026-09-05 21:49:12     Total time               :	5 s

                      ------------------------------------------------------------------------------
2026-09-05 21:49:12   

                      ------------------------------------------------------------------------------
2026-09-05 21:49:12     Calculation 9 (Frequency: 5.762 GHz)


                      ------------------------------------------------------------------------------
2026-09-05 21:49:12   Running the PortModeSolver.

                      ------------------------------------------------------------------------------
2026-09-05 21:49:14     ----------------------------------------------------------------------------
                        Port   Mode   Type        Z-Wave        Z-Wave-Sigma  Z-Line        F-Cutoff
                        1      1      QTEM        230           13.8          48.9          ---
                        2      1      QTEM        229           10.8          48.9          ---
                        3      1      QTEM        230           14.6          48.9          ---
                        ----------------------------------------------------------------------------


                      ------------------------------------------------------------------------------
2026-09-05 21:49:17     Matrix setup time        :	0 s
                        Degrees of freedom       :	174859
                        Number of mesh cells     :	25993

                        Stimulation port         :	1
                        Mode number              :	1
                        Accuracy                 :	9.44746e-05
                        Iterations               :	9
                        Solver time              :	1 s


                      ------------------------------------------------------------------------------
2026-09-05 21:49:17     Stimulation port         :	2
                        Mode number              :	1
                        Accuracy                 :	8.96434e-05
                        Iterations               :	8
                        Solver time              :	1 s


                      ------------------------------------------------------------------------------
2026-09-05 21:49:17     Stimulation port         :	3
                        Mode number              :	1
                        Accuracy                 :	6.02834e-05
                        Iterations               :	9
                        Solver time              :	1 s


                      ------------------------------------------------------------------------------
2026-09-05 21:49:17     Total time               :	4 s

                      ------------------------------------------------------------------------------
2026-09-05 21:49:17   

                      ------------------------------------------------------------------------------
2026-09-05 21:49:17     Calculation 10 (Frequency: 3.65 GHz)


                      ------------------------------------------------------------------------------
2026-09-05 21:49:17   Running the PortModeSolver.

                      ------------------------------------------------------------------------------
2026-09-05 21:49:18     ----------------------------------------------------------------------------
                        Port   Mode   Type        Z-Wave        Z-Wave-Sigma  Z-Line        F-Cutoff
                        1      1      QTEM        231           13.8          49            ---
                        2      1      QTEM        230           10.6          49            ---
                        3      1      QTEM        230           14.3          49            ---
                        ----------------------------------------------------------------------------


                      ------------------------------------------------------------------------------
2026-09-05 21:49:21     Matrix setup time        :	0 s
                        Degrees of freedom       :	174859
                        Number of mesh cells     :	25993

                        Stimulation port         :	1
                        Mode number              :	1
                        Accuracy                 :	7.99383e-05
                        Iterations               :	5
                        Solver time              :	0 s


                      ------------------------------------------------------------------------------
2026-09-05 21:49:21     Stimulation port         :	2
                        Mode number              :	1
                        Accuracy                 :	7.64647e-05
                        Iterations               :	5
                        Solver time              :	0 s


                      ------------------------------------------------------------------------------
2026-09-05 21:49:21     Stimulation port         :	3
                        Mode number              :	1
                        Accuracy                 :	8.211e-05
                        Iterations               :	5
                        Solver time              :	0 s


                      ------------------------------------------------------------------------------
2026-09-05 21:49:21     Total time               :	3 s

                      ------------------------------------------------------------------------------
2026-09-05 21:49:21   

                      ------------------------------------------------------------------------------
2026-09-05 21:49:21     Calculation 11 (Frequency: 2.704 GHz)


                      ------------------------------------------------------------------------------
2026-09-05 21:49:21   Running the PortModeSolver.

                      ------------------------------------------------------------------------------
2026-09-05 21:49:23     ----------------------------------------------------------------------------
                        Port   Mode   Type        Z-Wave        Z-Wave-Sigma  Z-Line        F-Cutoff
                        1      1      QTEM        231           13.7          49.1          ---
                        2      1      QTEM        230           10.5          49.1          ---
                        3      1      QTEM        231           15.1          49.1          ---
                        ----------------------------------------------------------------------------


                      ------------------------------------------------------------------------------
2026-09-05 21:49:26     Matrix setup time        :	0 s
                        Solver setup             :	1 s
                        Degrees of freedom       :	174859
                        Number of mesh cells     :	25993

                        Stimulation port         :	1
                        Mode number              :	1
                        Accuracy                 :	6.9083e-05
                        Iterations               :	5
                        Solver time              :	0 s


                      ------------------------------------------------------------------------------
2026-09-05 21:49:26     Stimulation port         :	2
                        Mode number              :	1
                        Accuracy                 :	7.62276e-05
                        Iterations               :	5
                        Solver time              :	0 s


                      ------------------------------------------------------------------------------
2026-09-05 21:49:26     Stimulation port         :	3
                        Mode number              :	1
                        Accuracy                 :	6.94384e-05
                        Iterations               :	5
                        Solver time              :	0 s


                      ------------------------------------------------------------------------------
2026-09-05 21:49:26     Total time               :	4 s

                      ------------------------------------------------------------------------------
2026-09-05 21:49:26   

                      ------------------------------------------------------------------------------
2026-09-05 21:49:26     Calculation 12 (Frequency: 8.776 GHz)


                      ------------------------------------------------------------------------------
2026-09-05 21:49:26   Running the PortModeSolver.

                      ------------------------------------------------------------------------------
2026-09-05 21:49:27     ----------------------------------------------------------------------------
                        Port   Mode   Type        Z-Wave        Z-Wave-Sigma  Z-Line        F-Cutoff
                        1      1      QTEM        229           14.4          48.8          ---
                        2      1      QTEM        228           10.8          48.8          ---
                        3      1      QTEM        229           15.2          48.8          ---
                        ----------------------------------------------------------------------------


                      ------------------------------------------------------------------------------
2026-09-05 21:49:31     Matrix setup time        :	0 s
                        Solver setup             :	1 s
                        Degrees of freedom       :	174859
                        Number of mesh cells     :	25993

                        Stimulation port         :	1
                        Mode number              :	1
                        Accuracy                 :	7.96661e-05
                        Iterations               :	11
                        Solver time              :	1 s


                      ------------------------------------------------------------------------------
2026-09-05 21:49:31     Stimulation port         :	2
                        Mode number              :	1
                        Accuracy                 :	6.38059e-05
                        Iterations               :	11
                        Solver time              :	1 s


                      ------------------------------------------------------------------------------
2026-09-05 21:49:31     Stimulation port         :	3
                        Mode number              :	1
                        Accuracy                 :	7.3719e-05
                        Iterations               :	11
                        Solver time              :	1 s


                      ------------------------------------------------------------------------------
2026-09-05 21:49:31     Total time               :	4 s

                      ------------------------------------------------------------------------------
2026-09-05 21:49:31   

                      ------------------------------------------------------------------------------
2026-09-05 21:49:31     Calculation 13 (Frequency: 6.983 GHz)


                      ------------------------------------------------------------------------------
2026-09-05 21:49:31   Running the PortModeSolver.

                      ------------------------------------------------------------------------------
2026-09-05 21:49:32     ----------------------------------------------------------------------------
                        Port   Mode   Type        Z-Wave        Z-Wave-Sigma  Z-Line        F-Cutoff
                        1      1      QTEM        229           14            48.8          ---
                        2      1      QTEM        229           10.7          48.8          ---
                        3      1      QTEM        229           14.8          48.8          ---
                        ----------------------------------------------------------------------------


                      ------------------------------------------------------------------------------
2026-09-05 21:49:35     Matrix setup time        :	0 s
                        Solver setup             :	1 s
                        Degrees of freedom       :	174859
                        Number of mesh cells     :	25993

                        Stimulation port         :	1
                        Mode number              :	1
                        Accuracy                 :	9.17278e-05
                        Iterations               :	5
                        Solver time              :	0 s


                      ------------------------------------------------------------------------------
2026-09-05 21:49:35     Stimulation port         :	2
                        Mode number              :	1
                        Accuracy                 :	5.37377e-05
                        Iterations               :	5
                        Solver time              :	0 s


                      ------------------------------------------------------------------------------
2026-09-05 21:49:35     Stimulation port         :	3
                        Mode number              :	1
                        Accuracy                 :	6.00249e-05
                        Iterations               :	5
                        Solver time              :	0 s


                      ------------------------------------------------------------------------------
2026-09-05 21:49:35     Total time               :	4 s

                      ------------------------------------------------------------------------------
2026-09-05 21:49:35   

                      ------------------------------------------------------------------------------
2026-09-05 21:49:35   Finished the general purpose interpolative broadband frequency sweep:
                      All broadband sweep convergence criteria have been satisfied after
                      calculating 13 frequency samples:

                        Broadband sweep error threshold value :  0.01 (All S-Parameters) 
                        Number of error criterion checks      :  2 (All S-Parameters) 
                        Minimum number of samples             :  3
                        Number of data samples, linear        :  1001

                      ------------------------------------------------------------------------------
2026-09-05 21:49:35     Number of mesh cells     :	25993
                        Degrees of freedom       :	174859
                        Total Solver Time        :	113 s	 (= 0 h, 01 m, 53 s)
                        Free disk space          :	107 GB
                      ================================================================================



                      ------------------------------------------------------------------------------
2026-09-05 21:49:36     ----------------------------------------------------------------------------
                                            Peak memory used (GB)         Free physical memory (GB) 
                                                                          At begin     Minimum      
                        ----------------------------------------------------------------------------
                        Solver start        0.025                         18.477       18.477       
                        Eq. system setup    0.545                         18.336       17.970       
                        Eq. system solve    0.616                         18.306       17.923       
                        Mesh refinement     0.319                         18.277       18.171       
                        Field monitor calc. 0.552                         18.084       17.975       
                        Solver run total    0.609                         18.477       17.927       

                        Computer name       DESKTOP-9C14OLV
                        ----------------------------------------------------------------------------


                      ------------------------------------------------------------------------------
2026-09-05 21:49:36   Running post-processing.

                      ------------------------------------------------------------------------------
2026-09-05 21:49:38   Post-processing finished.

                      ------------------------------------------------------------------------------
2026-09-05 21:49:38   Creating parametric 1D results for Run ID 1

                      ------------------------------------------------------------------------------
