This is pdfTeX, Version 3.141592653-2.6-1.40.27 (TeX Live 2025) (preloaded format=pdflatex 2025.5.1)  7 OCT 2026 17:28
entering extended mode
 restricted \write18 enabled.
 %&-line parsing enabled.
**jpp-instructions.tex
(./jpp-instructions.tex
LaTeX2e <2024-11-01> patch level 2
L3 programming layer <2025-04-14>
(./jpp.cls
Document Class: jpp 2006/11/13 v1.27 Journal of Plasma Physics document class

(d:/Program Files (x86)/texlive/2025/texmf-dist/tex/latex/graphics/graphicx.sty
Package: graphicx 2021/09/16 v1.2d Enhanced LaTeX Graphics (DPC,SPQR)
(d:/Program Files (x86)/texlive/2025/texmf-dist/tex/latex/graphics/keyval.sty
Package: keyval 2022/05/29 v1.15 key=value parser (DPC)
\KV@toks@=\toks17
)
(d:/Program Files (x86)/texlive/2025/texmf-dist/tex/latex/graphics/graphics.sty
Package: graphics 2024/08/06 v1.4g Standard LaTeX Graphics (DPC,SPQR)
(d:/Program Files (x86)/texlive/2025/texmf-dist/tex/latex/graphics/trig.sty
Package: trig 2023/12/02 v1.11 sin cos tan (DPC)
)
(d:/Program Files (x86)/texlive/2025/texmf-dist/tex/latex/graphics-cfg/graphics
.cfg
File: graphics.cfg 2016/06/04 v1.11 sample graphics configuration
)
Package graphics Info: Driver file: pdftex.def on input line 106.

(d:/Program Files (x86)/texlive/2025/texmf-dist/tex/latex/graphics-def/pdftex.d
ef
File: pdftex.def 2024/04/13 v1.2c Graphics/color driver for pdftex
))
\Gin@req@height=\dimen146
\Gin@req@width=\dimen147
)
(d:/Program Files (x86)/texlive/2025/texmf-dist/tex/latex/etoolbox/etoolbox.sty
Package: etoolbox 2025/02/11 v2.5l e-TeX tools for LaTeX (JAW)
\etb@tempcnta=\count272
)
LaTeX Info: Redefining \textsfbi on input line 183.
LaTeX Font Info:    Redeclaring math alphabet \mathsfbi on input line 183.
LaTeX Font Info:    Overwriting math alphabet `\mathsfbi' in version `normal'
(Font)                  OT1/cmss/m/sl --> T1/phv/b/it on input line 183.
LaTeX Font Info:    Overwriting math alphabet `\mathsfbi' in version `bold'
(Font)                  OT1/cmss/m/sl --> T1/phv/b/it on input line 183.
LaTeX Info: Redefining \textsfbi on input line 187.
LaTeX Font Info:    Redeclaring math alphabet \mathsfbi on input line 187.
LaTeX Font Info:    Overwriting math alphabet `\mathsfbi' in version `normal'
(Font)                  T1/phv/b/it --> OT1/phv/b/it on input line 187.
LaTeX Font Info:    Overwriting math alphabet `\mathsfbi' in version `bold'
(Font)                  T1/phv/b/it --> OT1/phv/b/it on input line 187.
\halflineskip=\skip49
\affilskip=\skip50
\c@part=\count273
\c@section=\count274
\c@subsection=\count275
\c@subsubsection=\count276
\c@paragraph=\count277
\@indentskip=\skip51
\smallindent=\skip52
\@footindent=\skip53
\@leftskip=\skip54
\proofbox=\box53
\rpbdim=\skip55
\@stequation=\toks18
\c@subequation=\count278
\c@table=\count279
\c@figure=\count280
LaTeX Info: Redefining \cite on input line 1216.
\astrutbox=\box54


Found the 'amsbsy' package on the system, using it.

(./AMSbsy.sty
Package: amsbsy 1995/01/20 v1.2
 (./AMSgen.sty
File: amsgen.sty 1995/02/01 v1.2a
\@emptytoks=\toks19
\ex@=\dimen148
)
\pmbraise@=\dimen149
)


Found AMS Euler Roman fonts on the system, using the 'upmath' package.

(./upmath.sty
Package: upmath 1996/10/20 v1.0 CUP LaTeX2e package
\c@mv@upright=\count281
\c@mv@boldupright=\count282
LaTeX Font Info:    Overwriting symbol font `letters' in version `upright'
(Font)                  OML/cmm/m/it --> OML/eur/m/n on input line 65.
LaTeX Font Info:    Overwriting symbol font `letters' in version `boldupright'
(Font)                  OML/cmm/m/it --> OML/eur/b/n on input line 66.
)


Found AMS Symbol fonts on the system, using the 'amssymb' package.

(./AMSsymb.sty
Package: amssymb 1995/02/01 v2.2a
 (./AMSfonts.sty
Package: amsfonts 1995/02/01 v2.2b
\symAMSa=\mathgroup4
\symAMSb=\mathgroup5
LaTeX Font Info:    Redeclaring math symbol \hbar on input line 119.
LaTeX Font Info:    Overwriting math alphabet `\mathfrak' in version `bold'
(Font)                  U/euf/m/n --> U/euf/b/n on input line 128.
)))
(d:/Program Files (x86)/texlive/2025/texmf-dist/tex/latex/epstopdf-pkg/epstopdf
.sty
Package: epstopdf 2020-01-24 v2.11 Conversion with epstopdf on the fly (HO)

(d:/Program Files (x86)/texlive/2025/texmf-dist/tex/generic/infwarerr/infwarerr
.sty
Package: infwarerr 2019/12/03 v1.5 Providing info/warning/error messages (HO)
)
(d:/Program Files (x86)/texlive/2025/texmf-dist/tex/latex/grfext/grfext.sty
Package: grfext 2019/12/03 v1.3 Manage graphics extensions (HO)

(d:/Program Files (x86)/texlive/2025/texmf-dist/tex/generic/kvdefinekeys/kvdefi
nekeys.sty
Package: kvdefinekeys 2019-12-19 v1.6 Define keys (HO)
))
(d:/Program Files (x86)/texlive/2025/texmf-dist/tex/latex/kvoptions/kvoptions.s
ty
Package: kvoptions 2022-06-15 v3.15 Key value format for package options (HO)

(d:/Program Files (x86)/texlive/2025/texmf-dist/tex/generic/ltxcmds/ltxcmds.sty
Package: ltxcmds 2023-12-04 v1.26 LaTeX kernel commands for general use (HO)
)
(d:/Program Files (x86)/texlive/2025/texmf-dist/tex/latex/kvsetkeys/kvsetkeys.s
ty
Package: kvsetkeys 2022-10-05 v1.19 Key value parser (HO)
))
(d:/Program Files (x86)/texlive/2025/texmf-dist/tex/generic/pdftexcmds/pdftexcm
ds.sty
Package: pdftexcmds 2020-06-27 v0.33 Utility functions of pdfTeX for LuaTeX (HO
)

(d:/Program Files (x86)/texlive/2025/texmf-dist/tex/generic/iftex/iftex.sty
Package: iftex 2024/12/12 v1.0g TeX engine tests
)
Package pdftexcmds Info: \pdf@primitive is available.
Package pdftexcmds Info: \pdf@ifprimitive is available.
Package pdftexcmds Info: \pdfdraftmode found.
)
(d:/Program Files (x86)/texlive/2025/texmf-dist/tex/latex/epstopdf-pkg/epstopdf
-base.sty
Package: epstopdf-base 2020-01-24 v2.11 Base part for package epstopdf
Package epstopdf-base Info: Redefining graphics rule for `.eps' on input line 4
85.
Package grfext Info: Graphics extension search list:
(grfext)             [.pdf,.png,.jpg,.mps,.jpeg,.jbig2,.jb2,.PDF,.PNG,.JPG,.JPE
G,.JBIG2,.JB2,.eps]
(grfext)             \AppendGraphicsExtensions on input line 504.

(d:/Program Files (x86)/texlive/2025/texmf-dist/tex/latex/latexconfig/epstopdf-
sys.cfg
File: epstopdf-sys.cfg 2010/07/13 v1.3 Configuration of (r)epstopdf for TeX Liv
e
)))
(d:/Program Files (x86)/texlive/2025/texmf-dist/tex/latex/graphics/epsfig.sty
Package: epsfig 2024/01/14 v1.7b (e)psfig emulation (SPQR)
\epsfxsize=\dimen150
\epsfysize=\dimen151
)
(d:/Program Files (x86)/texlive/2025/texmf-dist/tex/latex/hyperref/hyperref.sty
Package: hyperref 2024-11-05 v7.01l Hypertext links for LaTeX

(d:/Program Files (x86)/texlive/2025/texmf-dist/tex/generic/pdfescape/pdfescape
.sty
Package: pdfescape 2019/12/09 v1.15 Implements pdfTeX's escape features (HO)
)
(d:/Program Files (x86)/texlive/2025/texmf-dist/tex/latex/hycolor/hycolor.sty
Package: hycolor 2020-01-27 v1.10 Color options for hyperref/bookmark (HO)
)
(d:/Program Files (x86)/texlive/2025/texmf-dist/tex/latex/hyperref/nameref.sty
Package: nameref 2023-11-26 v2.56 Cross-referencing by name of section

(d:/Program Files (x86)/texlive/2025/texmf-dist/tex/latex/refcount/refcount.sty
Package: refcount 2019/12/15 v3.6 Data extraction from label references (HO)
)
(d:/Program Files (x86)/texlive/2025/texmf-dist/tex/generic/gettitlestring/gett
itlestring.sty
Package: gettitlestring 2019/12/15 v1.6 Cleanup title references (HO)
)
\c@section@level=\count283
)
(d:/Program Files (x86)/texlive/2025/texmf-dist/tex/generic/stringenc/stringenc
.sty
Package: stringenc 2019/11/29 v1.12 Convert strings between diff. encodings (HO
)
)
\@linkdim=\dimen152
\Hy@linkcounter=\count284
\Hy@pagecounter=\count285

(d:/Program Files (x86)/texlive/2025/texmf-dist/tex/latex/hyperref/pd1enc.def
File: pd1enc.def 2024-11-05 v7.01l Hyperref: PDFDocEncoding definition (HO)
Now handling font encoding PD1 ...
... no UTF-8 mapping file for font encoding PD1
)
(d:/Program Files (x86)/texlive/2025/texmf-dist/tex/generic/intcalc/intcalc.sty
Package: intcalc 2019/12/15 v1.3 Expandable calculations with integers (HO)
)
\Hy@SavedSpaceFactor=\count286
 (d:/Program Files (x86)/texlive/2025/texmf-dist/tex/latex/hyperref/puenc.def
File: puenc.def 2024-11-05 v7.01l Hyperref: PDF Unicode definition (HO)
Now handling font encoding PU ...
... no UTF-8 mapping file for font encoding PU
)
Package hyperref Info: Hyper figures OFF on input line 4157.
Package hyperref Info: Link nesting OFF on input line 4162.
Package hyperref Info: Hyper index ON on input line 4165.
Package hyperref Info: Plain pages OFF on input line 4172.
Package hyperref Info: Backreferencing OFF on input line 4177.
Package hyperref Info: Implicit mode ON; LaTeX internals redefined.
Package hyperref Info: Bookmarks ON on input line 4424.
\c@Hy@tempcnt=\count287
(d:/Program Files (x86)/texlive/2025/texmf-dist/tex/latex/url/url.sty
\Urlmuskip=\muskip17
Package: url 2013/09/16  ver 3.4  Verb mode for urls, etc.
)
LaTeX Info: Redefining \url on input line 4763.
\XeTeXLinkMargin=\dimen153

(d:/Program Files (x86)/texlive/2025/texmf-dist/tex/generic/bitset/bitset.sty
Package: bitset 2019/12/09 v1.3 Handle bit-vector datatype (HO)

(d:/Program Files (x86)/texlive/2025/texmf-dist/tex/generic/bigintcalc/bigintca
lc.sty
Package: bigintcalc 2019/12/15 v1.5 Expandable calculations on big integers (HO
)
))
\Fld@menulength=\count288
\Field@Width=\dimen154
\Fld@charsize=\dimen155
Package hyperref Info: Hyper figures OFF on input line 6042.
Package hyperref Info: Link nesting OFF on input line 6047.
Package hyperref Info: Hyper index ON on input line 6050.
Package hyperref Info: backreferencing OFF on input line 6057.
Package hyperref Info: Link coloring OFF on input line 6062.
Package hyperref Info: Link coloring with OCG OFF on input line 6067.
Package hyperref Info: PDF/A mode OFF on input line 6072.

(d:/Program Files (x86)/texlive/2025/texmf-dist/tex/latex/base/atbegshi-ltx.sty
Package: atbegshi-ltx 2021/01/10 v1.0c Emulation of the original atbegshi
package with kernel methods
)
\Hy@abspage=\count289
\c@Item=\count290
\c@Hfootnote=\count291
)
Package hyperref Info: Driver (autodetected): hpdftex.

(d:/Program Files (x86)/texlive/2025/texmf-dist/tex/latex/hyperref/hpdftex.def
File: hpdftex.def 2024-11-05 v7.01l Hyperref driver for pdfTeX

(d:/Program Files (x86)/texlive/2025/texmf-dist/tex/latex/base/atveryend-ltx.st
y
Package: atveryend-ltx 2020/08/19 v1.0a Emulation of the original atveryend pac
kage
with kernel methods
)
\Fld@listcount=\count292
\c@bookmark@seq@number=\count293

(d:/Program Files (x86)/texlive/2025/texmf-dist/tex/latex/rerunfilecheck/rerunf
ilecheck.sty
Package: rerunfilecheck 2022-07-10 v1.10 Rerun checks for auxiliary files (HO)

(d:/Program Files (x86)/texlive/2025/texmf-dist/tex/generic/uniquecounter/uniqu
ecounter.sty
Package: uniquecounter 2019/12/15 v1.4 Provide unlimited unique counter (HO)
)
Package uniquecounter Info: New unique counter `rerunfilecheck' on input line 2
85.
)
\Hy@SectionHShift=\skip56
)
(d:/Program Files (x86)/texlive/2025/texmf-dist/tex/latex/amsmath/amsmath.sty
Package: amsmath 2024/11/05 v2.17t AMS math features
\@mathmargin=\skip57

For additional information on amsmath, use the `?' option.
(d:/Program Files (x86)/texlive/2025/texmf-dist/tex/latex/amsmath/amstext.sty
Package: amstext 2021/08/26 v2.01 AMS text
)
(d:/Program Files (x86)/texlive/2025/texmf-dist/tex/latex/amsmath/amsopn.sty
Package: amsopn 2022/04/08 v2.04 operator names
)
\inf@bad=\count294
LaTeX Info: Redefining \frac on input line 233.
\uproot@=\count295
\leftroot@=\count296
LaTeX Info: Redefining \overline on input line 398.
LaTeX Info: Redefining \colon on input line 409.
\classnum@=\count297
\DOTSCASE@=\count298
LaTeX Info: Redefining \ldots on input line 495.
LaTeX Info: Redefining \dots on input line 498.
LaTeX Info: Redefining \cdots on input line 619.
\Mathstrutbox@=\box55
\strutbox@=\box56
LaTeX Info: Redefining \big on input line 721.
LaTeX Info: Redefining \Big on input line 722.
LaTeX Info: Redefining \bigg on input line 723.
LaTeX Info: Redefining \Bigg on input line 724.
\big@size=\dimen156
LaTeX Font Info:    Redeclaring font encoding OML on input line 742.
LaTeX Font Info:    Redeclaring font encoding OMS on input line 743.
\macc@depth=\count299
LaTeX Info: Redefining \bmod on input line 904.
LaTeX Info: Redefining \pmod on input line 909.
LaTeX Info: Redefining \smash on input line 939.
LaTeX Info: Redefining \relbar on input line 969.
LaTeX Info: Redefining \Relbar on input line 970.
\c@MaxMatrixCols=\count300
\dotsspace@=\muskip18
\c@parentequation=\count301
\dspbrk@lvl=\count302
\tag@help=\toks20
\row@=\count303
\column@=\count304
\maxfields@=\count305
\andhelp@=\toks21
\eqnshift@=\dimen157
\alignsep@=\dimen158
\tagshift@=\dimen159
\tagwidth@=\dimen160
\totwidth@=\dimen161
\lineht@=\dimen162
\@envbody=\toks22
\multlinegap=\skip58
\multlinetaggap=\skip59
\mathdisplay@stack=\toks23
LaTeX Info: Redefining \[ on input line 2953.
LaTeX Info: Redefining \] on input line 2954.
)
(d:/Program Files (x86)/texlive/2025/texmf-dist/tex/latex/subfigure/subfigure.s
ty
Package: subfigure 2002/03/15 v2.1.5 subfigure package
\subfigtopskip=\skip60
\subfigcapskip=\skip61
\subfigcaptopadj=\dimen163
\subfigbottomskip=\skip62
\subfigcapmargin=\dimen164
\subfiglabelskip=\skip63
\c@subfigure=\count306
\c@lofdepth=\count307
\c@subtable=\count308
\c@lotdepth=\count309

****************************************
* Local config file subfigure.cfg used *
****************************************

(d:/Program Files (x86)/texlive/2025/texmf-dist/tex/latex/subfigure/subfigure.c
fg)
\subfig@top=\skip64
\subfig@bottom=\skip65
)
\c@theorem=\count310
\c@lemma=\count311
\c@corollary=\count312
\c@remark=\count313
 (./natbib.sty
Package: natbib 2000/07/24 7.0a (PWD)
\bibhang=\skip66
\bibsep=\skip67
LaTeX Info: Redefining \cite on input line 508.
\c@NAT@ctr=\count314
)
(d:/Program Files (x86)/texlive/2025/texmf-dist/tex/latex/l3backend/l3backend-p
dftex.def
File: l3backend-pdftex.def 2025-04-14 L3 backend support: PDF output (pdfTeX)
\l__color_backend_stack_int=\count315
) (./jpp-instructions.aux

Package natbib Warning: Citation `' multiply defined.


Package natbib Warning: Citation `' multiply defined.


Package natbib Warning: Citation `' multiply defined.


Package natbib Warning: Citation `' multiply defined.


Package natbib Warning: Citation `' multiply defined.


Package natbib Warning: Citation `' multiply defined.


Package natbib Warning: Citation `' multiply defined.


Package natbib Warning: Citation `' multiply defined.


Package natbib Warning: Citation `' multiply defined.


Package natbib Warning: Citation `' multiply defined.

)
\openout1 = `jpp-instructions.aux'.

LaTeX Font Info:    Checking defaults for OML/cmm/m/it on input line 34.
LaTeX Font Info:    ... okay on input line 34.
LaTeX Font Info:    Checking defaults for OMS/cmsy/m/n on input line 34.
LaTeX Font Info:    ... okay on input line 34.
LaTeX Font Info:    Checking defaults for OT1/cmr/m/n on input line 34.
LaTeX Font Info:    ... okay on input line 34.
LaTeX Font Info:    Checking defaults for T1/cmr/m/n on input line 34.
LaTeX Font Info:    ... okay on input line 34.
LaTeX Font Info:    Checking defaults for TS1/cmr/m/n on input line 34.
LaTeX Font Info:    ... okay on input line 34.
LaTeX Font Info:    Checking defaults for OMX/cmex/m/n on input line 34.
LaTeX Font Info:    ... okay on input line 34.
LaTeX Font Info:    Checking defaults for U/cmr/m/n on input line 34.
LaTeX Font Info:    ... okay on input line 34.
LaTeX Font Info:    Checking defaults for PD1/pdf/m/n on input line 34.
LaTeX Font Info:    ... okay on input line 34.
LaTeX Font Info:    Checking defaults for PU/pdf/m/n on input line 34.
LaTeX Font Info:    ... okay on input line 34.

(d:/Program Files (x86)/texlive/2025/texmf-dist/tex/context/base/mkii/supp-pdf.
mkii
[Loading MPS to PDF converter (version 2006.09.02).]
\scratchcounter=\count316
\scratchdimen=\dimen165
\scratchbox=\box57
\nofMPsegments=\count317
\nofMParguments=\count318
\everyMPshowfont=\toks24
\MPscratchCnt=\count319
\MPscratchDim=\dimen166
\MPnumerator=\count320
\makeMPintoPDFobject=\count321
\everyMPtoPDFconversion=\toks25
)

Package hyperref Warning: Height of page (\paperheight) is invalid (0.0pt),
(hyperref)                using 11in.

Package hyperref Info: Link coloring OFF on input line 34.
(./jpp-instructions.out) (./jpp-instructions.out)
\@outlinefile=\write3
\openout3 = `jpp-instructions.out'.

LaTeX Font Info:    Trying to load font information for U+msa on input line 37.


(d:/Program Files (x86)/texlive/2025/texmf-dist/tex/latex/amsfonts/umsa.fd
File: umsa.fd 2013/01/14 v3.01 AMS symbols A
)
LaTeX Font Info:    Trying to load font information for U+msb on input line 37.


(d:/Program Files (x86)/texlive/2025/texmf-dist/tex/latex/amsfonts/umsb.fd
File: umsb.fd 2013/01/14 v3.01 AMS symbols B
)


Underfull \hbox (badness 10000) has occurred while \output is active

 []

[1{d:/Program Files (x86)/texlive/2025/texmf-var/fonts/map/pdftex/updmap/pdftex
.map}
Non-PDF special ignored!
<special> papersize=174mm,247mm
]

[2]
<dummy-image.jpg, id=52, 349.305pt x 155.07938pt>
File: dummy-image.jpg Graphic file (type jpg)
<use dummy-image.jpg>
Package pdftex.def Info: dummy-image.jpg  used on input line 188.
(pdftex.def)             Requested size: 349.30414pt x 155.07898pt.


[3]
File: dummy-image.jpg Graphic file (type jpg)
<use dummy-image.jpg>
Package pdftex.def Info: dummy-image.jpg  used on input line 252.
(pdftex.def)             Requested size: 349.30414pt x 155.07898pt.


[4 <./dummy-image.jpg>]

[5]
File: dummy-image.jpg Graphic file (type jpg)
<use dummy-image.jpg>
Package pdftex.def Info: dummy-image.jpg  used on input line 306.
(pdftex.def)             Requested size: 349.30414pt x 155.07898pt.


[6] (./jpp-instructions.bbl

[7])
File: dummy-image.jpg Graphic file (type jpg)
<use dummy-image.jpg>
Package pdftex.def Info: dummy-image.jpg  used on input line 426.
(pdftex.def)             Requested size: 139.71951pt x 62.03064pt.
File: dummy-image.jpg Graphic file (type jpg)
<use dummy-image.jpg>
Package pdftex.def Info: dummy-image.jpg  used on input line 432.
(pdftex.def)             Requested size: 209.58461pt x 93.04832pt.

Overfull \hbox (17.58461pt too wide) in paragraph at lines 432--434
 [][] 
 []


LaTeX Warning: `h' float specifier changed to `ht'.


Package natbib Warning: There were multiply defined citations.



[8]

[9] (./jpp-instructions.aux

Package natbib Warning: Citation(s) may have changed.
(natbib)                Rerun to get citations correct.

)
 ***********
LaTeX2e <2024-11-01> patch level 2
L3 programming layer <2025-04-14>
 ***********
Package rerunfilecheck Info: File `jpp-instructions.out' has not changed.
(rerunfilecheck)             Checksum: 60C14F861B5884EFD510C940A6993C66;843.
 ) 
Here is how much of TeX's memory you used:
 10696 strings out of 469607
 161018 string characters out of 5464305
 554791 words of memory out of 5000000
 37342 multiletter control sequences out of 15000+600000
 639415 words of font info for 87 fonts, out of 8000000 for 9000
 1141 hyphenation exceptions out of 8191
 72i,10n,79p,474b,567s stack positions out of 10000i,1000n,20000p,200000b,200000s
<d:/Program Files (x86)/texlive/2025/texmf-dist/fonts/type1/public/amsfonts/c
m/cmbx10.pfb><d:/Program Files (x86)/texlive/2025/texmf-dist/fonts/type1/public
/amsfonts/cm/cmbx12.pfb><d:/Program Files (x86)/texlive/2025/texmf-dist/fonts/t
ype1/public/amsfonts/cm/cmbx6.pfb><d:/Program Files (x86)/texlive/2025/texmf-di
st/fonts/type1/public/amsfonts/cm/cmbx8.pfb><d:/Program Files (x86)/texlive/202
5/texmf-dist/fonts/type1/public/amsfonts/cm/cmbx9.pfb><d:/Program Files (x86)/t
exlive/2025/texmf-dist/fonts/type1/public/amsfonts/cm/cmcsc10.pfb><d:/Program F
iles (x86)/texlive/2025/texmf-dist/fonts/type1/public/amsfonts/cm/cmex10.pfb><d
:/Program Files (x86)/texlive/2025/texmf-dist/fonts/type1/public/amsfonts/cm/cm
mi10.pfb><d:/Program Files (x86)/texlive/2025/texmf-dist/fonts/type1/public/ams
fonts/cm/cmmi6.pfb><d:/Program Files (x86)/texlive/2025/texmf-dist/fonts/type1/
public/amsfonts/cm/cmmi7.pfb><d:/Program Files (x86)/texlive/2025/texmf-dist/fo
nts/type1/public/amsfonts/cm/cmr10.pfb><d:/Program Files (x86)/texlive/2025/tex
mf-dist/fonts/type1/public/amsfonts/cm/cmr6.pfb><d:/Program Files (x86)/texlive
/2025/texmf-dist/fonts/type1/public/amsfonts/cm/cmr7.pfb><d:/Program Files (x86
)/texlive/2025/texmf-dist/fonts/type1/public/amsfonts/cm/cmr9.pfb><d:/Program F
iles (x86)/texlive/2025/texmf-dist/fonts/type1/public/amsfonts/cm/cmsy10.pfb><d
:/Program Files (x86)/texlive/2025/texmf-dist/fonts/type1/public/amsfonts/cm/cm
sy7.pfb><d:/Program Files (x86)/texlive/2025/texmf-dist/fonts/type1/public/amsf
onts/cm/cmsy9.pfb><d:/Program Files (x86)/texlive/2025/texmf-dist/fonts/type1/p
ublic/amsfonts/cm/cmti10.pfb><d:/Program Files (x86)/texlive/2025/texmf-dist/fo
nts/type1/public/amsfonts/cm/cmti8.pfb><d:/Program Files (x86)/texlive/2025/tex
mf-dist/fonts/type1/public/amsfonts/cm/cmti9.pfb>
Output written on jpp-instructions.pdf (9 pages, 272131 bytes).
PDF statistics:
 220 PDF objects out of 1000 (max. 8388607)
 166 compressed objects within 2 object streams
 49 named destinations out of 1000 (max. 500000)
 54 words of extra memory for PDF output out of 10000 (max. 10000000)

