2026-08-31 01:03:32   The length ratio between the shortest and the longest model edges is 1:5453.
                      Short model edges can be highlighted via Mesh:Mesh Control->Check Mesh->Check
                      Model Edge Length.... (It may be advantageous to model the metallizations as
                      infinitely thin sheets.) More...

                      ------------------------------------------------------------------------------
2026-08-31 01:03:35   Units settings: 

                        Dimensions: mil
                        Frequency:  GHz
                        Time:       ns

                      ------------------------------------------------------------------------------
2026-08-31 01:03:35   Boundary conditions: 

                        YZsymmetry: none
                        XZsymmetry: none
                        XYsymmetry: none

                        Xmin: expanded open
                        Xmax: expanded open

                        Ymin: electric
                        Ymax: electric

                        Zmin: expanded open
                        Zmax: electric

                      ------------------------------------------------------------------------------
2026-08-31 01:03:35   Order settings: 

                        Solver order   : 2nd (constant)
                        Curved elements: up to order 3 (automatic)

                      ------------------------------------------------------------------------------
2026-08-31 01:03:35     Mesh time                :	2 s


                      ------------------------------------------------------------------------------
2026-08-31 01:03:35   
                      ================================================================================
                      Frequency Domain Solver calculation cycle started

                      ------------------------------------------------------------------------------
2026-08-31 01:03:35   Solver started at: 2026-08-31 01:03:35 -0700

                        Module:  Frequency Domain: S-Parameter (Win 64)
                        Version: 2026.5 Release from 2026-06-18 (change 1767070)

                        Free disk space at solver start is 96 GB.


                      ------------------------------------------------------------------------------
2026-08-31 01:03:35   An iterative solver will be used first.

                      ------------------------------------------------------------------------------
2026-08-31 01:03:36   The wavelength based mesh refinement has been applied to 0.1% of all mesh edges.

                      ------------------------------------------------------------------------------
2026-08-31 01:03:36   For some elements the curvature had to be reduced to maintain the quality of the mesh. More...

                      ------------------------------------------------------------------------------
2026-08-31 01:03:36     Calculation 1 of 1 (Frequency: 12 GHz)


                      ------------------------------------------------------------------------------
2026-08-31 01:03:36   Using electric shielding for ports 1, 2, 3.

                      ------------------------------------------------------------------------------
2026-08-31 01:03:37   Running the PortModeSolver.

                      ------------------------------------------------------------------------------
2026-08-31 01:03:47     ----------------------------------------------------------------------------
                        Port   Mode   Type        Z-Wave        Z-Wave-Sigma  Z-Line        F-Cutoff
                        1      1      QTEM        228           13.5          48.7          ---
                        2      1      QTEM        229           15.1          48.8          ---
                        3      1      QTEM        226           11.8          48.8          ---
                        ----------------------------------------------------------------------------


                      ------------------------------------------------------------------------------
2026-08-31 01:03:47   Adaptive mesh refinement pass 1

                      ------------------------------------------------------------------------------
2026-08-31 01:03:48   Performing block excitation with block size 3 and 4 threads.  More...

                      ------------------------------------------------------------------------------
2026-08-31 01:03:51     Matrix setup time        :	0 s
                        Degrees of freedom       :	48553
                        Number of mesh cells     :	7241

                        Stimulation port         :	1
                        Mode number              :	1
                        Accuracy                 :	2.2053e-05
                        Iterations               :	110
                        Solver time              :	3 s


                      ------------------------------------------------------------------------------
2026-08-31 01:03:51     Stimulation port         :	2
                        Mode number              :	1
                        Accuracy                 :	6.69762e-05
                        Iterations               :	100
                        Solver time              :	2 s


                      ------------------------------------------------------------------------------
2026-08-31 01:03:51     Stimulation port         :	3
                        Mode number              :	1
                        Accuracy                 :	9.70078e-05
                        Iterations               :	105
                        Solver time              :	2 s


                      ------------------------------------------------------------------------------
2026-08-31 01:03:51   13% of all mesh edges seem to be longer than expected. The adaptive mesh refinement's growth limitation will therefore 
                      use 13160 instead of 7012 mesh cells as a reference.

                      ------------------------------------------------------------------------------
2026-08-31 01:03:52   For some elements the curvature had to be reduced to maintain the quality of the mesh. More...

                      ------------------------------------------------------------------------------
2026-08-31 01:03:52   Adaptive mesh refinement pass 2

                      ------------------------------------------------------------------------------
2026-08-31 01:03:56     Matrix setup time        :	0 s
                        Degrees of freedom       :	70061
                        Number of mesh cells     :	10429

                        Stimulation port         :	1
                        Mode number              :	1
                        Accuracy                 :	8.82998e-05
                        Iterations               :	65
                        Solver time              :	2 s


                      ------------------------------------------------------------------------------
2026-08-31 01:03:56     Stimulation port         :	2
                        Mode number              :	1
                        Accuracy                 :	8.38385e-05
                        Iterations               :	68
                        Solver time              :	2 s


                      ------------------------------------------------------------------------------
2026-08-31 01:03:56     Stimulation port         :	3
                        Mode number              :	1
                        Accuracy                 :	9.09548e-05
                        Iterations               :	76
                        Solver time              :	2 s


                      ------------------------------------------------------------------------------
2026-08-31 01:03:56     Delta calculation        
2026-08-31 01:03:56     All S-Parameters         :	0.0769603
2026-08-31 01:03:56   

                      ------------------------------------------------------------------------------
2026-08-31 01:03:59   Adaptive mesh refinement pass 3

                      ------------------------------------------------------------------------------
2026-08-31 01:04:04     Matrix setup time        :	0 s
                        Degrees of freedom       :	108377
                        Number of mesh cells     :	16136

                        Stimulation port         :	1
                        Mode number              :	1
                        Accuracy                 :	6.55699e-05
                        Iterations               :	65
                        Solver time              :	4 s


                      ------------------------------------------------------------------------------
2026-08-31 01:04:04     Stimulation port         :	2
                        Mode number              :	1
                        Accuracy                 :	9.27682e-05
                        Iterations               :	70
                        Solver time              :	4 s


                      ------------------------------------------------------------------------------
2026-08-31 01:04:04     Stimulation port         :	3
                        Mode number              :	1
                        Accuracy                 :	9.67725e-05
                        Iterations               :	68
                        Solver time              :	4 s


                      ------------------------------------------------------------------------------
2026-08-31 01:04:04     Delta calculation        
2026-08-31 01:04:04     All S-Parameters         :	0.0260826
2026-08-31 01:04:04   

                      ------------------------------------------------------------------------------
2026-08-31 01:04:07   Adaptive mesh refinement pass 4

                      ------------------------------------------------------------------------------
2026-08-31 01:04:14     Matrix setup time        :	1 s
                        Degrees of freedom       :	168509
                        Number of mesh cells     :	25120

                        Stimulation port         :	1
                        Mode number              :	1
                        Accuracy                 :	9.39902e-05
                        Iterations               :	51
                        Solver time              :	5 s


                      ------------------------------------------------------------------------------
2026-08-31 01:04:14     Stimulation port         :	2
                        Mode number              :	1
                        Accuracy                 :	7.4463e-05
                        Iterations               :	51
                        Solver time              :	5 s


                      ------------------------------------------------------------------------------
2026-08-31 01:04:14     Stimulation port         :	3
                        Mode number              :	1
                        Accuracy                 :	8.05024e-05
                        Iterations               :	51
                        Solver time              :	5 s


                      ------------------------------------------------------------------------------
2026-08-31 01:04:15     Delta calculation        
2026-08-31 01:04:15     All S-Parameters         :	0.0258644
2026-08-31 01:04:15   

                      ------------------------------------------------------------------------------
2026-08-31 01:04:18   For some elements the curvature had to be reduced to maintain the quality of the mesh. More...

                      ------------------------------------------------------------------------------
2026-08-31 01:04:19   Adaptive mesh refinement pass 5

                      ------------------------------------------------------------------------------
2026-08-31 01:04:31     Matrix setup time        :	1 s
                        Degrees of freedom       :	248591
                        Number of mesh cells     :	37122

                        Stimulation port         :	1
                        Mode number              :	1
                        Accuracy                 :	6.88583e-05
                        Iterations               :	60
                        Solver time              :	9 s


                      ------------------------------------------------------------------------------
2026-08-31 01:04:31     Stimulation port         :	2
                        Mode number              :	1
                        Accuracy                 :	7.9668e-05
                        Iterations               :	52
                        Solver time              :	8 s


                      ------------------------------------------------------------------------------
2026-08-31 01:04:31     Stimulation port         :	3
                        Mode number              :	1
                        Accuracy                 :	6.33439e-05
                        Iterations               :	55
                        Solver time              :	9 s


                      ------------------------------------------------------------------------------
2026-08-31 01:04:31     Delta calculation        
2026-08-31 01:04:31     All S-Parameters         :	0.0101124
2026-08-31 01:04:31   

                      ------------------------------------------------------------------------------
2026-08-31 01:04:31   Mesh adaptation terminated because the desired accuracy limit is reached.

                      ------------------------------------------------------------------------------
2026-08-31 01:04:32     Total time               :	54 s

                      ------------------------------------------------------------------------------
2026-08-31 01:04:32   

                      ------------------------------------------------------------------------------
2026-08-31 01:04:32     Calculation 2 of 2 (Frequency: 7.5 GHz)


                      ------------------------------------------------------------------------------
2026-08-31 01:04:32   Running the PortModeSolver.

                      ------------------------------------------------------------------------------
2026-08-31 01:04:33     ----------------------------------------------------------------------------
                        Port   Mode   Type        Z-Wave        Z-Wave-Sigma  Z-Line        F-Cutoff
                        1      1      QTEM        229           11.1          48.8          ---
                        2      1      QTEM        230           14.6          48.8          ---
                        3      1      QTEM        229           11.8          48.8          ---
                        ----------------------------------------------------------------------------


                      ------------------------------------------------------------------------------
2026-08-31 01:04:43     Matrix setup time        :	0 s
                        Degrees of freedom       :	248591
                        Number of mesh cells     :	37122

                        Stimulation port         :	1
                        Mode number              :	1
                        Accuracy                 :	7.47539e-05
                        Iterations               :	45
                        Solver time              :	8 s


                      ------------------------------------------------------------------------------
2026-08-31 01:04:43     Stimulation port         :	2
                        Mode number              :	1
                        Accuracy                 :	3.98718e-05
                        Iterations               :	50
                        Solver time              :	8 s


                      ------------------------------------------------------------------------------
2026-08-31 01:04:43     Stimulation port         :	3
                        Mode number              :	1
                        Accuracy                 :	9.42312e-05
                        Iterations               :	50
                        Solver time              :	8 s


                      ------------------------------------------------------------------------------
2026-08-31 01:04:44     Total time               :	11 s

                      ------------------------------------------------------------------------------
2026-08-31 01:04:44   

                      ------------------------------------------------------------------------------
2026-08-31 01:04:44   *** Warning ***

2026-08-31 01:04:44   The broadband frequency sweep convergence criterion has not yet been satisfied. Please continue the broadband frequency 
                      sweep by starting the frequency domain solver again with additional (preferably automatically chosen) samples.

                      ------------------------------------------------------------------------------
2026-08-31 01:04:44     Number of mesh cells     :	37122
                        Degrees of freedom       :	248591
                        Total Solver Time        :	69 s	 (= 0 h, 01 m, 09 s)
                        Free disk space          :	95 GB
                        Disk space delta         :	1 GB
                      ================================================================================



                      ------------------------------------------------------------------------------
2026-08-31 01:04:44     ----------------------------------------------------------------------------
                                            Peak memory used (GB)         Free physical memory (GB) 
                                                                          At begin     Minimum      
                        ----------------------------------------------------------------------------
                        Solver start        0.026                         16.294       16.294       
                        Eq. system setup    0.598                         16.238       15.855       
                        Eq. system solve    0.703                         16.217       15.686       
                        Mesh refinement     0.408                         16.187       16.016       
                        Field monitor calc. 0.613                         15.901       15.779       
                        Solver run total    0.700                         16.294       15.686       

                        Computer name       DESKTOP-9C14OLV
                        ----------------------------------------------------------------------------


                      ------------------------------------------------------------------------------
2026-08-31 01:04:44   Running post-processing.

                      ------------------------------------------------------------------------------
2026-08-31 01:04:46   Post-processing finished.

                      ------------------------------------------------------------------------------
2026-08-31 01:04:46   Creating parametric 1D results for Run ID 1

                      ------------------------------------------------------------------------------
2026-08-31 01:08:22   Units settings: 

                        Dimensions: mil
                        Frequency:  GHz
                        Time:       ns

                      ------------------------------------------------------------------------------
2026-08-31 01:08:22   Boundary conditions: 

                        YZsymmetry: none
                        XZsymmetry: none
                        XYsymmetry: none

                        Xmin: expanded open
                        Xmax: expanded open

                        Ymin: electric
                        Ymax: electric

                        Zmin: expanded open
                        Zmax: electric

                      ------------------------------------------------------------------------------
2026-08-31 01:08:22   Order settings: 

                        Solver order   : 2nd (constant)
                        Curved elements: up to order 3 (automatic)

                      ------------------------------------------------------------------------------
2026-08-31 01:08:22   
                      ================================================================================
                      Frequency Domain Solver calculation cycle started

                      ------------------------------------------------------------------------------
2026-08-31 01:08:22   Solver started at: 2026-08-31 01:08:22 -0700

                        Module:  Frequency Domain: S-Parameter (Win 64)
                        Version: 2026.5 Release from 2026-06-18 (change 1767070)

                        Free disk space at solver start is 96 GB.


                      ------------------------------------------------------------------------------
2026-08-31 01:08:23   An iterative solver will be used first.

                      ------------------------------------------------------------------------------
2026-08-31 01:08:23     Calculation 3 (Frequency: 9.75 GHz)


                      ------------------------------------------------------------------------------
2026-08-31 01:08:23   Using electric shielding for ports 1, 2, 3.

                      ------------------------------------------------------------------------------
2026-08-31 01:08:23   Running the PortModeSolver.

                      ------------------------------------------------------------------------------
2026-08-31 01:08:24     ----------------------------------------------------------------------------
                        Port   Mode   Type        Z-Wave        Z-Wave-Sigma  Z-Line        F-Cutoff
                        1      1      QTEM        228           11            48.7          ---
                        2      1      QTEM        230           14.5          48.8          ---
                        3      1      QTEM        228           11.8          48.8          ---
                        ----------------------------------------------------------------------------


                      ------------------------------------------------------------------------------
2026-08-31 01:08:27   Performing block excitation with block size 3 and 4 threads.  More...

                      ------------------------------------------------------------------------------
2026-08-31 01:08:37     Matrix setup time        :	1 s
                        Solver setup             :	1 s
                        Degrees of freedom       :	248591
                        Number of mesh cells     :	37122

                        Stimulation port         :	1
                        Mode number              :	1
                        Accuracy                 :	9.45923e-05
                        Iterations               :	53
                        Solver time              :	8 s


                      ------------------------------------------------------------------------------
2026-08-31 01:08:37     Stimulation port         :	2
                        Mode number              :	1
                        Accuracy                 :	8.88374e-05
                        Iterations               :	49
                        Solver time              :	7 s


                      ------------------------------------------------------------------------------
2026-08-31 01:08:37     Stimulation port         :	3
                        Mode number              :	1
                        Accuracy                 :	9.93348e-05
                        Iterations               :	59
                        Solver time              :	9 s


                      ------------------------------------------------------------------------------
2026-08-31 01:08:38     Total time               :	13 s

                      ------------------------------------------------------------------------------
2026-08-31 01:08:38   

                      ------------------------------------------------------------------------------
2026-08-31 01:08:38     Calculation 4 (Frequency: 10.875 GHz)


                      ------------------------------------------------------------------------------
2026-08-31 01:08:38   Running the PortModeSolver.

                      ------------------------------------------------------------------------------
2026-08-31 01:08:39     ----------------------------------------------------------------------------
                        Port   Mode   Type        Z-Wave        Z-Wave-Sigma  Z-Line        F-Cutoff
                        1      1      QTEM        228           13.3          48.7          ---
                        2      1      QTEM        229           14.8          48.7          ---
                        3      1      QTEM        227           11.7          48.8          ---
                        ----------------------------------------------------------------------------


                      ------------------------------------------------------------------------------
2026-08-31 01:08:49     Matrix setup time        :	1 s
                        Degrees of freedom       :	248591
                        Number of mesh cells     :	37122

                        Stimulation port         :	1
                        Mode number              :	1
                        Accuracy                 :	8.70066e-05
                        Iterations               :	37
                        Solver time              :	6 s


                      ------------------------------------------------------------------------------
2026-08-31 01:08:49     Stimulation port         :	2
                        Mode number              :	1
                        Accuracy                 :	8.45112e-05
                        Iterations               :	40
                        Solver time              :	7 s


                      ------------------------------------------------------------------------------
2026-08-31 01:08:49     Stimulation port         :	3
                        Mode number              :	1
                        Accuracy                 :	8.03579e-05
                        Iterations               :	35
                        Solver time              :	6 s


                      ------------------------------------------------------------------------------
2026-08-31 01:08:50     Total time               :	10 s

                      ------------------------------------------------------------------------------
2026-08-31 01:08:50   

                      ------------------------------------------------------------------------------
2026-08-31 01:08:50     Calculation 5 (Frequency: 9.264 GHz)


                      ------------------------------------------------------------------------------
2026-08-31 01:08:50   Running the PortModeSolver.

                      ------------------------------------------------------------------------------
2026-08-31 01:08:51     ----------------------------------------------------------------------------
                        Port   Mode   Type        Z-Wave        Z-Wave-Sigma  Z-Line        F-Cutoff
                        1      1      QTEM        228           11            48.8          ---
                        2      1      QTEM        230           14.4          48.8          ---
                        3      1      QTEM        228           12.1          48.8          ---
                        ----------------------------------------------------------------------------


                      ------------------------------------------------------------------------------
2026-08-31 01:08:58     Matrix setup time        :	0 s
                        Degrees of freedom       :	248591
                        Number of mesh cells     :	37122

                        Stimulation port         :	1
                        Mode number              :	1
                        Accuracy                 :	9.46738e-05
                        Iterations               :	29
                        Solver time              :	4 s


                      ------------------------------------------------------------------------------
2026-08-31 01:08:58     Stimulation port         :	2
                        Mode number              :	1
                        Accuracy                 :	9.85716e-05
                        Iterations               :	26
                        Solver time              :	4 s


                      ------------------------------------------------------------------------------
2026-08-31 01:08:58     Stimulation port         :	3
                        Mode number              :	1
                        Accuracy                 :	8.8545e-05
                        Iterations               :	18
                        Solver time              :	3 s


                      ------------------------------------------------------------------------------
2026-08-31 01:08:59     Total time               :	7 s

                      ------------------------------------------------------------------------------
2026-08-31 01:08:59   

                      ------------------------------------------------------------------------------
2026-08-31 01:08:59     Calculation 6 (Frequency: 10.2765 GHz)


                      ------------------------------------------------------------------------------
2026-08-31 01:08:59   Running the PortModeSolver.

                      ------------------------------------------------------------------------------
2026-08-31 01:09:00     ----------------------------------------------------------------------------
                        Port   Mode   Type        Z-Wave        Z-Wave-Sigma  Z-Line        F-Cutoff
                        1      1      QTEM        228           11.9          48.7          ---
                        2      1      QTEM        229           14.7          48.7          ---
                        3      1      QTEM        227           12            48.8          ---
                        ----------------------------------------------------------------------------


                      ------------------------------------------------------------------------------
2026-08-31 01:09:04     Matrix setup time        :	0 s
                        Degrees of freedom       :	248591
                        Number of mesh cells     :	37122

                        Stimulation port         :	1
                        Mode number              :	1
                        Accuracy                 :	8.83012e-05
                        Iterations               :	5
                        Solver time              :	1 s


                      ------------------------------------------------------------------------------
2026-08-31 01:09:04     Stimulation port         :	2
                        Mode number              :	1
                        Accuracy                 :	8.40701e-05
                        Iterations               :	13
                        Solver time              :	2 s


                      ------------------------------------------------------------------------------
2026-08-31 01:09:04     Stimulation port         :	3
                        Mode number              :	1
                        Accuracy                 :	9.33015e-05
                        Iterations               :	8
                        Solver time              :	1 s


                      ------------------------------------------------------------------------------
2026-08-31 01:09:05     Total time               :	5 s

                      ------------------------------------------------------------------------------
2026-08-31 01:09:05   

                      ------------------------------------------------------------------------------
2026-08-31 01:09:05     Calculation 7 (Frequency: 8.193 GHz)


                      ------------------------------------------------------------------------------
2026-08-31 01:09:05   Running the PortModeSolver.

                      ------------------------------------------------------------------------------
2026-08-31 01:09:07     ----------------------------------------------------------------------------
                        Port   Mode   Type        Z-Wave        Z-Wave-Sigma  Z-Line        F-Cutoff
                        1      1      QTEM        228           10.8          48.8          ---
                        2      1      QTEM        230           14.8          48.8          ---
                        3      1      QTEM        228           11.9          48.8          ---
                        ----------------------------------------------------------------------------


                      ------------------------------------------------------------------------------
2026-08-31 01:09:16     Matrix setup time        :	0 s
                        Degrees of freedom       :	248591
                        Number of mesh cells     :	37122

                        Stimulation port         :	1
                        Mode number              :	1
                        Accuracy                 :	9.54592e-05
                        Iterations               :	29
                        Solver time              :	4 s


                      ------------------------------------------------------------------------------
2026-08-31 01:09:16     Stimulation port         :	2
                        Mode number              :	1
                        Accuracy                 :	2.72433e-05
                        Iterations               :	45
                        Solver time              :	6 s


                      ------------------------------------------------------------------------------
2026-08-31 01:09:16     Stimulation port         :	3
                        Mode number              :	1
                        Accuracy                 :	9.24745e-05
                        Iterations               :	29
                        Solver time              :	4 s


                      ------------------------------------------------------------------------------
2026-08-31 01:09:16     Total time               :	10 s

                      ------------------------------------------------------------------------------
2026-08-31 01:09:16   

                      ------------------------------------------------------------------------------
2026-08-31 01:09:16   Finished the general purpose interpolative broadband frequency sweep:
                      All broadband sweep convergence criteria have been satisfied after
                      calculating 7 frequency samples:

                        Broadband sweep error threshold value :  0.01 (All S-Parameters) 
                        Number of error criterion checks      :  2 (All S-Parameters) 
                        Minimum number of samples             :  3
                        Number of data samples, linear        :  1001

                      ------------------------------------------------------------------------------
2026-08-31 01:09:16     Number of mesh cells     :	37122
                        Degrees of freedom       :	248591
                        Total Solver Time        :	52 s
                        Free disk space          :	95 GB
                        Disk space delta         :	1 GB
                      ================================================================================



                      ------------------------------------------------------------------------------
2026-08-31 01:09:17     ----------------------------------------------------------------------------
                                            Peak memory used (GB)         Free physical memory (GB) 
                                                                          At begin     Minimum      
                        ----------------------------------------------------------------------------
                        Solver start        0.026                         16.219       16.219       
                        Eq. system setup    0.538                         16.086       15.662       
                        Eq. system solve    0.639                         15.938       15.570       
                        Field monitor calc. 0.549                         15.776       15.661       
                        Solver run total    0.639                         16.219       15.580       

                        Computer name       DESKTOP-9C14OLV
                        ----------------------------------------------------------------------------


                      ------------------------------------------------------------------------------
2026-08-31 01:09:17   Running post-processing.

                      ------------------------------------------------------------------------------
2026-08-31 01:09:19   Post-processing finished.

                      ------------------------------------------------------------------------------
2026-08-31 01:09:19   Creating parametric 1D results for Run ID 1

                      ------------------------------------------------------------------------------
