2026-09-10 00:51:56   The length ratio between the shortest and the longest model edges is 1:3486.
                      Short model edges can be highlighted via Mesh:Mesh Control->Check Mesh->Check
                      Model Edge Length.... (It may be advantageous to model the metallizations as
                      infinitely thin sheets.) More...

                      ------------------------------------------------------------------------------
2026-09-10 00:52:00   Units settings: 

                        Dimensions: mm
                        Frequency:  GHz
                        Time:       ns

                      ------------------------------------------------------------------------------
2026-09-10 00:52:00   Boundary conditions: 

                        YZsymmetry: none
                        XZsymmetry: none
                        XYsymmetry: none

                        Xmin: expanded open
                        Xmax: expanded open

                        Ymin: electric
                        Ymax: electric

                        Zmin: expanded open
                        Zmax: electric

                      ------------------------------------------------------------------------------
2026-09-10 00:52:00   Order settings: 

                        Solver order   : 2nd (constant)
                        Curved elements: up to order 3 (automatic)

                      ------------------------------------------------------------------------------
2026-09-10 00:52:00     Mesh time                :	3 s


                      ------------------------------------------------------------------------------
2026-09-10 00:52:01   
                      ================================================================================
                      Frequency Domain Solver calculation cycle started

                      ------------------------------------------------------------------------------
2026-09-10 00:52:01   Solver started at: 2026-09-10 00:52:01 -0700

                        Module:  Frequency Domain: S-Parameter (Win 64)
                        Version: 2026.5 Release from 2026-06-18 (change 1767070)

                        Free disk space at solver start is 107 GB.


                      ------------------------------------------------------------------------------
2026-09-10 00:52:01   An iterative solver will be used first.

                      ------------------------------------------------------------------------------
2026-09-10 00:52:01   The wavelength based mesh refinement has been applied to 0.9% of all mesh edges.

                      ------------------------------------------------------------------------------
2026-09-10 00:52:02   For some elements the curvature had to be reduced to maintain the quality of the mesh. More...

                      ------------------------------------------------------------------------------
2026-09-10 00:52:02     Calculation 1 of 1 (Frequency: 14 GHz)


                      ------------------------------------------------------------------------------
2026-09-10 00:52:02   Using electric shielding for ports 1, 2, 3.

                      ------------------------------------------------------------------------------
2026-09-10 00:52:02   For some elements the curvature had to be reduced to maintain the quality of the mesh. More...

                      ------------------------------------------------------------------------------
2026-09-10 00:52:02   Running the PortModeSolver.

                      ------------------------------------------------------------------------------
2026-09-10 00:52:03   For some elements the curvature had to be reduced to maintain the quality of the mesh. More...

                      ------------------------------------------------------------------------------
2026-09-10 00:52:09   For some elements the curvature had to be reduced to maintain the quality of the mesh. More...

                      ------------------------------------------------------------------------------
2026-09-10 00:52:10   For some elements the curvature had to be reduced to maintain the quality of the mesh. More...

                      ------------------------------------------------------------------------------
2026-09-10 00:52:11   For some elements the curvature had to be reduced to maintain the quality of the mesh. More...

                      ------------------------------------------------------------------------------
2026-09-10 00:52:12   For some elements the curvature had to be reduced to maintain the quality of the mesh. More...

                      ------------------------------------------------------------------------------
2026-09-10 00:52:13   For some elements the curvature had to be reduced to maintain the quality of the mesh. More...

                      ------------------------------------------------------------------------------
2026-09-10 00:52:15   For some elements the curvature had to be reduced to maintain the quality of the mesh. More...

                      ------------------------------------------------------------------------------
2026-09-10 00:52:16   For some elements the curvature had to be reduced to maintain the quality of the mesh. More...

                      ------------------------------------------------------------------------------
2026-09-10 00:52:18     ----------------------------------------------------------------------------
                        Port   Mode   Type        Z-Wave        Z-Wave-Sigma  Z-Line        F-Cutoff
                        1      1      QTEM        226           16.3          49.3          ---
                        2      1      QTEM        224           12.7          49.3          ---
                        3      1      QTEM        224           13.8          49.3          ---
                        ----------------------------------------------------------------------------


                      ------------------------------------------------------------------------------
2026-09-10 00:52:18   Adaptive mesh refinement pass 1

                      ------------------------------------------------------------------------------
2026-09-10 00:52:19   Performing block excitation with block size 3 and 4 threads.  More...

                      ------------------------------------------------------------------------------
2026-09-10 00:52:29     Matrix setup time        :	0 s
                        Degrees of freedom       :	47511
                        Number of mesh cells     :	7056

                        Stimulation port         :	1
                        Mode number              :	1
                        Accuracy                 :	9.01369e-05
                        Iterations               :	179
                        Solver time              :	9 s


                      ------------------------------------------------------------------------------
2026-09-10 00:52:29     Stimulation port         :	2
                        Mode number              :	1
                        Accuracy                 :	8.27305e-05
                        Iterations               :	175
                        Solver time              :	9 s


                      ------------------------------------------------------------------------------
2026-09-10 00:52:29     Stimulation port         :	3
                        Mode number              :	1
                        Accuracy                 :	9.82688e-05
                        Iterations               :	150
                        Solver time              :	9 s


                      ------------------------------------------------------------------------------
2026-09-10 00:52:32   11% of all mesh edges seem to be longer than expected. The adaptive mesh refinement's growth limitation will therefore 
                      use 11905 instead of 6411 mesh cells as a reference.

                      ------------------------------------------------------------------------------
2026-09-10 00:52:34   The wavelength based mesh refinement has been applied to 0.4% of all mesh edges.

                      ------------------------------------------------------------------------------
2026-09-10 00:52:37   For some elements the curvature had to be reduced to maintain the quality of the mesh. More...

                      ------------------------------------------------------------------------------
2026-09-10 00:52:38   Adaptive mesh refinement pass 2

                      ------------------------------------------------------------------------------
2026-09-10 00:52:46     Matrix setup time        :	0 s
                        Solver setup             :	1 s
                        Degrees of freedom       :	61557
                        Number of mesh cells     :	9131

                        Stimulation port         :	1
                        Mode number              :	1
                        Accuracy                 :	9.81334e-05
                        Iterations               :	104
                        Solver time              :	5 s


                      ------------------------------------------------------------------------------
2026-09-10 00:52:46     Stimulation port         :	2
                        Mode number              :	1
                        Accuracy                 :	7.55565e-05
                        Iterations               :	120
                        Solver time              :	6 s


                      ------------------------------------------------------------------------------
2026-09-10 00:52:46     Stimulation port         :	3
                        Mode number              :	1
                        Accuracy                 :	8.81793e-05
                        Iterations               :	99
                        Solver time              :	5 s


                      ------------------------------------------------------------------------------
2026-09-10 00:52:46     Delta calculation        
2026-09-10 00:52:46     All S-Parameters         :	0.130582
2026-09-10 00:52:46   

                      ------------------------------------------------------------------------------
2026-09-10 00:52:48   For some elements the curvature had to be reduced to maintain the quality of the mesh. More...

                      ------------------------------------------------------------------------------
2026-09-10 00:52:48   Adaptive mesh refinement pass 3

                      ------------------------------------------------------------------------------
2026-09-10 00:52:55     Matrix setup time        :	0 s
                        Degrees of freedom       :	88943
                        Number of mesh cells     :	13189

                        Stimulation port         :	1
                        Mode number              :	1
                        Accuracy                 :	8.54269e-05
                        Iterations               :	93
                        Solver time              :	5 s


                      ------------------------------------------------------------------------------
2026-09-10 00:52:55     Stimulation port         :	2
                        Mode number              :	1
                        Accuracy                 :	8.30092e-05
                        Iterations               :	85
                        Solver time              :	4 s


                      ------------------------------------------------------------------------------
2026-09-10 00:52:55     Stimulation port         :	3
                        Mode number              :	1
                        Accuracy                 :	6.53508e-05
                        Iterations               :	93
                        Solver time              :	5 s


                      ------------------------------------------------------------------------------
2026-09-10 00:52:55     Delta calculation        
2026-09-10 00:52:55     All S-Parameters         :	0.0856419
2026-09-10 00:52:55   

                      ------------------------------------------------------------------------------
2026-09-10 00:52:57   For some elements the curvature had to be slightly reduced to maintain the quality of the mesh. More...

                      ------------------------------------------------------------------------------
2026-09-10 00:52:58   Adaptive mesh refinement pass 4

                      ------------------------------------------------------------------------------
2026-09-10 00:53:07     Matrix setup time        :	0 s
                        Degrees of freedom       :	134857
                        Number of mesh cells     :	19961

                        Stimulation port         :	1
                        Mode number              :	1
                        Accuracy                 :	7.14456e-05
                        Iterations               :	72
                        Solver time              :	6 s


                      ------------------------------------------------------------------------------
2026-09-10 00:53:07     Stimulation port         :	2
                        Mode number              :	1
                        Accuracy                 :	7.0366e-05
                        Iterations               :	77
                        Solver time              :	7 s


                      ------------------------------------------------------------------------------
2026-09-10 00:53:07     Stimulation port         :	3
                        Mode number              :	1
                        Accuracy                 :	6.05724e-05
                        Iterations               :	72
                        Solver time              :	6 s


                      ------------------------------------------------------------------------------
2026-09-10 00:53:07     Delta calculation        
2026-09-10 00:53:07     All S-Parameters         :	0.0431437
2026-09-10 00:53:07   

                      ------------------------------------------------------------------------------
2026-09-10 00:53:11   Adaptive mesh refinement pass 5

                      ------------------------------------------------------------------------------
2026-09-10 00:53:21     Matrix setup time        :	1 s
                        Degrees of freedom       :	209051
                        Number of mesh cells     :	30835

                        Stimulation port         :	1
                        Mode number              :	1
                        Accuracy                 :	7.42003e-05
                        Iterations               :	55
                        Solver time              :	7 s


                      ------------------------------------------------------------------------------
2026-09-10 00:53:21     Stimulation port         :	2
                        Mode number              :	1
                        Accuracy                 :	7.8469e-05
                        Iterations               :	56
                        Solver time              :	7 s


                      ------------------------------------------------------------------------------
2026-09-10 00:53:21     Stimulation port         :	3
                        Mode number              :	1
                        Accuracy                 :	6.86727e-05
                        Iterations               :	54
                        Solver time              :	7 s


                      ------------------------------------------------------------------------------
2026-09-10 00:53:21     Delta calculation        
2026-09-10 00:53:21     All S-Parameters         :	0.0279666
2026-09-10 00:53:21   

                      ------------------------------------------------------------------------------
2026-09-10 00:53:26   For some elements the curvature had to be reduced to maintain the quality of the mesh. More...

                      ------------------------------------------------------------------------------
2026-09-10 00:53:27   Adaptive mesh refinement pass 6

                      ------------------------------------------------------------------------------
2026-09-10 00:53:48     Matrix setup time        :	1 s
                        Degrees of freedom       :	304159
                        Number of mesh cells     :	45024

                        Stimulation port         :	1
                        Mode number              :	1
                        Accuracy                 :	7.78443e-05
                        Iterations               :	77
                        Solver time              :	17 s


                      ------------------------------------------------------------------------------
2026-09-10 00:53:48     Stimulation port         :	2
                        Mode number              :	1
                        Accuracy                 :	4.84227e-05
                        Iterations               :	72
                        Solver time              :	16 s


                      ------------------------------------------------------------------------------
2026-09-10 00:53:48     Stimulation port         :	3
                        Mode number              :	1
                        Accuracy                 :	4.59991e-05
                        Iterations               :	77
                        Solver time              :	17 s


                      ------------------------------------------------------------------------------
2026-09-10 00:53:48     Delta calculation        
2026-09-10 00:53:48     All S-Parameters         :	0.0239216
2026-09-10 00:53:48   

                      ------------------------------------------------------------------------------
2026-09-10 00:53:55   For some elements the curvature had to be reduced to maintain the quality of the mesh. More...

                      ------------------------------------------------------------------------------
2026-09-10 00:53:55   The direct solver will be used.

                      ------------------------------------------------------------------------------
2026-09-10 00:53:57   Adaptive mesh refinement pass 7

                      ------------------------------------------------------------------------------
2026-09-10 00:54:07     Matrix setup time        :	2 s
                        Solver setup             :	7 s
                        Degrees of freedom       :	425283
                        Number of mesh cells     :	63099

                        Stimulation port         :	1
                        Mode number              :	1
                        Accuracy                 :	1.29792e-13
                        Iterations               :	1
                        Solver time              :	0 s


                      ------------------------------------------------------------------------------
2026-09-10 00:54:07     Stimulation port         :	2
                        Mode number              :	1
                        Accuracy                 :	8.82248e-14
                        Iterations               :	1
                        Solver time              :	0 s


                      ------------------------------------------------------------------------------
2026-09-10 00:54:07     Stimulation port         :	3
                        Mode number              :	1
                        Accuracy                 :	1.62844e-13
                        Iterations               :	1
                        Solver time              :	0 s


                      ------------------------------------------------------------------------------
2026-09-10 00:54:08     Delta calculation        
2026-09-10 00:54:08     All S-Parameters         :	0.0134865
2026-09-10 00:54:08   

                      ------------------------------------------------------------------------------
2026-09-10 00:54:08   Mesh adaptation terminated because the desired accuracy limit is reached.

                      ------------------------------------------------------------------------------
2026-09-10 00:54:09     Generating results       :	1 s

                        Total time               :	127 s	 (= 0 h, 02 m, 07 s)

                      ------------------------------------------------------------------------------
2026-09-10 00:54:09   

                      ------------------------------------------------------------------------------
2026-09-10 00:54:09     Calculation 2 (Frequency: 8 GHz)


                      ------------------------------------------------------------------------------
2026-09-10 00:54:09   Running the PortModeSolver.

                      ------------------------------------------------------------------------------
2026-09-10 00:54:10     ----------------------------------------------------------------------------
                        Port   Mode   Type        Z-Wave        Z-Wave-Sigma  Z-Line        F-Cutoff
                        1      1      QTEM        228           15            49.3          ---
                        2      1      QTEM        226           12.3          49.3          ---
                        3      1      QTEM        227           12.8          49.3          ---
                        ----------------------------------------------------------------------------


                      ------------------------------------------------------------------------------
2026-09-10 00:54:17     Matrix setup time        :	1 s
                        Solver setup             :	4 s
                        Degrees of freedom       :	425283
                        Number of mesh cells     :	63099

                        Stimulation port         :	1
                        Mode number              :	1
                        Accuracy                 :	3.21973e-13
                        Iterations               :	1
                        Solver time              :	0 s


                      ------------------------------------------------------------------------------
2026-09-10 00:54:17     Stimulation port         :	2
                        Mode number              :	1
                        Accuracy                 :	2.36008e-13
                        Iterations               :	1
                        Solver time              :	0 s


                      ------------------------------------------------------------------------------
2026-09-10 00:54:17     Stimulation port         :	3
                        Mode number              :	1
                        Accuracy                 :	2.42737e-13
                        Iterations               :	1
                        Solver time              :	0 s


                      ------------------------------------------------------------------------------
2026-09-10 00:54:18     Generating results       :	1 s

                        Total time               :	8 s

                      ------------------------------------------------------------------------------
2026-09-10 00:54:18   

                      ------------------------------------------------------------------------------
2026-09-10 00:54:18     Calculation 3 (Frequency: 11 GHz)


                      ------------------------------------------------------------------------------
2026-09-10 00:54:18   Running the PortModeSolver.

                      ------------------------------------------------------------------------------
2026-09-10 00:54:19     ----------------------------------------------------------------------------
                        Port   Mode   Type        Z-Wave        Z-Wave-Sigma  Z-Line        F-Cutoff
                        1      1      QTEM        227           15.6          49.3          ---
                        2      1      QTEM        225           12.8          49.3          ---
                        3      1      QTEM        225           13.6          49.3          ---
                        ----------------------------------------------------------------------------


                      ------------------------------------------------------------------------------
2026-09-10 00:54:27     Matrix setup time        :	1 s
                        Solver setup             :	5 s
                        Degrees of freedom       :	425283
                        Number of mesh cells     :	63099

                        Stimulation port         :	1
                        Mode number              :	1
                        Accuracy                 :	9.30489e-13
                        Iterations               :	1
                        Solver time              :	0 s


                      ------------------------------------------------------------------------------
2026-09-10 00:54:27     Stimulation port         :	2
                        Mode number              :	1
                        Accuracy                 :	5.50479e-13
                        Iterations               :	1
                        Solver time              :	0 s


                      ------------------------------------------------------------------------------
2026-09-10 00:54:27     Stimulation port         :	3
                        Mode number              :	1
                        Accuracy                 :	5.2619e-13
                        Iterations               :	1
                        Solver time              :	0 s


                      ------------------------------------------------------------------------------
2026-09-10 00:54:28     Generating results       :	1 s

                        Total time               :	9 s

                      ------------------------------------------------------------------------------
2026-09-10 00:54:28   

                      ------------------------------------------------------------------------------
2026-09-10 00:54:28     Calculation 4 (Frequency: 12.5 GHz)


                      ------------------------------------------------------------------------------
2026-09-10 00:54:28   Running the PortModeSolver.

                      ------------------------------------------------------------------------------
2026-09-10 00:54:29     ----------------------------------------------------------------------------
                        Port   Mode   Type        Z-Wave        Z-Wave-Sigma  Z-Line        F-Cutoff
                        1      1      QTEM        226           16            49.3          ---
                        2      1      QTEM        225           12.7          49.3          ---
                        3      1      QTEM        225           13.6          49.3          ---
                        ----------------------------------------------------------------------------


                      ------------------------------------------------------------------------------
2026-09-10 00:54:37     Matrix setup time        :	1 s
                        Solver setup             :	5 s
                        Degrees of freedom       :	425283
                        Number of mesh cells     :	63099

                        Stimulation port         :	1
                        Mode number              :	1
                        Accuracy                 :	1.06158e-12
                        Iterations               :	1
                        Solver time              :	0 s


                      ------------------------------------------------------------------------------
2026-09-10 00:54:37     Stimulation port         :	2
                        Mode number              :	1
                        Accuracy                 :	8.1087e-13
                        Iterations               :	1
                        Solver time              :	0 s


                      ------------------------------------------------------------------------------
2026-09-10 00:54:37     Stimulation port         :	3
                        Mode number              :	1
                        Accuracy                 :	7.51694e-13
                        Iterations               :	1
                        Solver time              :	0 s


                      ------------------------------------------------------------------------------
2026-09-10 00:54:38     Generating results       :	1 s

                        Total time               :	9 s

                      ------------------------------------------------------------------------------
2026-09-10 00:54:38   

                      ------------------------------------------------------------------------------
2026-09-10 00:54:38     Calculation 5 (Frequency: 9.86 GHz)


                      ------------------------------------------------------------------------------
2026-09-10 00:54:38   Running the PortModeSolver.

                      ------------------------------------------------------------------------------
2026-09-10 00:54:39     ----------------------------------------------------------------------------
                        Port   Mode   Type        Z-Wave        Z-Wave-Sigma  Z-Line        F-Cutoff
                        1      1      QTEM        227           15.5          49.3          ---
                        2      1      QTEM        226           12.6          49.3          ---
                        3      1      QTEM        226           13.3          49.3          ---
                        ----------------------------------------------------------------------------


                      ------------------------------------------------------------------------------
2026-09-10 00:54:49     Matrix setup time        :	1 s
                        Solver setup             :	7 s
                        Degrees of freedom       :	425283
                        Number of mesh cells     :	63099

                        Stimulation port         :	1
                        Mode number              :	1
                        Accuracy                 :	8.68287e-13
                        Iterations               :	1
                        Solver time              :	1 s


                      ------------------------------------------------------------------------------
2026-09-10 00:54:49     Stimulation port         :	2
                        Mode number              :	1
                        Accuracy                 :	6.41064e-13
                        Iterations               :	1
                        Solver time              :	1 s


                      ------------------------------------------------------------------------------
2026-09-10 00:54:49     Stimulation port         :	3
                        Mode number              :	1
                        Accuracy                 :	6.07351e-13
                        Iterations               :	1
                        Solver time              :	1 s


                      ------------------------------------------------------------------------------
2026-09-10 00:54:51     Generating results       :	1 s

                        Total time               :	12 s

                      ------------------------------------------------------------------------------
2026-09-10 00:54:51   

                      ------------------------------------------------------------------------------
2026-09-10 00:54:51     Calculation 6 (Frequency: 11.828 GHz)


                      ------------------------------------------------------------------------------
2026-09-10 00:54:51   Running the PortModeSolver.

                      ------------------------------------------------------------------------------
2026-09-10 00:54:53     ----------------------------------------------------------------------------
                        Port   Mode   Type        Z-Wave        Z-Wave-Sigma  Z-Line        F-Cutoff
                        1      1      QTEM        227           15.9          49.3          ---
                        2      1      QTEM        225           12.6          49.3          ---
                        3      1      QTEM        225           13.7          49.3          ---
                        ----------------------------------------------------------------------------


                      ------------------------------------------------------------------------------
2026-09-10 00:55:04     Matrix setup time        :	1 s
                        Solver setup             :	9 s
                        Degrees of freedom       :	425283
                        Number of mesh cells     :	63099

                        Stimulation port         :	1
                        Mode number              :	1
                        Accuracy                 :	2.13184e-13
                        Iterations               :	1
                        Solver time              :	0 s


                      ------------------------------------------------------------------------------
2026-09-10 00:55:04     Stimulation port         :	2
                        Mode number              :	1
                        Accuracy                 :	2.13826e-13
                        Iterations               :	1
                        Solver time              :	0 s


                      ------------------------------------------------------------------------------
2026-09-10 00:55:04     Stimulation port         :	3
                        Mode number              :	1
                        Accuracy                 :	1.76474e-13
                        Iterations               :	1
                        Solver time              :	0 s


                      ------------------------------------------------------------------------------
2026-09-10 00:55:06     Generating results       :	1 s

                        Total time               :	14 s

                      ------------------------------------------------------------------------------
2026-09-10 00:55:06   

                      ------------------------------------------------------------------------------
2026-09-10 00:55:06     Calculation 7 (Frequency: 12.644 GHz)


                      ------------------------------------------------------------------------------
2026-09-10 00:55:06   Running the PortModeSolver.

                      ------------------------------------------------------------------------------
2026-09-10 00:55:07     ----------------------------------------------------------------------------
                        Port   Mode   Type        Z-Wave        Z-Wave-Sigma  Z-Line        F-Cutoff
                        1      1      QTEM        226           16            49.3          ---
                        2      1      QTEM        225           12.7          49.3          ---
                        3      1      QTEM        224           13.6          49.3          ---
                        ----------------------------------------------------------------------------


                      ------------------------------------------------------------------------------
2026-09-10 00:55:19     Matrix setup time        :	1 s
                        Solver setup             :	9 s
                        Degrees of freedom       :	425283
                        Number of mesh cells     :	63099

                        Stimulation port         :	1
                        Mode number              :	1
                        Accuracy                 :	9.99017e-13
                        Iterations               :	1
                        Solver time              :	0 s


                      ------------------------------------------------------------------------------
2026-09-10 00:55:19     Stimulation port         :	2
                        Mode number              :	1
                        Accuracy                 :	7.70227e-13
                        Iterations               :	1
                        Solver time              :	0 s


                      ------------------------------------------------------------------------------
2026-09-10 00:55:19     Stimulation port         :	3
                        Mode number              :	1
                        Accuracy                 :	8.2042e-13
                        Iterations               :	1
                        Solver time              :	0 s


                      ------------------------------------------------------------------------------
2026-09-10 00:55:21     Generating results       :	1 s

                        Total time               :	14 s

                      ------------------------------------------------------------------------------
2026-09-10 00:55:21   

                      ------------------------------------------------------------------------------
2026-09-10 00:55:21     Calculation 8 (Frequency: 10.496 GHz)


                      ------------------------------------------------------------------------------
2026-09-10 00:55:21   Running the PortModeSolver.

                      ------------------------------------------------------------------------------
2026-09-10 00:55:24     ----------------------------------------------------------------------------
                        Port   Mode   Type        Z-Wave        Z-Wave-Sigma  Z-Line        F-Cutoff
                        1      1      QTEM        227           15.6          49.3          ---
                        2      1      QTEM        225           12.7          49.3          ---
                        3      1      QTEM        226           13.5          49.3          ---
                        ----------------------------------------------------------------------------


                      ------------------------------------------------------------------------------
2026-09-10 00:55:35     Matrix setup time        :	2 s
                        Solver setup             :	7 s
                        Degrees of freedom       :	425283
                        Number of mesh cells     :	63099

                        Stimulation port         :	1
                        Mode number              :	1
                        Accuracy                 :	1.5539e-12
                        Iterations               :	1
                        Solver time              :	0 s


                      ------------------------------------------------------------------------------
2026-09-10 00:55:35     Stimulation port         :	2
                        Mode number              :	1
                        Accuracy                 :	9.09252e-13
                        Iterations               :	1
                        Solver time              :	0 s


                      ------------------------------------------------------------------------------
2026-09-10 00:55:35     Stimulation port         :	3
                        Mode number              :	1
                        Accuracy                 :	9.10412e-13
                        Iterations               :	1
                        Solver time              :	0 s


                      ------------------------------------------------------------------------------
2026-09-10 00:55:37     Generating results       :	1 s

                        Total time               :	15 s

                      ------------------------------------------------------------------------------
2026-09-10 00:55:37   

                      ------------------------------------------------------------------------------
2026-09-10 00:55:37     Calculation 9 (Frequency: 8.39 GHz)


                      ------------------------------------------------------------------------------
2026-09-10 00:55:37   Running the PortModeSolver.

                      ------------------------------------------------------------------------------
2026-09-10 00:55:38     ----------------------------------------------------------------------------
                        Port   Mode   Type        Z-Wave        Z-Wave-Sigma  Z-Line        F-Cutoff
                        1      1      QTEM        228           15.2          49.3          ---
                        2      1      QTEM        226           12.3          49.3          ---
                        3      1      QTEM        227           12.9          49.3          ---
                        ----------------------------------------------------------------------------


                      ------------------------------------------------------------------------------
2026-09-10 00:55:47     Matrix setup time        :	1 s
                        Solver setup             :	6 s
                        Degrees of freedom       :	425283
                        Number of mesh cells     :	63099

                        Stimulation port         :	1
                        Mode number              :	1
                        Accuracy                 :	6.63939e-13
                        Iterations               :	1
                        Solver time              :	0 s


                      ------------------------------------------------------------------------------
2026-09-10 00:55:47     Stimulation port         :	2
                        Mode number              :	1
                        Accuracy                 :	4.48233e-13
                        Iterations               :	1
                        Solver time              :	0 s


                      ------------------------------------------------------------------------------
2026-09-10 00:55:47     Stimulation port         :	3
                        Mode number              :	1
                        Accuracy                 :	4.63364e-13
                        Iterations               :	1
                        Solver time              :	0 s


                      ------------------------------------------------------------------------------
2026-09-10 00:55:49     Generating results       :	1 s

                        Total time               :	11 s

                      ------------------------------------------------------------------------------
2026-09-10 00:55:49   

                      ------------------------------------------------------------------------------
2026-09-10 00:55:49     Calculation 10 (Frequency: 13.568 GHz)


                      ------------------------------------------------------------------------------
2026-09-10 00:55:49   Running the PortModeSolver.

                      ------------------------------------------------------------------------------
2026-09-10 00:55:50     ----------------------------------------------------------------------------
                        Port   Mode   Type        Z-Wave        Z-Wave-Sigma  Z-Line        F-Cutoff
                        1      1      QTEM        226           16.2          49.3          ---
                        2      1      QTEM        224           12.6          49.3          ---
                        3      1      QTEM        224           13.7          49.3          ---
                        ----------------------------------------------------------------------------


                      ------------------------------------------------------------------------------
2026-09-10 00:56:00     Matrix setup time        :	1 s
                        Solver setup             :	7 s
                        Degrees of freedom       :	425283
                        Number of mesh cells     :	63099

                        Stimulation port         :	1
                        Mode number              :	1
                        Accuracy                 :	1.5623e-12
                        Iterations               :	1
                        Solver time              :	0 s


                      ------------------------------------------------------------------------------
2026-09-10 00:56:00     Stimulation port         :	2
                        Mode number              :	1
                        Accuracy                 :	1.10282e-12
                        Iterations               :	1
                        Solver time              :	0 s


                      ------------------------------------------------------------------------------
2026-09-10 00:56:00     Stimulation port         :	3
                        Mode number              :	1
                        Accuracy                 :	1.06147e-12
                        Iterations               :	1
                        Solver time              :	0 s


                      ------------------------------------------------------------------------------
2026-09-10 00:56:01     Generating results       :	1 s

                        Total time               :	12 s

                      ------------------------------------------------------------------------------
2026-09-10 00:56:01   

                      ------------------------------------------------------------------------------
2026-09-10 00:56:01   Finished the general purpose interpolative broadband frequency sweep:
                      All broadband sweep convergence criteria have been satisfied after
                      calculating 10 frequency samples:

                        Broadband sweep error threshold value :  0.01 (All S-Parameters) 
                        Number of error criterion checks      :  2 (All S-Parameters) 
                        Minimum number of samples             :  3
                        Number of data samples, linear        :  1001

                      ------------------------------------------------------------------------------
2026-09-10 00:56:01     Number of mesh cells     :	63099
                        Degrees of freedom       :	425283
                        Total Solver Time        :	241 s	 (= 0 h, 04 m, 01 s)
                        Free disk space          :	107 GB
                      ================================================================================



                      ------------------------------------------------------------------------------
2026-09-10 00:56:02     ----------------------------------------------------------------------------
                                            Peak memory used (GB)         Free physical memory (GB) 
                                                                          At begin     Minimum      
                        ----------------------------------------------------------------------------
                        Solver start        0.025                         15.758       15.757       
                        Eq. system setup    1.107                         14.744       13.283       
                        Eq. system solve    2.557                         14.702       11.519       
                        Mesh refinement     0.646                         14.735       14.432       
                        Field monitor calc. 0.896                         14.324       13.226       
                        Solver run total    2.557                         15.758       11.519       

                        Computer name       DESKTOP-9C14OLV
                        ----------------------------------------------------------------------------


                      ------------------------------------------------------------------------------
2026-09-10 00:56:02   Running post-processing.

                      ------------------------------------------------------------------------------
2026-09-10 00:56:04   Post-processing finished.

                      ------------------------------------------------------------------------------
2026-09-10 00:56:04   Creating parametric 1D results for Run ID 2

                      ------------------------------------------------------------------------------
