*** STARTING PCB CONVERSION ***

Importing F:\NSF\WPD1\gerber\WPD1-F_Cu.gbr... [Sun Aug 30 06:37:33 2026]
============================================================
Reading Gerber files ...

Broken shape: <ShapeWithHoles (shape: 6 segments, 0 holes, 0 errors)>Shape:
<Shape with 6 segments>
0: CurveSegment( R2(156.439, -71.3821), R2(157.505, -71.3821)), # l=1.0668>
1: CurveSegment( R2(157.505, -71.3821), R2(157.505, -71.3821), R2(157.505, -71.3821), 1.25e-05), # l=1.9635e-05>
2: CurveSegment( R2(157.505, -71.3821), R2(157.505, -71.382), R2(157.505, -71.3821), 1.25e-05), # l=1.9635e-05>
3: CurveSegment( R2(157.505, -71.382), R2(156.439, -71.382)), # l=1.0668>
4: CurveSegment( R2(156.439, -71.382), R2(156.439, -71.3821), R2(156.439, -71.3821), 1.25e-05), # l=1.9635e-05>
5: CurveSegment( R2(156.439, -71.3821), R2(156.439, -71.3821), R2(156.439, -71.3821), 1.25e-05), # l=1.9635e-05>

Broken shape: <ShapeWithHoles (shape: 6 segments, 0 holes, 0 errors)>Shape:
<Shape with 6 segments>
0: CurveSegment( R2(157.505, -71.3821), R2(157.505, -72.4489)), # l=1.0668>
1: CurveSegment( R2(157.505, -72.4489), R2(157.505, -72.4489), R2(157.505, -72.4489), 1.25e-05), # l=1.9635e-05>
2: CurveSegment( R2(157.505, -72.4489), R2(157.505, -72.4489), R2(157.505, -72.4489), 1.25e-05), # l=1.9635e-05>
3: CurveSegment( R2(157.505, -72.4489), R2(157.505, -71.3821)), # l=1.0668>
4: CurveSegment( R2(157.505, -71.3821), R2(157.505, -71.382), R2(157.505, -71.3821), 1.25e-05), # l=1.9635e-05>
5: CurveSegment( R2(157.505, -71.382), R2(157.505, -71.3821), R2(157.505, -71.3821), 1.25e-05), # l=1.9635e-05>

Broken shape: <ShapeWithHoles (shape: 6 segments, 0 holes, 0 errors)>Shape:
<Shape with 6 segments>
0: CurveSegment( R2(157.505, -72.4488), R2(156.439, -72.4488)), # l=1.0668>
1: CurveSegment( R2(156.439, -72.4488), R2(156.439, -72.4489), R2(156.439, -72.4489), 1.25e-05), # l=1.9635e-05>
2: CurveSegment( R2(156.439, -72.4489), R2(156.439, -72.4489), R2(156.439, -72.4489), 1.25e-05), # l=1.9635e-05>
3: CurveSegment( R2(156.439, -72.4489), R2(157.505, -72.4489)), # l=1.0668>
4: CurveSegment( R2(157.505, -72.4489), R2(157.505, -72.4489), R2(157.505, -72.4489), 1.25e-05), # l=1.9635e-05>
5: CurveSegment( R2(157.505, -72.4489), R2(157.505, -72.4488), R2(157.505, -72.4489), 1.25e-05), # l=1.9635e-05>

Broken shape: <ShapeWithHoles (shape: 6 segments, 0 holes, 0 errors)>Shape:
<Shape with 6 segments>
0: CurveSegment( R2(156.439, -72.4489), R2(156.439, -71.3821)), # l=1.0668>
1: CurveSegment( R2(156.439, -71.3821), R2(156.439, -71.382), R2(156.439, -71.3821), 1.25e-05), # l=1.9635e-05>
2: CurveSegment( R2(156.439, -71.382), R2(156.439, -71.3821), R2(156.439, -71.3821), 1.25e-05), # l=1.9635e-05>
3: CurveSegment( R2(156.439, -71.3821), R2(156.439, -72.4489)), # l=1.0668>
4: CurveSegment( R2(156.439, -72.4489), R2(156.439, -72.4489), R2(156.439, -72.4489), 1.25e-05), # l=1.9635e-05>
5: CurveSegment( R2(156.439, -72.4489), R2(156.439, -72.4489), R2(156.439, -72.4489), 1.25e-05), # l=1.9635e-05>

Finished reading Gerber database.
============================================================
Further warnings:
WARNING: Shape deleted upon healing.
 (4 times)
WARNING: empty None shape after healing (skipped) (4 times)
*** ENDING PCB CONVERSION with SUCCESS after 1 second ***

========== Starting Layout Check ==========
Checking geometry
Looking for geometry artifacts
Looking for healed shape problems

========== End Layout Check ==========
