2026-09-08 01:42:20   In order to get an optimal performance, hyperthreading is ignored for parallel
                      computations.

                      ------------------------------------------------------------------------------
2026-09-08 01:42:20   The length ratio between the shortest and the longest model edges is 1:4402.
                      Short model edges can be highlighted via Mesh:Mesh Control->Check Mesh->Check
                      Model Edge Length.... (It may be advantageous to model the metallizations as
                      infinitely thin sheets.) More...

                      ------------------------------------------------------------------------------
2026-09-08 01:42:23   Units settings: 

                        Dimensions: mil
                        Frequency:  GHz
                        Time:       ns

                      ------------------------------------------------------------------------------
2026-09-08 01:42:23   Boundary conditions: 

                        YZsymmetry: none
                        XZsymmetry: none
                        XYsymmetry: none

                        Xmin: expanded open
                        Xmax: expanded open

                        Ymin: electric
                        Ymax: electric

                        Zmin: electric
                        Zmax: expanded open

                      ------------------------------------------------------------------------------
2026-09-08 01:42:23   Order settings: 

                        Solver order   : 2nd (constant)
                        Curved elements: up to order 3 (automatic)

                      ------------------------------------------------------------------------------
2026-09-08 01:42:23     Mesh time                :	3 s


                      ------------------------------------------------------------------------------
2026-09-08 01:42:23   
                      ================================================================================
                      Frequency Domain Solver calculation cycle started

                      ------------------------------------------------------------------------------
2026-09-08 01:42:23   Solver started at: 2026-09-08 01:42:23 -0700

                        Module:  Frequency Domain: S-Parameter (Win 64)
                        Version: 2026.5 Release from 2026-06-18 (change 1767070)

                        Free disk space at solver start is 114 GB.


                      ------------------------------------------------------------------------------
2026-09-08 01:42:23   An iterative solver will be used first.

                      ------------------------------------------------------------------------------
2026-09-08 01:42:24   The wavelength based mesh refinement has been applied to 0.3% of all mesh edges.

                      ------------------------------------------------------------------------------
2026-09-08 01:42:24   For some elements the curvature had to be reduced to maintain the quality of the mesh. More...

                      ------------------------------------------------------------------------------
2026-09-08 01:42:24     Calculation 1 of 1 (Frequency: 9.5 GHz)


                      ------------------------------------------------------------------------------
2026-09-08 01:42:24   Using electric shielding for ports 1, 2, 3.

                      ------------------------------------------------------------------------------
2026-09-08 01:42:25   For some elements the curvature had to be reduced to maintain the quality of the mesh. More...

                      ------------------------------------------------------------------------------
2026-09-08 01:42:25   Running the PortModeSolver.

                      ------------------------------------------------------------------------------
2026-09-08 01:42:26   For some elements the curvature had to be reduced to maintain the quality of the mesh. More...

                      ------------------------------------------------------------------------------
2026-09-08 01:42:27   For some elements the curvature had to be reduced to maintain the quality of the mesh. More...

                      ------------------------------------------------------------------------------
2026-09-08 01:42:27   For some elements the curvature had to be reduced to maintain the quality of the mesh. More...

                      ------------------------------------------------------------------------------
2026-09-08 01:42:28   For some elements the curvature had to be reduced to maintain the quality of the mesh. More...

                      ------------------------------------------------------------------------------
2026-09-08 01:42:29   For some elements the curvature had to be reduced to maintain the quality of the mesh. More...

                      ------------------------------------------------------------------------------
2026-09-08 01:42:30   For some elements the curvature had to be reduced to maintain the quality of the mesh. More...

                      ------------------------------------------------------------------------------
2026-09-08 01:42:31   For some elements the curvature had to be reduced to maintain the quality of the mesh. More...

                      ------------------------------------------------------------------------------
2026-09-08 01:42:33   For some elements the curvature had to be reduced to maintain the quality of the mesh. More...

                      ------------------------------------------------------------------------------
2026-09-08 01:42:34     ----------------------------------------------------------------------------
                        Port   Mode   Type        Z-Wave        Z-Wave-Sigma  Z-Line        F-Cutoff
                        1      1      QTEM        225           17            49.3          ---
                        2      1      QTEM        229           20.3          49.3          ---
                        3      1      QTEM        229           21.2          49.3          ---
                        ----------------------------------------------------------------------------


                      ------------------------------------------------------------------------------
2026-09-08 01:42:35   Adaptive mesh refinement pass 1

                      ------------------------------------------------------------------------------
2026-09-08 01:42:35   Performing block excitation with block size 3 and 4 threads.  More...

                      ------------------------------------------------------------------------------
2026-09-08 01:42:41     Matrix setup time        :	0 s
                        Degrees of freedom       :	57699
                        Number of mesh cells     :	8585

                        Stimulation port         :	1
                        Mode number              :	1
                        Accuracy                 :	7.94506e-05
                        Iterations               :	146
                        Solver time              :	5 s


                      ------------------------------------------------------------------------------
2026-09-08 01:42:41     Stimulation port         :	2
                        Mode number              :	1
                        Accuracy                 :	8.84081e-05
                        Iterations               :	138
                        Solver time              :	4 s


                      ------------------------------------------------------------------------------
2026-09-08 01:42:41     Stimulation port         :	3
                        Mode number              :	1
                        Accuracy                 :	9.07858e-05
                        Iterations               :	149
                        Solver time              :	5 s


                      ------------------------------------------------------------------------------
2026-09-08 01:42:41   6% of all mesh edges seem to be longer than expected. The adaptive mesh refinement's growth limitation will therefore 
                      use 12150 instead of 8184 mesh cells as a reference.

                      ------------------------------------------------------------------------------
2026-09-08 01:42:42   For some elements the curvature had to be reduced to maintain the quality of the mesh. More...

                      ------------------------------------------------------------------------------
2026-09-08 01:42:42   Adaptive mesh refinement pass 2

                      ------------------------------------------------------------------------------
2026-09-08 01:42:48     Matrix setup time        :	0 s
                        Degrees of freedom       :	68993
                        Number of mesh cells     :	10264

                        Stimulation port         :	1
                        Mode number              :	1
                        Accuracy                 :	7.79126e-05
                        Iterations               :	100
                        Solver time              :	4 s


                      ------------------------------------------------------------------------------
2026-09-08 01:42:48     Stimulation port         :	2
                        Mode number              :	1
                        Accuracy                 :	7.33447e-05
                        Iterations               :	121
                        Solver time              :	4 s


                      ------------------------------------------------------------------------------
2026-09-08 01:42:48     Stimulation port         :	3
                        Mode number              :	1
                        Accuracy                 :	5.69454e-05
                        Iterations               :	125
                        Solver time              :	4 s


                      ------------------------------------------------------------------------------
2026-09-08 01:42:48     Delta calculation        
2026-09-08 01:42:48     All S-Parameters         :	0.107636
2026-09-08 01:42:48   

                      ------------------------------------------------------------------------------
2026-09-08 01:42:49   For some elements the curvature had to be reduced to maintain the quality of the mesh. More...

                      ------------------------------------------------------------------------------
2026-09-08 01:42:50   Adaptive mesh refinement pass 3

                      ------------------------------------------------------------------------------
2026-09-08 01:42:55     Matrix setup time        :	0 s
                        Degrees of freedom       :	88129
                        Number of mesh cells     :	13106

                        Stimulation port         :	1
                        Mode number              :	1
                        Accuracy                 :	5.77179e-05
                        Iterations               :	86
                        Solver time              :	4 s


                      ------------------------------------------------------------------------------
2026-09-08 01:42:55     Stimulation port         :	2
                        Mode number              :	1
                        Accuracy                 :	5.96774e-05
                        Iterations               :	86
                        Solver time              :	4 s


                      ------------------------------------------------------------------------------
2026-09-08 01:42:55     Stimulation port         :	3
                        Mode number              :	1
                        Accuracy                 :	4.35563e-05
                        Iterations               :	86
                        Solver time              :	4 s


                      ------------------------------------------------------------------------------
2026-09-08 01:42:56     Delta calculation        
2026-09-08 01:42:56     All S-Parameters         :	0.0554747
2026-09-08 01:42:56   

                      ------------------------------------------------------------------------------
2026-09-08 01:42:58   Adaptive mesh refinement pass 4

                      ------------------------------------------------------------------------------
2026-09-08 01:43:05     Matrix setup time        :	0 s
                        Degrees of freedom       :	134713
                        Number of mesh cells     :	19993

                        Stimulation port         :	1
                        Mode number              :	1
                        Accuracy                 :	9.06981e-05
                        Iterations               :	61
                        Solver time              :	5 s


                      ------------------------------------------------------------------------------
2026-09-08 01:43:05     Stimulation port         :	2
                        Mode number              :	1
                        Accuracy                 :	5.7866e-05
                        Iterations               :	68
                        Solver time              :	5 s


                      ------------------------------------------------------------------------------
2026-09-08 01:43:05     Stimulation port         :	3
                        Mode number              :	1
                        Accuracy                 :	9.36563e-05
                        Iterations               :	60
                        Solver time              :	5 s


                      ------------------------------------------------------------------------------
2026-09-08 01:43:06     Delta calculation        
2026-09-08 01:43:06     All S-Parameters         :	0.0422182
2026-09-08 01:43:06   

                      ------------------------------------------------------------------------------
2026-09-08 01:43:09   For some elements the curvature had to be reduced to maintain the quality of the mesh. More...

                      ------------------------------------------------------------------------------
2026-09-08 01:43:10   Adaptive mesh refinement pass 5

                      ------------------------------------------------------------------------------
2026-09-08 01:43:20     Matrix setup time        :	1 s
                        Degrees of freedom       :	206821
                        Number of mesh cells     :	30571

                        Stimulation port         :	1
                        Mode number              :	1
                        Accuracy                 :	9.17019e-05
                        Iterations               :	54
                        Solver time              :	7 s


                      ------------------------------------------------------------------------------
2026-09-08 01:43:20     Stimulation port         :	2
                        Mode number              :	1
                        Accuracy                 :	9.52539e-05
                        Iterations               :	59
                        Solver time              :	8 s


                      ------------------------------------------------------------------------------
2026-09-08 01:43:20     Stimulation port         :	3
                        Mode number              :	1
                        Accuracy                 :	9.95488e-05
                        Iterations               :	51
                        Solver time              :	7 s


                      ------------------------------------------------------------------------------
2026-09-08 01:43:21     Delta calculation        
2026-09-08 01:43:21     All S-Parameters         :	0.0206779
2026-09-08 01:43:21   

                      ------------------------------------------------------------------------------
2026-09-08 01:43:26   Adaptive mesh refinement pass 6

                      ------------------------------------------------------------------------------
2026-09-08 01:43:42     Matrix setup time        :	1 s
                        Degrees of freedom       :	293771
                        Number of mesh cells     :	43591

                        Stimulation port         :	1
                        Mode number              :	1
                        Accuracy                 :	7.86209e-05
                        Iterations               :	58
                        Solver time              :	12 s


                      ------------------------------------------------------------------------------
2026-09-08 01:43:42     Stimulation port         :	2
                        Mode number              :	1
                        Accuracy                 :	4.74907e-05
                        Iterations               :	57
                        Solver time              :	12 s


                      ------------------------------------------------------------------------------
2026-09-08 01:43:42     Stimulation port         :	3
                        Mode number              :	1
                        Accuracy                 :	9.09671e-05
                        Iterations               :	54
                        Solver time              :	11 s


                      ------------------------------------------------------------------------------
2026-09-08 01:43:42     Delta calculation        
2026-09-08 01:43:42     All S-Parameters         :	0.01552
2026-09-08 01:43:42   

                      ------------------------------------------------------------------------------
2026-09-08 01:43:42   Mesh adaptation terminated because the desired accuracy limit is reached.

                      ------------------------------------------------------------------------------
2026-09-08 01:43:42     Total time               :	77 s	 (= 0 h, 01 m, 17 s)

                      ------------------------------------------------------------------------------
2026-09-08 01:43:42   

                      ------------------------------------------------------------------------------
2026-09-08 01:43:43     Calculation 2 (Frequency: 7.5 GHz)


                      ------------------------------------------------------------------------------
2026-09-08 01:43:43   Running the PortModeSolver.

                      ------------------------------------------------------------------------------
2026-09-08 01:43:44     ----------------------------------------------------------------------------
                        Port   Mode   Type        Z-Wave        Z-Wave-Sigma  Z-Line        F-Cutoff
                        1      1      QTEM        227           18            49.3          ---
                        2      1      QTEM        231           21.1          49.3          ---
                        3      1      QTEM        230           20.7          49.3          ---
                        ----------------------------------------------------------------------------


                      ------------------------------------------------------------------------------
2026-09-08 01:43:57     Matrix setup time        :	1 s
                        Degrees of freedom       :	293771
                        Number of mesh cells     :	43591

                        Stimulation port         :	1
                        Mode number              :	1
                        Accuracy                 :	8.79028e-05
                        Iterations               :	54
                        Solver time              :	11 s


                      ------------------------------------------------------------------------------
2026-09-08 01:43:57     Stimulation port         :	2
                        Mode number              :	1
                        Accuracy                 :	7.92843e-05
                        Iterations               :	52
                        Solver time              :	10 s


                      ------------------------------------------------------------------------------
2026-09-08 01:43:57     Stimulation port         :	3
                        Mode number              :	1
                        Accuracy                 :	8.60344e-05
                        Iterations               :	54
                        Solver time              :	11 s


                      ------------------------------------------------------------------------------
2026-09-08 01:43:57     Total time               :	14 s

                      ------------------------------------------------------------------------------
2026-09-08 01:43:57   

                      ------------------------------------------------------------------------------
2026-09-08 01:43:57     Calculation 3 (Frequency: 8.5 GHz)


                      ------------------------------------------------------------------------------
2026-09-08 01:43:57   Running the PortModeSolver.

                      ------------------------------------------------------------------------------
2026-09-08 01:43:58     ----------------------------------------------------------------------------
                        Port   Mode   Type        Z-Wave        Z-Wave-Sigma  Z-Line        F-Cutoff
                        1      1      QTEM        226           17.9          49.3          ---
                        2      1      QTEM        230           21.4          49.3          ---
                        3      1      QTEM        229           20.9          49.3          ---
                        ----------------------------------------------------------------------------


                      ------------------------------------------------------------------------------
2026-09-08 01:44:09     Matrix setup time        :	1 s
                        Degrees of freedom       :	293771
                        Number of mesh cells     :	43591

                        Stimulation port         :	1
                        Mode number              :	1
                        Accuracy                 :	9.79187e-05
                        Iterations               :	44
                        Solver time              :	9 s


                      ------------------------------------------------------------------------------
2026-09-08 01:44:09     Stimulation port         :	2
                        Mode number              :	1
                        Accuracy                 :	8.5907e-05
                        Iterations               :	39
                        Solver time              :	8 s


                      ------------------------------------------------------------------------------
2026-09-08 01:44:09     Stimulation port         :	3
                        Mode number              :	1
                        Accuracy                 :	6.51281e-05
                        Iterations               :	44
                        Solver time              :	9 s


                      ------------------------------------------------------------------------------
2026-09-08 01:44:10     Total time               :	11 s

                      ------------------------------------------------------------------------------
2026-09-08 01:44:10   

                      ------------------------------------------------------------------------------
2026-09-08 01:44:10     Calculation 4 (Frequency: 9 GHz)


                      ------------------------------------------------------------------------------
2026-09-08 01:44:10   Running the PortModeSolver.

                      ------------------------------------------------------------------------------
2026-09-08 01:44:11     ----------------------------------------------------------------------------
                        Port   Mode   Type        Z-Wave        Z-Wave-Sigma  Z-Line        F-Cutoff
                        1      1      QTEM        225           16.9          49.3          ---
                        2      1      QTEM        230           21.5          49.3          ---
                        3      1      QTEM        229           21            49.3          ---
                        ----------------------------------------------------------------------------


                      ------------------------------------------------------------------------------
2026-09-08 01:44:17     Matrix setup time        :	1 s
                        Degrees of freedom       :	293771
                        Number of mesh cells     :	43591

                        Stimulation port         :	1
                        Mode number              :	1
                        Accuracy                 :	9.1714e-05
                        Iterations               :	19
                        Solver time              :	4 s


                      ------------------------------------------------------------------------------
2026-09-08 01:44:17     Stimulation port         :	2
                        Mode number              :	1
                        Accuracy                 :	9.69425e-05
                        Iterations               :	14
                        Solver time              :	3 s


                      ------------------------------------------------------------------------------
2026-09-08 01:44:17     Stimulation port         :	3
                        Mode number              :	1
                        Accuracy                 :	9.15055e-05
                        Iterations               :	15
                        Solver time              :	3 s


                      ------------------------------------------------------------------------------
2026-09-08 01:44:18     Total time               :	7 s

                      ------------------------------------------------------------------------------
2026-09-08 01:44:18   

                      ------------------------------------------------------------------------------
2026-09-08 01:44:18     Calculation 5 (Frequency: 8.138 GHz)


                      ------------------------------------------------------------------------------
2026-09-08 01:44:18   Running the PortModeSolver.

                      ------------------------------------------------------------------------------
2026-09-08 01:44:19     ----------------------------------------------------------------------------
                        Port   Mode   Type        Z-Wave        Z-Wave-Sigma  Z-Line        F-Cutoff
                        1      1      QTEM        226           17.9          49.3          ---
                        2      1      QTEM        231           21.3          49.3          ---
                        3      1      QTEM        229           20.8          49.3          ---
                        ----------------------------------------------------------------------------


                      ------------------------------------------------------------------------------
2026-09-08 01:44:24     Matrix setup time        :	1 s
                        Degrees of freedom       :	293771
                        Number of mesh cells     :	43591

                        Stimulation port         :	1
                        Mode number              :	1
                        Accuracy                 :	9.627e-05
                        Iterations               :	11
                        Solver time              :	2 s


                      ------------------------------------------------------------------------------
2026-09-08 01:44:24     Stimulation port         :	2
                        Mode number              :	1
                        Accuracy                 :	8.77826e-05
                        Iterations               :	10
                        Solver time              :	2 s


                      ------------------------------------------------------------------------------
2026-09-08 01:44:24     Stimulation port         :	3
                        Mode number              :	1
                        Accuracy                 :	9.92783e-05
                        Iterations               :	7
                        Solver time              :	1 s


                      ------------------------------------------------------------------------------
2026-09-08 01:44:25     Total time               :	5 s

                      ------------------------------------------------------------------------------
2026-09-08 01:44:25   

                      ------------------------------------------------------------------------------
2026-09-08 01:44:25     Calculation 6 (Frequency: 8.726 GHz)


                      ------------------------------------------------------------------------------
2026-09-08 01:44:25   Running the PortModeSolver.

                      ------------------------------------------------------------------------------
2026-09-08 01:44:26     ----------------------------------------------------------------------------
                        Port   Mode   Type        Z-Wave        Z-Wave-Sigma  Z-Line        F-Cutoff
                        1      1      QTEM        226           18            49.3          ---
                        2      1      QTEM        230           21.4          49.3          ---
                        3      1      QTEM        229           21            49.3          ---
                        ----------------------------------------------------------------------------


                      ------------------------------------------------------------------------------
2026-09-08 01:44:30     Matrix setup time        :	1 s
                        Solver setup             :	1 s
                        Degrees of freedom       :	293771
                        Number of mesh cells     :	43591

                        Stimulation port         :	1
                        Mode number              :	1
                        Accuracy                 :	9.39708e-05
                        Iterations               :	5
                        Solver time              :	1 s


                      ------------------------------------------------------------------------------
2026-09-08 01:44:30     Stimulation port         :	2
                        Mode number              :	1
                        Accuracy                 :	9.29464e-05
                        Iterations               :	6
                        Solver time              :	1 s


                      ------------------------------------------------------------------------------
2026-09-08 01:44:30     Stimulation port         :	3
                        Mode number              :	1
                        Accuracy                 :	8.9702e-05
                        Iterations               :	5
                        Solver time              :	1 s


                      ------------------------------------------------------------------------------
2026-09-08 01:44:31     Total time               :	5 s

                      ------------------------------------------------------------------------------
2026-09-08 01:44:31   

                      ------------------------------------------------------------------------------
2026-09-08 01:44:31   Finished the general purpose interpolative broadband frequency sweep:
                      All broadband sweep convergence criteria have been satisfied after
                      calculating 6 frequency samples:

                        Broadband sweep error threshold value :  0.01 (All S-Parameters) 
                        Number of error criterion checks      :  2 (All S-Parameters) 
                        Minimum number of samples             :  3
                        Number of data samples, linear        :  1001

                      ------------------------------------------------------------------------------
2026-09-08 01:44:31     Number of mesh cells     :	43591
                        Degrees of freedom       :	293771
                        Total Solver Time        :	129 s	 (= 0 h, 02 m, 09 s)
                        Free disk space          :	114 GB
                      ================================================================================



                      ------------------------------------------------------------------------------
2026-09-08 01:44:32     ----------------------------------------------------------------------------
                                            Peak memory used (GB)         Free physical memory (GB) 
                                                                          At begin     Minimum      
                        ----------------------------------------------------------------------------
                        Solver start        0.025                         15.559       15.558       
                        Eq. system setup    0.691                         15.453       14.803       
                        Eq. system solve    0.814                         15.425       14.705       
                        Mesh refinement     0.465                         15.374       15.131       
                        Field monitor calc. 0.708                         14.859       14.812       
                        Solver run total    0.810                         15.559       14.705       

                        Computer name       DESKTOP-9C14OLV
                        ----------------------------------------------------------------------------


                      ------------------------------------------------------------------------------
2026-09-08 01:44:32   Running post-processing.

                      ------------------------------------------------------------------------------
2026-09-08 01:44:34   Post-processing finished.

                      ------------------------------------------------------------------------------
2026-09-08 01:44:34   Creating parametric 1D results for Run ID 1

                      ------------------------------------------------------------------------------
