*** STARTING PCB CONVERSION ***

Importing F:\NSF\WPD1\WPD1_V2\gerber\wpd1_v2.mlpcb... [Mon Sep  7 16:35:04 2026]
============================================================
Reading Multilayer PCB file ...

WARNING: Broken shape: <ShapeWithHoles (shape: 6 segments, 0 holes, 0 errors)>Shape:
<Shape with 6 segments>
0: CurveSegment( R2(7020, -3610), R2(7122, -3610)), # l=102>
1: CurveSegment( R2(7122, -3610), R2(7122, -3610), R2(7122, -3610), 0.000492126), # l=0.00077303>
2: CurveSegment( R2(7122, -3610), R2(7122, -3610), R2(7122, -3610), 0.000492126), # l=0.00077303>
3: CurveSegment( R2(7122, -3610), R2(7020, -3610)), # l=102>
4: CurveSegment( R2(7020, -3610), R2(7020, -3610), R2(7020, -3610), 0.000492126), # l=0.000773045>
5: CurveSegment( R2(7020, -3610), R2(7020, -3610), R2(7020, -3610), 0.000492126), # l=0.000773045>

WARNING: Broken shape: <ShapeWithHoles (shape: 6 segments, 0 holes, 0 errors)>Shape:
<Shape with 6 segments>
0: CurveSegment( R2(7122, -3610), R2(7122, -3652)), # l=42>
1: CurveSegment( R2(7122, -3652), R2(7122, -3652), R2(7122, -3652), 0.000492126), # l=0.00077303>
2: CurveSegment( R2(7122, -3652), R2(7122, -3652), R2(7122, -3652), 0.000492126), # l=0.00077303>
3: CurveSegment( R2(7122, -3652), R2(7122, -3610)), # l=42>
4: CurveSegment( R2(7122, -3610), R2(7122, -3610), R2(7122, -3610), 0.000492126), # l=0.00077303>
5: CurveSegment( R2(7122, -3610), R2(7122, -3610), R2(7122, -3610), 0.000492126), # l=0.00077303>

WARNING: Broken shape: <ShapeWithHoles (shape: 6 segments, 0 holes, 0 errors)>Shape:
<Shape with 6 segments>
0: CurveSegment( R2(7122, -3652), R2(7020, -3652)), # l=102>
1: CurveSegment( R2(7020, -3652), R2(7020, -3652), R2(7020, -3652), 0.000492126), # l=0.00077303>
2: CurveSegment( R2(7020, -3652), R2(7020, -3652), R2(7020, -3652), 0.000492126), # l=0.00077303>
3: CurveSegment( R2(7020, -3652), R2(7122, -3652)), # l=102>
4: CurveSegment( R2(7122, -3652), R2(7122, -3652), R2(7122, -3652), 0.000492126), # l=0.000773045>
5: CurveSegment( R2(7122, -3652), R2(7122, -3652), R2(7122, -3652), 0.000492126), # l=0.000773045>

WARNING: Broken shape: <ShapeWithHoles (shape: 6 segments, 0 holes, 0 errors)>Shape:
<Shape with 6 segments>
0: CurveSegment( R2(7020, -3652), R2(7020, -3610)), # l=42>
1: CurveSegment( R2(7020, -3610), R2(7020, -3610), R2(7020, -3610), 0.000492126), # l=0.00077303>
2: CurveSegment( R2(7020, -3610), R2(7020, -3610), R2(7020, -3610), 0.000492126), # l=0.00077303>
3: CurveSegment( R2(7020, -3610), R2(7020, -3652)), # l=42>
4: CurveSegment( R2(7020, -3652), R2(7020, -3652), R2(7020, -3652), 0.000492126), # l=0.00077303>
5: CurveSegment( R2(7020, -3652), R2(7020, -3652), R2(7020, -3652), 0.000492126), # l=0.00077303>

WARNING: Broken shape: <ShapeWithHoles (shape: 6 segments, 0 holes, 0 errors)>Shape:
<Shape with 6 segments>
0: CurveSegment( R2(7020, -2120), R2(7122, -2120)), # l=102>
1: CurveSegment( R2(7122, -2120), R2(7122, -2120), R2(7122, -2120), 0.000492126), # l=0.00077303>
2: CurveSegment( R2(7122, -2120), R2(7122, -2120), R2(7122, -2120), 0.000492126), # l=0.00077303>
3: CurveSegment( R2(7122, -2120), R2(7020, -2120)), # l=102>
4: CurveSegment( R2(7020, -2120), R2(7020, -2120), R2(7020, -2120), 0.000492126), # l=0.00077303>
5: CurveSegment( R2(7020, -2120), R2(7020, -2120), R2(7020, -2120), 0.000492126), # l=0.00077303>

WARNING: Broken shape: <ShapeWithHoles (shape: 6 segments, 0 holes, 0 errors)>Shape:
<Shape with 6 segments>
0: CurveSegment( R2(7122, -2120), R2(7122, -2162)), # l=42>
1: CurveSegment( R2(7122, -2162), R2(7122, -2162), R2(7122, -2162), 0.000492126), # l=0.00077303>
2: CurveSegment( R2(7122, -2162), R2(7122, -2162), R2(7122, -2162), 0.000492126), # l=0.00077303>
3: CurveSegment( R2(7122, -2162), R2(7122, -2120)), # l=42>
4: CurveSegment( R2(7122, -2120), R2(7122, -2120), R2(7122, -2120), 0.000492126), # l=0.00077303>
5: CurveSegment( R2(7122, -2120), R2(7122, -2120), R2(7122, -2120), 0.000492126), # l=0.00077303>

WARNING: Broken shape: <ShapeWithHoles (shape: 6 segments, 0 holes, 0 errors)>Shape:
<Shape with 6 segments>
0: CurveSegment( R2(7122, -2162), R2(7020, -2162)), # l=102>
1: CurveSegment( R2(7020, -2162), R2(7020, -2162), R2(7020, -2162), 0.000492126), # l=0.00077303>
2: CurveSegment( R2(7020, -2162), R2(7020, -2162), R2(7020, -2162), 0.000492126), # l=0.00077303>
3: CurveSegment( R2(7020, -2162), R2(7122, -2162)), # l=102>
4: CurveSegment( R2(7122, -2162), R2(7122, -2162), R2(7122, -2162), 0.000492126), # l=0.00077303>
5: CurveSegment( R2(7122, -2162), R2(7122, -2162), R2(7122, -2162), 0.000492126), # l=0.00077303>

WARNING: Broken shape: <ShapeWithHoles (shape: 6 segments, 0 holes, 0 errors)>Shape:
<Shape with 6 segments>
0: CurveSegment( R2(7020, -2162), R2(7020, -2120)), # l=42>
1: CurveSegment( R2(7020, -2120), R2(7020, -2120), R2(7020, -2120), 0.000492126), # l=0.00077303>
2: CurveSegment( R2(7020, -2120), R2(7020, -2120), R2(7020, -2120), 0.000492126), # l=0.00077303>
3: CurveSegment( R2(7020, -2120), R2(7020, -2162)), # l=42>
4: CurveSegment( R2(7020, -2162), R2(7020, -2162), R2(7020, -2162), 0.000492126), # l=0.00077303>
5: CurveSegment( R2(7020, -2162), R2(7020, -2162), R2(7020, -2162), 0.000492126), # l=0.00077303>

Added layer SOLDER_MASK_BOTTOM below etch layer F_CU
Added layer SOLDER_MASK_TOP above etch layer B_CU
Finished reading Multilayer PCB file.
============================================================
Further warnings:
WARNING: Shape deleted upon healing.
 (8 times)
WARNING: empty None shape after healing (skipped) (8 times)
*** ENDING PCB CONVERSION with SUCCESS after 1 second ***
warning: Unphysical value of lateral reference length (0.01), resetting to 500um.


========== Starting Layout Check ==========
Checking geometry
Looking for geometry artifacts
Looking for healed shape problems

========== End Layout Check ==========
