2026-09-05 22:11:30   In order to get an optimal performance, hyperthreading is ignored for parallel
                      computations.

                      ------------------------------------------------------------------------------
2026-09-05 22:11:30   The length ratio between the shortest and the longest model edges is 1:3612.
                      Short model edges can be highlighted via Mesh:Mesh Control->Check Mesh->Check
                      Model Edge Length.... (It may be advantageous to model the metallizations as
                      infinitely thin sheets.) More...

                      ------------------------------------------------------------------------------
2026-09-05 22:11:34   Units settings: 

                        Dimensions: mil
                        Frequency:  GHz
                        Time:       ns

                      ------------------------------------------------------------------------------
2026-09-05 22:11:34   Boundary conditions: 

                        YZsymmetry: none
                        XZsymmetry: none
                        XYsymmetry: none

                        Xmin: expanded open
                        Xmax: expanded open

                        Ymin: electric
                        Ymax: electric

                        Zmin: expanded open
                        Zmax: electric

                      ------------------------------------------------------------------------------
2026-09-05 22:11:34   Order settings: 

                        Solver order   : 2nd (constant)
                        Curved elements: up to order 3 (automatic)

                      ------------------------------------------------------------------------------
2026-09-05 22:11:34     Mesh time                :	3 s


                      ------------------------------------------------------------------------------
2026-09-05 22:11:34   
                      ================================================================================
                      Frequency Domain Solver calculation cycle started

                      ------------------------------------------------------------------------------
2026-09-05 22:11:34   Solver started at: 2026-09-05 22:11:34 -0700

                        Module:  Frequency Domain: S-Parameter (Win 64)
                        Version: 2026.5 Release from 2026-06-18 (change 1767070)

                        Free disk space at solver start is 107 GB.


                      ------------------------------------------------------------------------------
2026-09-05 22:11:34   An iterative solver will be used first.

                      ------------------------------------------------------------------------------
2026-09-05 22:11:34   For some elements the curvature had to be reduced to maintain the quality of the mesh. More...

                      ------------------------------------------------------------------------------
2026-09-05 22:11:35     Calculation 1 of 1 (Frequency: 7 GHz)


                      ------------------------------------------------------------------------------
2026-09-05 22:11:35   Using electric shielding for ports 1, 2, 3.

                      ------------------------------------------------------------------------------
2026-09-05 22:11:35   For some elements the curvature had to be reduced to maintain the quality of the mesh. More...

                      ------------------------------------------------------------------------------
2026-09-05 22:11:35   Running the PortModeSolver.

                      ------------------------------------------------------------------------------
2026-09-05 22:11:36   For some elements the curvature had to be reduced to maintain the quality of the mesh. More...

                      ------------------------------------------------------------------------------
2026-09-05 22:11:37   For some elements the curvature had to be reduced to maintain the quality of the mesh. More...

                      ------------------------------------------------------------------------------
2026-09-05 22:11:37   For some elements the curvature had to be reduced to maintain the quality of the mesh. More...

                      ------------------------------------------------------------------------------
2026-09-05 22:11:38   For some elements the curvature had to be reduced to maintain the quality of the mesh. More...

                      ------------------------------------------------------------------------------
2026-09-05 22:11:39   For some elements the curvature had to be reduced to maintain the quality of the mesh. More...

                      ------------------------------------------------------------------------------
2026-09-05 22:11:40   For some elements the curvature had to be reduced to maintain the quality of the mesh. More...

                      ------------------------------------------------------------------------------
2026-09-05 22:11:41   For some elements the curvature had to be reduced to maintain the quality of the mesh. More...

                      ------------------------------------------------------------------------------
2026-09-05 22:11:43   For some elements the curvature had to be reduced to maintain the quality of the mesh. More...

                      ------------------------------------------------------------------------------
2026-09-05 22:11:44   For some elements the curvature had to be reduced to maintain the quality of the mesh. More...

                      ------------------------------------------------------------------------------
2026-09-05 22:11:45     ----------------------------------------------------------------------------
                        Port   Mode   Type        Z-Wave        Z-Wave-Sigma  Z-Line        F-Cutoff
                        1      1      QTEM        229           18.1          49.1          ---
                        2      1      QTEM        229           11.8          49.1          ---
                        3      1      QTEM        230           16.2          49.1          ---
                        ----------------------------------------------------------------------------


                      ------------------------------------------------------------------------------
2026-09-05 22:11:45   Adaptive mesh refinement pass 1

                      ------------------------------------------------------------------------------
2026-09-05 22:11:46   Performing block excitation with block size 3 and 4 threads.  More...

                      ------------------------------------------------------------------------------
2026-09-05 22:11:51     Matrix setup time        :	0 s
                        Degrees of freedom       :	56063
                        Number of mesh cells     :	8363

                        Stimulation port         :	1
                        Mode number              :	1
                        Accuracy                 :	9.93795e-05
                        Iterations               :	159
                        Solver time              :	4 s


                      ------------------------------------------------------------------------------
2026-09-05 22:11:51     Stimulation port         :	2
                        Mode number              :	1
                        Accuracy                 :	9.41814e-05
                        Iterations               :	145
                        Solver time              :	4 s


                      ------------------------------------------------------------------------------
2026-09-05 22:11:51     Stimulation port         :	3
                        Mode number              :	1
                        Accuracy                 :	8.59233e-05
                        Iterations               :	148
                        Solver time              :	4 s


                      ------------------------------------------------------------------------------
2026-09-05 22:11:51   9% of all mesh edges seem to be longer than expected. The adaptive mesh refinement's growth limitation will therefore 
                      use 13161 instead of 8283 mesh cells as a reference.

                      ------------------------------------------------------------------------------
2026-09-05 22:11:53   For some elements the curvature had to be reduced to maintain the quality of the mesh. More...

                      ------------------------------------------------------------------------------
2026-09-05 22:11:53   Adaptive mesh refinement pass 2

                      ------------------------------------------------------------------------------
2026-09-05 22:11:58     Matrix setup time        :	0 s
                        Degrees of freedom       :	80059
                        Number of mesh cells     :	12017

                        Stimulation port         :	1
                        Mode number              :	1
                        Accuracy                 :	8.08949e-05
                        Iterations               :	94
                        Solver time              :	4 s


                      ------------------------------------------------------------------------------
2026-09-05 22:11:58     Stimulation port         :	2
                        Mode number              :	1
                        Accuracy                 :	5.93285e-05
                        Iterations               :	94
                        Solver time              :	4 s


                      ------------------------------------------------------------------------------
2026-09-05 22:11:58     Stimulation port         :	3
                        Mode number              :	1
                        Accuracy                 :	7.90126e-05
                        Iterations               :	94
                        Solver time              :	4 s


                      ------------------------------------------------------------------------------
2026-09-05 22:11:59     Delta calculation        
2026-09-05 22:11:59     All S-Parameters         :	0.196261
2026-09-05 22:11:59   

                      ------------------------------------------------------------------------------
2026-09-05 22:12:01   For some elements the curvature had to be slightly reduced to maintain the quality of the mesh. More...

                      ------------------------------------------------------------------------------
2026-09-05 22:12:02   Adaptive mesh refinement pass 3

                      ------------------------------------------------------------------------------
2026-09-05 22:12:10     Matrix setup time        :	0 s
                        Degrees of freedom       :	124217
                        Number of mesh cells     :	18603

                        Stimulation port         :	1
                        Mode number              :	1
                        Accuracy                 :	7.84558e-05
                        Iterations               :	83
                        Solver time              :	6 s


                      ------------------------------------------------------------------------------
2026-09-05 22:12:10     Stimulation port         :	2
                        Mode number              :	1
                        Accuracy                 :	4.85038e-05
                        Iterations               :	78
                        Solver time              :	6 s


                      ------------------------------------------------------------------------------
2026-09-05 22:12:10     Stimulation port         :	3
                        Mode number              :	1
                        Accuracy                 :	9.94667e-05
                        Iterations               :	95
                        Solver time              :	7 s


                      ------------------------------------------------------------------------------
2026-09-05 22:12:10     Delta calculation        
2026-09-05 22:12:10     All S-Parameters         :	0.0386935
2026-09-05 22:12:10   

                      ------------------------------------------------------------------------------
2026-09-05 22:12:14   For some elements the curvature had to be reduced to maintain the quality of the mesh. More...

                      ------------------------------------------------------------------------------
2026-09-05 22:12:15   Adaptive mesh refinement pass 4

                      ------------------------------------------------------------------------------
2026-09-05 22:12:28     Matrix setup time        :	1 s
                        Degrees of freedom       :	197233
                        Number of mesh cells     :	29518

                        Stimulation port         :	1
                        Mode number              :	1
                        Accuracy                 :	9.48424e-05
                        Iterations               :	80
                        Solver time              :	10 s


                      ------------------------------------------------------------------------------
2026-09-05 22:12:28     Stimulation port         :	2
                        Mode number              :	1
                        Accuracy                 :	9.91543e-05
                        Iterations               :	74
                        Solver time              :	9 s


                      ------------------------------------------------------------------------------
2026-09-05 22:12:28     Stimulation port         :	3
                        Mode number              :	1
                        Accuracy                 :	5.10531e-05
                        Iterations               :	95
                        Solver time              :	11 s


                      ------------------------------------------------------------------------------
2026-09-05 22:12:28     Delta calculation        
2026-09-05 22:12:28     All S-Parameters         :	0.0164092
2026-09-05 22:12:28   

                      ------------------------------------------------------------------------------
2026-09-05 22:12:28   Mesh adaptation terminated because the desired accuracy limit is reached.

                      ------------------------------------------------------------------------------
2026-09-05 22:12:29     Total time               :	53 s

                      ------------------------------------------------------------------------------
2026-09-05 22:12:29   

                      ------------------------------------------------------------------------------
2026-09-05 22:12:29     Calculation 2 (Frequency: 1 GHz)


                      ------------------------------------------------------------------------------
2026-09-05 22:12:29   Running the PortModeSolver.

                      ------------------------------------------------------------------------------
2026-09-05 22:12:30     ----------------------------------------------------------------------------
                        Port   Mode   Type        Z-Wave        Z-Wave-Sigma  Z-Line        F-Cutoff
                        1      1      QTEM        230           17.2          49.4          ---
                        2      1      QTEM        230           11.3          49.4          ---
                        3      1      QTEM        231           14            49.4          ---
                        ----------------------------------------------------------------------------


                      ------------------------------------------------------------------------------
2026-09-05 22:12:41     Matrix setup time        :	0 s
                        Degrees of freedom       :	197233
                        Number of mesh cells     :	29518

                        Stimulation port         :	1
                        Mode number              :	1
                        Accuracy                 :	5.70997e-05
                        Iterations               :	68
                        Solver time              :	9 s


                      ------------------------------------------------------------------------------
2026-09-05 22:12:41     Stimulation port         :	2
                        Mode number              :	1
                        Accuracy                 :	9.22155e-05
                        Iterations               :	65
                        Solver time              :	9 s


                      ------------------------------------------------------------------------------
2026-09-05 22:12:41     Stimulation port         :	3
                        Mode number              :	1
                        Accuracy                 :	9.8144e-05
                        Iterations               :	68
                        Solver time              :	9 s


                      ------------------------------------------------------------------------------
2026-09-05 22:12:42     Total time               :	12 s

                      ------------------------------------------------------------------------------
2026-09-05 22:12:42   

                      ------------------------------------------------------------------------------
2026-09-05 22:12:42     Calculation 3 (Frequency: 4 GHz)


                      ------------------------------------------------------------------------------
2026-09-05 22:12:42   Running the PortModeSolver.

                      ------------------------------------------------------------------------------
2026-09-05 22:12:43     ----------------------------------------------------------------------------
                        Port   Mode   Type        Z-Wave        Z-Wave-Sigma  Z-Line        F-Cutoff
                        1      1      QTEM        230           17.4          49.2          ---
                        2      1      QTEM        230           11.5          49.3          ---
                        3      1      QTEM        230           14.1          49.2          ---
                        ----------------------------------------------------------------------------


                      ------------------------------------------------------------------------------
2026-09-05 22:12:54     Matrix setup time        :	0 s
                        Degrees of freedom       :	197233
                        Number of mesh cells     :	29518

                        Stimulation port         :	1
                        Mode number              :	1
                        Accuracy                 :	7.89848e-05
                        Iterations               :	78
                        Solver time              :	9 s


                      ------------------------------------------------------------------------------
2026-09-05 22:12:54     Stimulation port         :	2
                        Mode number              :	1
                        Accuracy                 :	8.426e-05
                        Iterations               :	63
                        Solver time              :	8 s


                      ------------------------------------------------------------------------------
2026-09-05 22:12:54     Stimulation port         :	3
                        Mode number              :	1
                        Accuracy                 :	7.62086e-05
                        Iterations               :	78
                        Solver time              :	9 s


                      ------------------------------------------------------------------------------
2026-09-05 22:12:55     Total time               :	12 s

                      ------------------------------------------------------------------------------
2026-09-05 22:12:55   

                      ------------------------------------------------------------------------------
2026-09-05 22:12:55     Calculation 4 (Frequency: 3.526 GHz)


                      ------------------------------------------------------------------------------
2026-09-05 22:12:55   Running the PortModeSolver.

                      ------------------------------------------------------------------------------
2026-09-05 22:12:56     ----------------------------------------------------------------------------
                        Port   Mode   Type        Z-Wave        Z-Wave-Sigma  Z-Line        F-Cutoff
                        1      1      QTEM        230           17.3          49.3          ---
                        2      1      QTEM        230           11.5          49.3          ---
                        3      1      QTEM        230           14            49.3          ---
                        ----------------------------------------------------------------------------


                      ------------------------------------------------------------------------------
2026-09-05 22:13:07     Matrix setup time        :	0 s
                        Degrees of freedom       :	197233
                        Number of mesh cells     :	29518

                        Stimulation port         :	1
                        Mode number              :	1
                        Accuracy                 :	9.79395e-05
                        Iterations               :	69
                        Solver time              :	9 s


                      ------------------------------------------------------------------------------
2026-09-05 22:13:07     Stimulation port         :	2
                        Mode number              :	1
                        Accuracy                 :	9.97255e-05
                        Iterations               :	54
                        Solver time              :	7 s


                      ------------------------------------------------------------------------------
2026-09-05 22:13:07     Stimulation port         :	3
                        Mode number              :	1
                        Accuracy                 :	7.63843e-05
                        Iterations               :	57
                        Solver time              :	7 s


                      ------------------------------------------------------------------------------
2026-09-05 22:13:07     Total time               :	12 s

                      ------------------------------------------------------------------------------
2026-09-05 22:13:07   

                      ------------------------------------------------------------------------------
2026-09-05 22:13:07     Calculation 5 (Frequency: 5.02 GHz)


                      ------------------------------------------------------------------------------
2026-09-05 22:13:07   Running the PortModeSolver.

                      ------------------------------------------------------------------------------
2026-09-05 22:13:09     ----------------------------------------------------------------------------
                        Port   Mode   Type        Z-Wave        Z-Wave-Sigma  Z-Line        F-Cutoff
                        1      1      QTEM        230           17.6          49.2          ---
                        2      1      QTEM        229           11.7          49.2          ---
                        3      1      QTEM        230           14.2          49.2          ---
                        ----------------------------------------------------------------------------


                      ------------------------------------------------------------------------------
2026-09-05 22:13:17     Matrix setup time        :	0 s
                        Degrees of freedom       :	197233
                        Number of mesh cells     :	29518

                        Stimulation port         :	1
                        Mode number              :	1
                        Accuracy                 :	9.20117e-05
                        Iterations               :	51
                        Solver time              :	7 s


                      ------------------------------------------------------------------------------
2026-09-05 22:13:17     Stimulation port         :	2
                        Mode number              :	1
                        Accuracy                 :	7.15815e-05
                        Iterations               :	50
                        Solver time              :	7 s


                      ------------------------------------------------------------------------------
2026-09-05 22:13:17     Stimulation port         :	3
                        Mode number              :	1
                        Accuracy                 :	7.5249e-05
                        Iterations               :	50
                        Solver time              :	7 s


                      ------------------------------------------------------------------------------
2026-09-05 22:13:18     Total time               :	10 s

                      ------------------------------------------------------------------------------
2026-09-05 22:13:18   

                      ------------------------------------------------------------------------------
2026-09-05 22:13:18     Calculation 6 (Frequency: 2.878 GHz)


                      ------------------------------------------------------------------------------
2026-09-05 22:13:18   Running the PortModeSolver.

                      ------------------------------------------------------------------------------
2026-09-05 22:13:19     ----------------------------------------------------------------------------
                        Port   Mode   Type        Z-Wave        Z-Wave-Sigma  Z-Line        F-Cutoff
                        1      1      QTEM        230           17.3          49.3          ---
                        2      1      QTEM        230           11.4          49.3          ---
                        3      1      QTEM        231           14            49.3          ---
                        ----------------------------------------------------------------------------


                      ------------------------------------------------------------------------------
2026-09-05 22:13:27     Matrix setup time        :	0 s
                        Degrees of freedom       :	197233
                        Number of mesh cells     :	29518

                        Stimulation port         :	1
                        Mode number              :	1
                        Accuracy                 :	8.14507e-05
                        Iterations               :	42
                        Solver time              :	5 s


                      ------------------------------------------------------------------------------
2026-09-05 22:13:27     Stimulation port         :	2
                        Mode number              :	1
                        Accuracy                 :	8.82563e-05
                        Iterations               :	57
                        Solver time              :	6 s


                      ------------------------------------------------------------------------------
2026-09-05 22:13:27     Stimulation port         :	3
                        Mode number              :	1
                        Accuracy                 :	9.55869e-05
                        Iterations               :	24
                        Solver time              :	3 s


                      ------------------------------------------------------------------------------
2026-09-05 22:13:28     Total time               :	9 s

                      ------------------------------------------------------------------------------
2026-09-05 22:13:28   

                      ------------------------------------------------------------------------------
2026-09-05 22:13:28     Calculation 7 (Frequency: 5.842 GHz)


                      ------------------------------------------------------------------------------
2026-09-05 22:13:28   Running the PortModeSolver.

                      ------------------------------------------------------------------------------
2026-09-05 22:13:29     ----------------------------------------------------------------------------
                        Port   Mode   Type        Z-Wave        Z-Wave-Sigma  Z-Line        F-Cutoff
                        1      1      QTEM        229           17.8          49.1          ---
                        2      1      QTEM        229           11.8          49.1          ---
                        3      1      QTEM        231           16            49.1          ---
                        ----------------------------------------------------------------------------


                      ------------------------------------------------------------------------------
2026-09-05 22:13:35     Matrix setup time        :	0 s
                        Degrees of freedom       :	197233
                        Number of mesh cells     :	29518

                        Stimulation port         :	1
                        Mode number              :	1
                        Accuracy                 :	8.63827e-05
                        Iterations               :	25
                        Solver time              :	3 s


                      ------------------------------------------------------------------------------
2026-09-05 22:13:35     Stimulation port         :	2
                        Mode number              :	1
                        Accuracy                 :	8.48692e-05
                        Iterations               :	26
                        Solver time              :	4 s


                      ------------------------------------------------------------------------------
2026-09-05 22:13:35     Stimulation port         :	3
                        Mode number              :	1
                        Accuracy                 :	9.25159e-05
                        Iterations               :	26
                        Solver time              :	4 s


                      ------------------------------------------------------------------------------
2026-09-05 22:13:35     Total time               :	7 s

                      ------------------------------------------------------------------------------
2026-09-05 22:13:35   

                      ------------------------------------------------------------------------------
2026-09-05 22:13:35     Calculation 8 (Frequency: 2.332 GHz)


                      ------------------------------------------------------------------------------
2026-09-05 22:13:35   Running the PortModeSolver.

                      ------------------------------------------------------------------------------
2026-09-05 22:13:37     ----------------------------------------------------------------------------
                        Port   Mode   Type        Z-Wave        Z-Wave-Sigma  Z-Line        F-Cutoff
                        1      1      QTEM        230           17.2          49.3          ---
                        2      1      QTEM        230           11.4          49.3          ---
                        3      1      QTEM        231           14            49.3          ---
                        ----------------------------------------------------------------------------


                      ------------------------------------------------------------------------------
2026-09-05 22:13:42     Matrix setup time        :	0 s
                        Degrees of freedom       :	197233
                        Number of mesh cells     :	29518

                        Stimulation port         :	1
                        Mode number              :	1
                        Accuracy                 :	7.82803e-05
                        Iterations               :	30
                        Solver time              :	4 s


                      ------------------------------------------------------------------------------
2026-09-05 22:13:42     Stimulation port         :	2
                        Mode number              :	1
                        Accuracy                 :	9.73023e-05
                        Iterations               :	26
                        Solver time              :	3 s


                      ------------------------------------------------------------------------------
2026-09-05 22:13:42     Stimulation port         :	3
                        Mode number              :	1
                        Accuracy                 :	8.41832e-05
                        Iterations               :	30
                        Solver time              :	4 s


                      ------------------------------------------------------------------------------
2026-09-05 22:13:43     Total time               :	7 s

                      ------------------------------------------------------------------------------
2026-09-05 22:13:43   

                      ------------------------------------------------------------------------------
2026-09-05 22:13:43     Calculation 9 (Frequency: 4.648 GHz)


                      ------------------------------------------------------------------------------
2026-09-05 22:13:43   Running the PortModeSolver.

                      ------------------------------------------------------------------------------
2026-09-05 22:13:44     ----------------------------------------------------------------------------
                        Port   Mode   Type        Z-Wave        Z-Wave-Sigma  Z-Line        F-Cutoff
                        1      1      QTEM        230           17.5          49.2          ---
                        2      1      QTEM        229           11.6          49.2          ---
                        3      1      QTEM        230           14.2          49.2          ---
                        ----------------------------------------------------------------------------


                      ------------------------------------------------------------------------------
2026-09-05 22:13:47     Matrix setup time        :	0 s
                        Degrees of freedom       :	197233
                        Number of mesh cells     :	29518

                        Stimulation port         :	1
                        Mode number              :	1
                        Accuracy                 :	9.3066e-05
                        Iterations               :	6
                        Solver time              :	1 s


                      ------------------------------------------------------------------------------
2026-09-05 22:13:47     Stimulation port         :	2
                        Mode number              :	1
                        Accuracy                 :	9.41208e-05
                        Iterations               :	5
                        Solver time              :	0 s


                      ------------------------------------------------------------------------------
2026-09-05 22:13:47     Stimulation port         :	3
                        Mode number              :	1
                        Accuracy                 :	6.59891e-05
                        Iterations               :	5
                        Solver time              :	0 s


                      ------------------------------------------------------------------------------
2026-09-05 22:13:47     Total time               :	4 s

                      ------------------------------------------------------------------------------
2026-09-05 22:13:47   

                      ------------------------------------------------------------------------------
2026-09-05 22:13:47     Calculation 10 (Frequency: 1.468 GHz)


                      ------------------------------------------------------------------------------
2026-09-05 22:13:47   Running the PortModeSolver.

                      ------------------------------------------------------------------------------
2026-09-05 22:13:49     ----------------------------------------------------------------------------
                        Port   Mode   Type        Z-Wave        Z-Wave-Sigma  Z-Line        F-Cutoff
                        1      1      QTEM        230           17.2          49.4          ---
                        2      1      QTEM        230           11.3          49.4          ---
                        3      1      QTEM        231           14            49.4          ---
                        ----------------------------------------------------------------------------


                      ------------------------------------------------------------------------------
2026-09-05 22:13:56     Matrix setup time        :	0 s
                        Solver setup             :	1 s
                        Degrees of freedom       :	197233
                        Number of mesh cells     :	29518

                        Stimulation port         :	1
                        Mode number              :	1
                        Accuracy                 :	6.7114e-05
                        Iterations               :	33
                        Solver time              :	4 s


                      ------------------------------------------------------------------------------
2026-09-05 22:13:56     Stimulation port         :	2
                        Mode number              :	1
                        Accuracy                 :	9.82057e-05
                        Iterations               :	28
                        Solver time              :	3 s


                      ------------------------------------------------------------------------------
2026-09-05 22:13:56     Stimulation port         :	3
                        Mode number              :	1
                        Accuracy                 :	9.70112e-05
                        Iterations               :	41
                        Solver time              :	5 s


                      ------------------------------------------------------------------------------
2026-09-05 22:13:57     Total time               :	8 s

                      ------------------------------------------------------------------------------
2026-09-05 22:13:57   

                      ------------------------------------------------------------------------------
2026-09-05 22:13:57     Calculation 11 (Frequency: 6.502 GHz)


                      ------------------------------------------------------------------------------
2026-09-05 22:13:57   Running the PortModeSolver.

                      ------------------------------------------------------------------------------
2026-09-05 22:13:57     ----------------------------------------------------------------------------
                        Port   Mode   Type        Z-Wave        Z-Wave-Sigma  Z-Line        F-Cutoff
                        1      1      QTEM        229           18            49.1          ---
                        2      1      QTEM        229           11.7          49.1          ---
                        3      1      QTEM        231           16.1          49.1          ---
                        ----------------------------------------------------------------------------


                      ------------------------------------------------------------------------------
2026-09-05 22:14:02     Matrix setup time        :	0 s
                        Solver setup             :	1 s
                        Degrees of freedom       :	197233
                        Number of mesh cells     :	29518

                        Stimulation port         :	1
                        Mode number              :	1
                        Accuracy                 :	9.94559e-05
                        Iterations               :	15
                        Solver time              :	2 s


                      ------------------------------------------------------------------------------
2026-09-05 22:14:02     Stimulation port         :	2
                        Mode number              :	1
                        Accuracy                 :	9.84788e-05
                        Iterations               :	18
                        Solver time              :	2 s


                      ------------------------------------------------------------------------------
2026-09-05 22:14:02     Stimulation port         :	3
                        Mode number              :	1
                        Accuracy                 :	8.52452e-05
                        Iterations               :	13
                        Solver time              :	1 s


                      ------------------------------------------------------------------------------
2026-09-05 22:14:03     Total time               :	5 s

                      ------------------------------------------------------------------------------
2026-09-05 22:14:03   

                      ------------------------------------------------------------------------------
2026-09-05 22:14:03   Finished the general purpose interpolative broadband frequency sweep:
                      All broadband sweep convergence criteria have been satisfied after
                      calculating 11 frequency samples:

                        Broadband sweep error threshold value :  0.01 (All S-Parameters) 
                        Number of error criterion checks      :  2 (All S-Parameters) 
                        Minimum number of samples             :  3
                        Number of data samples, linear        :  1001

                      ------------------------------------------------------------------------------
2026-09-05 22:14:03     Number of mesh cells     :	29518
                        Degrees of freedom       :	197233
                        Total Solver Time        :	150 s	 (= 0 h, 02 m, 30 s)
                        Free disk space          :	107 GB
                      ================================================================================



                      ------------------------------------------------------------------------------
2026-09-05 22:14:03     ----------------------------------------------------------------------------
                                            Peak memory used (GB)         Free physical memory (GB) 
                                                                          At begin     Minimum      
                        ----------------------------------------------------------------------------
                        Solver start        0.025                         18.008       18.007       
                        Eq. system setup    0.550                         17.876       17.527       
                        Eq. system solve    0.638                         17.851       17.454       
                        Mesh refinement     0.347                         17.831       17.699       
                        Field monitor calc. 0.562                         17.607       17.537       
                        Solver run total    0.638                         18.008       17.454       

                        Computer name       DESKTOP-9C14OLV
                        ----------------------------------------------------------------------------


                      ------------------------------------------------------------------------------
2026-09-05 22:14:03   Running post-processing.

                      ------------------------------------------------------------------------------
2026-09-05 22:14:05   Post-processing finished.

                      ------------------------------------------------------------------------------
2026-09-05 22:14:05   Creating parametric 1D results for Run ID 1

                      ------------------------------------------------------------------------------
