*** STARTING PCB CONVERSION ***

Importing F:\NSF\WPD5\Gerber\V3\WPD5-F_Cu.gbr... [Mon Aug 31 01:17:31 2026]
============================================================
Reading Gerber files ...

Broken shape: <ShapeWithHoles (shape: 6 segments, 0 holes, 0 errors)>Shape:
<Shape with 6 segments>
0: CurveSegment( R2(159.258, -73.2282), R2(160.325, -73.2282)), # l=1.0668>
1: CurveSegment( R2(160.325, -73.2282), R2(160.325, -73.2282), R2(160.325, -73.2282), 1.5e-06), # l=2.35619e-06>
2: CurveSegment( R2(160.325, -73.2282), R2(160.325, -73.2282), R2(160.325, -73.2282), 1.5e-06), # l=2.35619e-06>
3: CurveSegment( R2(160.325, -73.2282), R2(159.258, -73.2282)), # l=1.0668>
4: CurveSegment( R2(159.258, -73.2282), R2(159.258, -73.2282), R2(159.258, -73.2282), 1.5e-06), # l=2.35619e-06>
5: CurveSegment( R2(159.258, -73.2282), R2(159.258, -73.2282), R2(159.258, -73.2282), 1.5e-06), # l=2.35619e-06>

Broken shape: <ShapeWithHoles (shape: 6 segments, 0 holes, 0 errors)>Shape:
<Shape with 6 segments>
0: CurveSegment( R2(160.325, -73.2282), R2(160.325, -74.295)), # l=1.0668>
1: CurveSegment( R2(160.325, -74.295), R2(160.325, -74.295), R2(160.325, -74.295), 1.5e-06), # l=2.35619e-06>
2: CurveSegment( R2(160.325, -74.295), R2(160.325, -74.295), R2(160.325, -74.295), 1.5e-06), # l=2.35619e-06>
3: CurveSegment( R2(160.325, -74.295), R2(160.325, -73.2282)), # l=1.0668>
4: CurveSegment( R2(160.325, -73.2282), R2(160.325, -73.2282), R2(160.325, -73.2282), 1.5e-06), # l=2.35619e-06>
5: CurveSegment( R2(160.325, -73.2282), R2(160.325, -73.2282), R2(160.325, -73.2282), 1.5e-06), # l=2.35619e-06>

Broken shape: <ShapeWithHoles (shape: 6 segments, 0 holes, 0 errors)>Shape:
<Shape with 6 segments>
0: CurveSegment( R2(160.325, -74.295), R2(159.258, -74.295)), # l=1.0668>
1: CurveSegment( R2(159.258, -74.295), R2(159.258, -74.295), R2(159.258, -74.295), 1.5e-06), # l=2.35619e-06>
2: CurveSegment( R2(159.258, -74.295), R2(159.258, -74.295), R2(159.258, -74.295), 1.5e-06), # l=2.35619e-06>
3: CurveSegment( R2(159.258, -74.295), R2(160.325, -74.295)), # l=1.0668>
4: CurveSegment( R2(160.325, -74.295), R2(160.325, -74.295), R2(160.325, -74.295), 1.5e-06), # l=2.35619e-06>
5: CurveSegment( R2(160.325, -74.295), R2(160.325, -74.295), R2(160.325, -74.295), 1.5e-06), # l=2.35619e-06>

Broken shape: <ShapeWithHoles (shape: 6 segments, 0 holes, 0 errors)>Shape:
<Shape with 6 segments>
0: CurveSegment( R2(159.258, -74.295), R2(159.258, -73.2282)), # l=1.0668>
1: CurveSegment( R2(159.258, -73.2282), R2(159.258, -73.2282), R2(159.258, -73.2282), 1.5e-06), # l=2.35619e-06>
2: CurveSegment( R2(159.258, -73.2282), R2(159.258, -73.2282), R2(159.258, -73.2282), 1.5e-06), # l=2.35619e-06>
3: CurveSegment( R2(159.258, -73.2282), R2(159.258, -74.295)), # l=1.0668>
4: CurveSegment( R2(159.258, -74.295), R2(159.258, -74.295), R2(159.258, -74.295), 1.5e-06), # l=2.35619e-06>
5: CurveSegment( R2(159.258, -74.295), R2(159.258, -74.295), R2(159.258, -74.295), 1.5e-06), # l=2.35619e-06>

Broken shape: <ShapeWithHoles (shape: 6 segments, 0 holes, 0 errors)>Shape:
<Shape with 6 segments>
0: CurveSegment( R2(159.258, -89.3318), R2(160.325, -89.3318)), # l=1.0668>
1: CurveSegment( R2(160.325, -89.3318), R2(160.325, -89.3318), R2(160.325, -89.3318), 1.5e-06), # l=2.35619e-06>
2: CurveSegment( R2(160.325, -89.3318), R2(160.325, -89.3318), R2(160.325, -89.3318), 1.5e-06), # l=2.35619e-06>
3: CurveSegment( R2(160.325, -89.3318), R2(159.258, -89.3318)), # l=1.0668>
4: CurveSegment( R2(159.258, -89.3318), R2(159.258, -89.3318), R2(159.258, -89.3318), 1.5e-06), # l=2.35619e-06>
5: CurveSegment( R2(159.258, -89.3318), R2(159.258, -89.3318), R2(159.258, -89.3318), 1.5e-06), # l=2.35619e-06>

Broken shape: <ShapeWithHoles (shape: 6 segments, 0 holes, 0 errors)>Shape:
<Shape with 6 segments>
0: CurveSegment( R2(160.325, -89.3318), R2(160.325, -90.3986)), # l=1.0668>
1: CurveSegment( R2(160.325, -90.3986), R2(160.325, -90.3986), R2(160.325, -90.3986), 1.5e-06), # l=2.35619e-06>
2: CurveSegment( R2(160.325, -90.3986), R2(160.325, -90.3986), R2(160.325, -90.3986), 1.5e-06), # l=2.35619e-06>
3: CurveSegment( R2(160.325, -90.3986), R2(160.325, -89.3318)), # l=1.0668>
4: CurveSegment( R2(160.325, -89.3318), R2(160.325, -89.3318), R2(160.325, -89.3318), 1.5e-06), # l=2.35619e-06>
5: CurveSegment( R2(160.325, -89.3318), R2(160.325, -89.3318), R2(160.325, -89.3318), 1.5e-06), # l=2.35619e-06>

Broken shape: <ShapeWithHoles (shape: 6 segments, 0 holes, 0 errors)>Shape:
<Shape with 6 segments>
0: CurveSegment( R2(160.325, -90.3986), R2(159.258, -90.3986)), # l=1.0668>
1: CurveSegment( R2(159.258, -90.3986), R2(159.258, -90.3986), R2(159.258, -90.3986), 1.5e-06), # l=2.35619e-06>
2: CurveSegment( R2(159.258, -90.3986), R2(159.258, -90.3986), R2(159.258, -90.3986), 1.5e-06), # l=2.35619e-06>
3: CurveSegment( R2(159.258, -90.3986), R2(160.325, -90.3986)), # l=1.0668>
4: CurveSegment( R2(160.325, -90.3986), R2(160.325, -90.3986), R2(160.325, -90.3986), 1.5e-06), # l=2.35619e-06>
5: CurveSegment( R2(160.325, -90.3986), R2(160.325, -90.3986), R2(160.325, -90.3986), 1.5e-06), # l=2.35619e-06>

Broken shape: <ShapeWithHoles (shape: 6 segments, 0 holes, 0 errors)>Shape:
<Shape with 6 segments>
0: CurveSegment( R2(159.258, -90.3986), R2(159.258, -89.3318)), # l=1.0668>
1: CurveSegment( R2(159.258, -89.3318), R2(159.258, -89.3318), R2(159.258, -89.3318), 1.5e-06), # l=2.35619e-06>
2: CurveSegment( R2(159.258, -89.3318), R2(159.258, -89.3318), R2(159.258, -89.3318), 1.5e-06), # l=2.35619e-06>
3: CurveSegment( R2(159.258, -89.3318), R2(159.258, -90.3986)), # l=1.0668>
4: CurveSegment( R2(159.258, -90.3986), R2(159.258, -90.3986), R2(159.258, -90.3986), 1.5e-06), # l=2.35619e-06>
5: CurveSegment( R2(159.258, -90.3986), R2(159.258, -90.3986), R2(159.258, -90.3986), 1.5e-06), # l=2.35619e-06>

Broken shape: <ShapeWithHoles (shape: 6 segments, 0 holes, 0 errors)>Shape:
<Shape with 6 segments>
0: CurveSegment( R2(159.258, -89.3318), R2(160.325, -89.3318)), # l=1.0668>
1: CurveSegment( R2(160.325, -89.3318), R2(160.325, -89.3318), R2(160.325, -89.3318), 1.5e-06), # l=2.35619e-06>
2: CurveSegment( R2(160.325, -89.3318), R2(160.325, -89.3318), R2(160.325, -89.3318), 1.5e-06), # l=2.35619e-06>
3: CurveSegment( R2(160.325, -89.3318), R2(159.258, -89.3318)), # l=1.0668>
4: CurveSegment( R2(159.258, -89.3318), R2(159.258, -89.3318), R2(159.258, -89.3318), 1.5e-06), # l=2.35619e-06>
5: CurveSegment( R2(159.258, -89.3318), R2(159.258, -89.3318), R2(159.258, -89.3318), 1.5e-06), # l=2.35619e-06>

Broken shape: <ShapeWithHoles (shape: 6 segments, 0 holes, 0 errors)>Shape:
<Shape with 6 segments>
0: CurveSegment( R2(160.325, -89.3318), R2(160.325, -90.3986)), # l=1.0668>
1: CurveSegment( R2(160.325, -90.3986), R2(160.325, -90.3986), R2(160.325, -90.3986), 1.5e-06), # l=2.35619e-06>
2: CurveSegment( R2(160.325, -90.3986), R2(160.325, -90.3986), R2(160.325, -90.3986), 1.5e-06), # l=2.35619e-06>
3: CurveSegment( R2(160.325, -90.3986), R2(160.325, -89.3318)), # l=1.0668>
4: CurveSegment( R2(160.325, -89.3318), R2(160.325, -89.3318), R2(160.325, -89.3318), 1.5e-06), # l=2.35619e-06>
5: CurveSegment( R2(160.325, -89.3318), R2(160.325, -89.3318), R2(160.325, -89.3318), 1.5e-06), # l=2.35619e-06>

Broken shape: <ShapeWithHoles (shape: 6 segments, 0 holes, 0 errors)>Shape:
<Shape with 6 segments>
0: CurveSegment( R2(160.325, -90.3986), R2(159.258, -90.3986)), # l=1.0668>
1: CurveSegment( R2(159.258, -90.3986), R2(159.258, -90.3986), R2(159.258, -90.3986), 1.5e-06), # l=2.35619e-06>
2: CurveSegment( R2(159.258, -90.3986), R2(159.258, -90.3986), R2(159.258, -90.3986), 1.5e-06), # l=2.35619e-06>
3: CurveSegment( R2(159.258, -90.3986), R2(160.325, -90.3986)), # l=1.0668>
4: CurveSegment( R2(160.325, -90.3986), R2(160.325, -90.3986), R2(160.325, -90.3986), 1.5e-06), # l=2.35619e-06>
5: CurveSegment( R2(160.325, -90.3986), R2(160.325, -90.3986), R2(160.325, -90.3986), 1.5e-06), # l=2.35619e-06>

Broken shape: <ShapeWithHoles (shape: 6 segments, 0 holes, 0 errors)>Shape:
<Shape with 6 segments>
0: CurveSegment( R2(159.258, -90.3986), R2(159.258, -89.3318)), # l=1.0668>
1: CurveSegment( R2(159.258, -89.3318), R2(159.258, -89.3318), R2(159.258, -89.3318), 1.5e-06), # l=2.35619e-06>
2: CurveSegment( R2(159.258, -89.3318), R2(159.258, -89.3318), R2(159.258, -89.3318), 1.5e-06), # l=2.35619e-06>
3: CurveSegment( R2(159.258, -89.3318), R2(159.258, -90.3986)), # l=1.0668>
4: CurveSegment( R2(159.258, -90.3986), R2(159.258, -90.3986), R2(159.258, -90.3986), 1.5e-06), # l=2.35619e-06>
5: CurveSegment( R2(159.258, -90.3986), R2(159.258, -90.3986), R2(159.258, -90.3986), 1.5e-06), # l=2.35619e-06>

Finished reading Gerber database.
============================================================
Further warnings:
WARNING: Shape deleted upon healing.
 (12 times)
WARNING: empty None shape after healing (skipped) (12 times)
*** ENDING PCB CONVERSION with SUCCESS after 1 second ***

========== Starting Layout Check ==========
Checking geometry
Looking for geometry artifacts
Looking for healed shape problems

========== End Layout Check ==========
