2026-09-10 00:00:50   The length ratio between the shortest and the longest model edges is 1:5142.
                      Short model edges can be highlighted via Mesh:Mesh Control->Check Mesh->Check
                      Model Edge Length.... (It may be advantageous to model the metallizations as
                      infinitely thin sheets.) More...

                      ------------------------------------------------------------------------------
2026-09-10 00:00:53   Units settings: 

                        Dimensions: mil
                        Frequency:  GHz
                        Time:       ns

                      ------------------------------------------------------------------------------
2026-09-10 00:00:53   Boundary conditions: 

                        YZsymmetry: none
                        XZsymmetry: none
                        XYsymmetry: none

                        Xmin: expanded open
                        Xmax: expanded open

                        Ymin: electric
                        Ymax: electric

                        Zmin: expanded open
                        Zmax: electric

                      ------------------------------------------------------------------------------
2026-09-10 00:00:53   Order settings: 

                        Solver order   : 2nd (constant)
                        Curved elements: up to order 3 (automatic)

                      ------------------------------------------------------------------------------
2026-09-10 00:00:53     Mesh time                :	2 s


                      ------------------------------------------------------------------------------
2026-09-10 00:00:53   
                      ================================================================================
                      Frequency Domain Solver calculation cycle started

                      ------------------------------------------------------------------------------
2026-09-10 00:00:53   Solver started at: 2026-09-10 00:00:53 -0700

                        Module:  Frequency Domain: S-Parameter (Win 64)
                        Version: 2026.5 Release from 2026-06-18 (change 1767070)

                        Free disk space at solver start is 107 GB.


                      ------------------------------------------------------------------------------
2026-09-10 00:00:53   An iterative solver will be used first.

                      ------------------------------------------------------------------------------
2026-09-10 00:00:53   The wavelength based mesh refinement has been applied to 1.0% of all mesh edges.

                      ------------------------------------------------------------------------------
2026-09-10 00:00:54   For some elements the curvature had to be reduced to maintain the quality of the mesh. More...

                      ------------------------------------------------------------------------------
2026-09-10 00:00:54     Calculation 1 of 1 (Frequency: 12 GHz)


                      ------------------------------------------------------------------------------
2026-09-10 00:00:54   Using electric shielding for ports 1, 2, 3.

                      ------------------------------------------------------------------------------
2026-09-10 00:00:55   For some elements the curvature had to be reduced to maintain the quality of the mesh. More...

                      ------------------------------------------------------------------------------
2026-09-10 00:00:55   Running the PortModeSolver.

                      ------------------------------------------------------------------------------
2026-09-10 00:00:55   For some elements the curvature had to be reduced to maintain the quality of the mesh. More...

                      ------------------------------------------------------------------------------
2026-09-10 00:00:56   For some elements the curvature had to be reduced to maintain the quality of the mesh. More...

                      ------------------------------------------------------------------------------
2026-09-10 00:00:57   For some elements the curvature had to be reduced to maintain the quality of the mesh. More...

                      ------------------------------------------------------------------------------
2026-09-10 00:00:58   For some elements the curvature had to be reduced to maintain the quality of the mesh. More...

                      ------------------------------------------------------------------------------
2026-09-10 00:00:59   For some elements the curvature had to be reduced to maintain the quality of the mesh. More...

                      ------------------------------------------------------------------------------
2026-09-10 00:01:00   For some elements the curvature had to be reduced to maintain the quality of the mesh. More...

                      ------------------------------------------------------------------------------
2026-09-10 00:01:01   For some elements the curvature had to be reduced to maintain the quality of the mesh. More...

                      ------------------------------------------------------------------------------
2026-09-10 00:01:02   For some elements the curvature had to be reduced to maintain the quality of the mesh. More...

                      ------------------------------------------------------------------------------
2026-09-10 00:01:03   For some elements the curvature had to be reduced to maintain the quality of the mesh. More...

                      ------------------------------------------------------------------------------
2026-09-10 00:01:05   For some elements the curvature had to be reduced to maintain the quality of the mesh. More...

                      ------------------------------------------------------------------------------
2026-09-10 00:01:05     ----------------------------------------------------------------------------
                        Port   Mode   Type        Z-Wave        Z-Wave-Sigma  Z-Line        F-Cutoff
                        1      1      QTEM        226           15.3          48.7          ---
                        2      1      QTEM        227           15.4          48.8          ---
                        3      1      QTEM        227           12.2          48.8          ---
                        ----------------------------------------------------------------------------


                      ------------------------------------------------------------------------------
2026-09-10 00:01:05   Adaptive mesh refinement pass 1

                      ------------------------------------------------------------------------------
2026-09-10 00:01:06   Performing block excitation with block size 3 and 4 threads.  More...

                      ------------------------------------------------------------------------------
2026-09-10 00:01:11     Matrix setup time        :	0 s
                        Degrees of freedom       :	49211
                        Number of mesh cells     :	7359

                        Stimulation port         :	1
                        Mode number              :	1
                        Accuracy                 :	8.59885e-05
                        Iterations               :	160
                        Solver time              :	4 s


                      ------------------------------------------------------------------------------
2026-09-10 00:01:11     Stimulation port         :	2
                        Mode number              :	1
                        Accuracy                 :	6.53505e-05
                        Iterations               :	170
                        Solver time              :	4 s


                      ------------------------------------------------------------------------------
2026-09-10 00:01:11     Stimulation port         :	3
                        Mode number              :	1
                        Accuracy                 :	3.18253e-05
                        Iterations               :	170
                        Solver time              :	4 s


                      ------------------------------------------------------------------------------
2026-09-10 00:01:11   11% of all mesh edges seem to be longer than expected. The adaptive mesh refinement's growth limitation will therefore 
                      use 12330 instead of 6639 mesh cells as a reference.

                      ------------------------------------------------------------------------------
2026-09-10 00:01:11   The wavelength based mesh refinement has been applied to 0.3% of all mesh edges.

                      ------------------------------------------------------------------------------
2026-09-10 00:01:12   For some elements the curvature had to be reduced to maintain the quality of the mesh. More...

                      ------------------------------------------------------------------------------
2026-09-10 00:01:12   Adaptive mesh refinement pass 2

                      ------------------------------------------------------------------------------
2026-09-10 00:01:18     Matrix setup time        :	0 s
                        Degrees of freedom       :	61701
                        Number of mesh cells     :	9201

                        Stimulation port         :	1
                        Mode number              :	1
                        Accuracy                 :	6.23262e-05
                        Iterations               :	145
                        Solver time              :	5 s


                      ------------------------------------------------------------------------------
2026-09-10 00:01:18     Stimulation port         :	2
                        Mode number              :	1
                        Accuracy                 :	8.75154e-05
                        Iterations               :	125
                        Solver time              :	4 s


                      ------------------------------------------------------------------------------
2026-09-10 00:01:18     Stimulation port         :	3
                        Mode number              :	1
                        Accuracy                 :	7.59913e-05
                        Iterations               :	113
                        Solver time              :	4 s


                      ------------------------------------------------------------------------------
2026-09-10 00:01:18     Delta calculation        
2026-09-10 00:01:18     All S-Parameters         :	0.13059
2026-09-10 00:01:18   

                      ------------------------------------------------------------------------------
2026-09-10 00:01:19   The wavelength based mesh refinement has been applied to 0.1% of all mesh edges.

                      ------------------------------------------------------------------------------
2026-09-10 00:01:20   For some elements the curvature had to be reduced to maintain the quality of the mesh. More...

                      ------------------------------------------------------------------------------
2026-09-10 00:01:20   Adaptive mesh refinement pass 3

                      ------------------------------------------------------------------------------
2026-09-10 00:01:27     Matrix setup time        :	0 s
                        Degrees of freedom       :	89993
                        Number of mesh cells     :	13413

                        Stimulation port         :	1
                        Mode number              :	1
                        Accuracy                 :	9.94815e-05
                        Iterations               :	89
                        Solver time              :	5 s


                      ------------------------------------------------------------------------------
2026-09-10 00:01:27     Stimulation port         :	2
                        Mode number              :	1
                        Accuracy                 :	9.68644e-05
                        Iterations               :	91
                        Solver time              :	5 s


                      ------------------------------------------------------------------------------
2026-09-10 00:01:27     Stimulation port         :	3
                        Mode number              :	1
                        Accuracy                 :	8.96576e-05
                        Iterations               :	95
                        Solver time              :	5 s


                      ------------------------------------------------------------------------------
2026-09-10 00:01:27     Delta calculation        
2026-09-10 00:01:27     All S-Parameters         :	0.0674989
2026-09-10 00:01:27   

                      ------------------------------------------------------------------------------
2026-09-10 00:01:30   Adaptive mesh refinement pass 4

                      ------------------------------------------------------------------------------
2026-09-10 00:01:40     Matrix setup time        :	0 s
                        Degrees of freedom       :	140055
                        Number of mesh cells     :	20807

                        Stimulation port         :	1
                        Mode number              :	1
                        Accuracy                 :	9.66621e-05
                        Iterations               :	80
                        Solver time              :	7 s


                      ------------------------------------------------------------------------------
2026-09-10 00:01:40     Stimulation port         :	2
                        Mode number              :	1
                        Accuracy                 :	4.57195e-05
                        Iterations               :	87
                        Solver time              :	7 s


                      ------------------------------------------------------------------------------
2026-09-10 00:01:40     Stimulation port         :	3
                        Mode number              :	1
                        Accuracy                 :	9.40102e-05
                        Iterations               :	87
                        Solver time              :	7 s


                      ------------------------------------------------------------------------------
2026-09-10 00:01:40     Delta calculation        
2026-09-10 00:01:40     All S-Parameters         :	0.0359108
2026-09-10 00:01:40   

                      ------------------------------------------------------------------------------
2026-09-10 00:01:43   For some elements the curvature had to be reduced to maintain the quality of the mesh. More...

                      ------------------------------------------------------------------------------
2026-09-10 00:01:44   Adaptive mesh refinement pass 5

                      ------------------------------------------------------------------------------
2026-09-10 00:01:55     Matrix setup time        :	1 s
                        Degrees of freedom       :	213717
                        Number of mesh cells     :	31610

                        Stimulation port         :	1
                        Mode number              :	1
                        Accuracy                 :	9.85193e-05
                        Iterations               :	58
                        Solver time              :	8 s


                      ------------------------------------------------------------------------------
2026-09-10 00:01:55     Stimulation port         :	2
                        Mode number              :	1
                        Accuracy                 :	4.27078e-05
                        Iterations               :	63
                        Solver time              :	8 s


                      ------------------------------------------------------------------------------
2026-09-10 00:01:55     Stimulation port         :	3
                        Mode number              :	1
                        Accuracy                 :	3.64452e-05
                        Iterations               :	66
                        Solver time              :	9 s


                      ------------------------------------------------------------------------------
2026-09-10 00:01:56     Delta calculation        
2026-09-10 00:01:56     All S-Parameters         :	0.0228133
2026-09-10 00:01:56   

                      ------------------------------------------------------------------------------
2026-09-10 00:02:00   For some elements the curvature had to be reduced to maintain the quality of the mesh. More...

                      ------------------------------------------------------------------------------
2026-09-10 00:02:01   Adaptive mesh refinement pass 6

                      ------------------------------------------------------------------------------
2026-09-10 00:02:17     Matrix setup time        :	1 s
                        Degrees of freedom       :	311003
                        Number of mesh cells     :	46210

                        Stimulation port         :	1
                        Mode number              :	1
                        Accuracy                 :	4.20764e-05
                        Iterations               :	61
                        Solver time              :	12 s


                      ------------------------------------------------------------------------------
2026-09-10 00:02:17     Stimulation port         :	2
                        Mode number              :	1
                        Accuracy                 :	9.87121e-05
                        Iterations               :	52
                        Solver time              :	11 s


                      ------------------------------------------------------------------------------
2026-09-10 00:02:17     Stimulation port         :	3
                        Mode number              :	1
                        Accuracy                 :	9.90012e-05
                        Iterations               :	52
                        Solver time              :	11 s


                      ------------------------------------------------------------------------------
2026-09-10 00:02:17     Delta calculation        
2026-09-10 00:02:17     All S-Parameters         :	0.0229416
2026-09-10 00:02:17   

                      ------------------------------------------------------------------------------
2026-09-10 00:02:23   For some elements the curvature had to be reduced to maintain the quality of the mesh. More...

                      ------------------------------------------------------------------------------
2026-09-10 00:02:24   The direct solver will be used.

                      ------------------------------------------------------------------------------
2026-09-10 00:02:25   Adaptive mesh refinement pass 7

                      ------------------------------------------------------------------------------
2026-09-10 00:02:36     Matrix setup time        :	2 s
                        Solver setup             :	7 s
                        Degrees of freedom       :	410759
                        Number of mesh cells     :	61179

                        Stimulation port         :	1
                        Mode number              :	1
                        Accuracy                 :	1.65195e-12
                        Iterations               :	1
                        Solver time              :	0 s


                      ------------------------------------------------------------------------------
2026-09-10 00:02:36     Stimulation port         :	2
                        Mode number              :	1
                        Accuracy                 :	1.13934e-12
                        Iterations               :	1
                        Solver time              :	0 s


                      ------------------------------------------------------------------------------
2026-09-10 00:02:36     Stimulation port         :	3
                        Mode number              :	1
                        Accuracy                 :	1.17667e-12
                        Iterations               :	1
                        Solver time              :	0 s


                      ------------------------------------------------------------------------------
2026-09-10 00:02:36     Delta calculation        
2026-09-10 00:02:36     All S-Parameters         :	0.0106569
2026-09-10 00:02:36   

                      ------------------------------------------------------------------------------
2026-09-10 00:02:36   Mesh adaptation terminated because the desired accuracy limit is reached.

                      ------------------------------------------------------------------------------
2026-09-10 00:02:37     Total time               :	101 s	 (= 0 h, 01 m, 41 s)

                      ------------------------------------------------------------------------------
2026-09-10 00:02:37   

                      ------------------------------------------------------------------------------
2026-09-10 00:02:37     Calculation 2 (Frequency: 1 GHz)


                      ------------------------------------------------------------------------------
2026-09-10 00:02:37   Running the PortModeSolver.

                      ------------------------------------------------------------------------------
2026-09-10 00:02:39     ----------------------------------------------------------------------------
                        Port   Mode   Type        Z-Wave        Z-Wave-Sigma  Z-Line        F-Cutoff
                        1      1      QTEM        229           15.2          49.1          ---
                        2      1      QTEM        231           15.5          49.2          ---
                        3      1      QTEM        230           10.7          49.2          ---
                        ----------------------------------------------------------------------------


                      ------------------------------------------------------------------------------
2026-09-10 00:02:46     Matrix setup time        :	1 s
                        Solver setup             :	5 s
                        Degrees of freedom       :	410759
                        Number of mesh cells     :	61179

                        Stimulation port         :	1
                        Mode number              :	1
                        Accuracy                 :	4.32469e-13
                        Iterations               :	1
                        Solver time              :	0 s


                      ------------------------------------------------------------------------------
2026-09-10 00:02:46     Stimulation port         :	2
                        Mode number              :	1
                        Accuracy                 :	5.0268e-13
                        Iterations               :	1
                        Solver time              :	0 s


                      ------------------------------------------------------------------------------
2026-09-10 00:02:46     Stimulation port         :	3
                        Mode number              :	1
                        Accuracy                 :	4.96847e-13
                        Iterations               :	1
                        Solver time              :	0 s


                      ------------------------------------------------------------------------------
2026-09-10 00:02:47     Total time               :	8 s

                      ------------------------------------------------------------------------------
2026-09-10 00:02:47   

                      ------------------------------------------------------------------------------
2026-09-10 00:02:47     Calculation 3 (Frequency: 6.5 GHz)


                      ------------------------------------------------------------------------------
2026-09-10 00:02:47   Running the PortModeSolver.

                      ------------------------------------------------------------------------------
2026-09-10 00:02:48     ----------------------------------------------------------------------------
                        Port   Mode   Type        Z-Wave        Z-Wave-Sigma  Z-Line        F-Cutoff
                        1      1      QTEM        228           15.9          48.8          ---
                        2      1      QTEM        229           15.3          48.9          ---
                        3      1      QTEM        229           10.8          48.9          ---
                        ----------------------------------------------------------------------------


                      ------------------------------------------------------------------------------
2026-09-10 00:02:55     Matrix setup time        :	1 s
                        Solver setup             :	5 s
                        Degrees of freedom       :	410759
                        Number of mesh cells     :	61179

                        Stimulation port         :	1
                        Mode number              :	1
                        Accuracy                 :	1.26417e-13
                        Iterations               :	1
                        Solver time              :	0 s


                      ------------------------------------------------------------------------------
2026-09-10 00:02:55     Stimulation port         :	2
                        Mode number              :	1
                        Accuracy                 :	1.20756e-13
                        Iterations               :	1
                        Solver time              :	0 s


                      ------------------------------------------------------------------------------
2026-09-10 00:02:55     Stimulation port         :	3
                        Mode number              :	1
                        Accuracy                 :	1.14708e-13
                        Iterations               :	1
                        Solver time              :	0 s


                      ------------------------------------------------------------------------------
2026-09-10 00:02:56     Total time               :	8 s

                      ------------------------------------------------------------------------------
2026-09-10 00:02:56   

                      ------------------------------------------------------------------------------
2026-09-10 00:02:56     Calculation 4 (Frequency: 9.25 GHz)


                      ------------------------------------------------------------------------------
2026-09-10 00:02:56   Running the PortModeSolver.

                      ------------------------------------------------------------------------------
2026-09-10 00:02:57     ----------------------------------------------------------------------------
                        Port   Mode   Type        Z-Wave        Z-Wave-Sigma  Z-Line        F-Cutoff
                        1      1      QTEM        227           14.7          48.7          ---
                        2      1      QTEM        229           15.7          48.8          ---
                        3      1      QTEM        228           10.9          48.8          ---
                        ----------------------------------------------------------------------------


                      ------------------------------------------------------------------------------
2026-09-10 00:03:05     Matrix setup time        :	1 s
                        Solver setup             :	5 s
                        Degrees of freedom       :	410759
                        Number of mesh cells     :	61179

                        Stimulation port         :	1
                        Mode number              :	1
                        Accuracy                 :	6.25744e-13
                        Iterations               :	1
                        Solver time              :	0 s


                      ------------------------------------------------------------------------------
2026-09-10 00:03:05     Stimulation port         :	2
                        Mode number              :	1
                        Accuracy                 :	3.5981e-13
                        Iterations               :	1
                        Solver time              :	0 s


                      ------------------------------------------------------------------------------
2026-09-10 00:03:05     Stimulation port         :	3
                        Mode number              :	1
                        Accuracy                 :	3.41575e-13
                        Iterations               :	1
                        Solver time              :	0 s


                      ------------------------------------------------------------------------------
2026-09-10 00:03:05     Total time               :	8 s

                      ------------------------------------------------------------------------------
2026-09-10 00:03:05   

                      ------------------------------------------------------------------------------
2026-09-10 00:03:05     Calculation 5 (Frequency: 4.355 GHz)


                      ------------------------------------------------------------------------------
2026-09-10 00:03:05   Running the PortModeSolver.

                      ------------------------------------------------------------------------------
2026-09-10 00:03:07     ----------------------------------------------------------------------------
                        Port   Mode   Type        Z-Wave        Z-Wave-Sigma  Z-Line        F-Cutoff
                        1      1      QTEM        228           15.8          49            ---
                        2      1      QTEM        230           15.3          49            ---
                        3      1      QTEM        229           10.7          49            ---
                        ----------------------------------------------------------------------------


                      ------------------------------------------------------------------------------
2026-09-10 00:03:15     Matrix setup time        :	1 s
                        Solver setup             :	5 s
                        Degrees of freedom       :	410759
                        Number of mesh cells     :	61179

                        Stimulation port         :	1
                        Mode number              :	1
                        Accuracy                 :	6.45686e-13
                        Iterations               :	1
                        Solver time              :	0 s


                      ------------------------------------------------------------------------------
2026-09-10 00:03:15     Stimulation port         :	2
                        Mode number              :	1
                        Accuracy                 :	4.79397e-13
                        Iterations               :	1
                        Solver time              :	0 s


                      ------------------------------------------------------------------------------
2026-09-10 00:03:15     Stimulation port         :	3
                        Mode number              :	1
                        Accuracy                 :	4.60156e-13
                        Iterations               :	1
                        Solver time              :	0 s


                      ------------------------------------------------------------------------------
2026-09-10 00:03:16     Total time               :	9 s

                      ------------------------------------------------------------------------------
2026-09-10 00:03:16   

                      ------------------------------------------------------------------------------
2026-09-10 00:03:16     Calculation 6 (Frequency: 8.172 GHz)


                      ------------------------------------------------------------------------------
2026-09-10 00:03:16   Running the PortModeSolver.

                      ------------------------------------------------------------------------------
2026-09-10 00:03:17     ----------------------------------------------------------------------------
                        Port   Mode   Type        Z-Wave        Z-Wave-Sigma  Z-Line        F-Cutoff
                        1      1      QTEM        227           14.5          48.8          ---
                        2      1      QTEM        229           15.6          48.8          ---
                        3      1      QTEM        228           11.1          48.8          ---
                        ----------------------------------------------------------------------------


                      ------------------------------------------------------------------------------
2026-09-10 00:03:26     Matrix setup time        :	1 s
                        Solver setup             :	6 s
                        Degrees of freedom       :	410759
                        Number of mesh cells     :	61179

                        Stimulation port         :	1
                        Mode number              :	1
                        Accuracy                 :	1.17747e-12
                        Iterations               :	1
                        Solver time              :	0 s


                      ------------------------------------------------------------------------------
2026-09-10 00:03:26     Stimulation port         :	2
                        Mode number              :	1
                        Accuracy                 :	7.68856e-13
                        Iterations               :	1
                        Solver time              :	0 s


                      ------------------------------------------------------------------------------
2026-09-10 00:03:26     Stimulation port         :	3
                        Mode number              :	1
                        Accuracy                 :	7.22069e-13
                        Iterations               :	1
                        Solver time              :	0 s


                      ------------------------------------------------------------------------------
2026-09-10 00:03:27     Total time               :	9 s

                      ------------------------------------------------------------------------------
2026-09-10 00:03:27   

                      ------------------------------------------------------------------------------
2026-09-10 00:03:27     Calculation 7 (Frequency: 5.543 GHz)


                      ------------------------------------------------------------------------------
2026-09-10 00:03:27   Running the PortModeSolver.

                      ------------------------------------------------------------------------------
2026-09-10 00:03:28     ----------------------------------------------------------------------------
                        Port   Mode   Type        Z-Wave        Z-Wave-Sigma  Z-Line        F-Cutoff
                        1      1      QTEM        228           16            48.9          ---
                        2      1      QTEM        230           15.1          48.9          ---
                        3      1      QTEM        229           10.9          48.9          ---
                        ----------------------------------------------------------------------------


                      ------------------------------------------------------------------------------
2026-09-10 00:03:37     Matrix setup time        :	1 s
                        Solver setup             :	6 s
                        Degrees of freedom       :	410759
                        Number of mesh cells     :	61179

                        Stimulation port         :	1
                        Mode number              :	1
                        Accuracy                 :	6.92488e-13
                        Iterations               :	1
                        Solver time              :	0 s


                      ------------------------------------------------------------------------------
2026-09-10 00:03:37     Stimulation port         :	2
                        Mode number              :	1
                        Accuracy                 :	4.47602e-13
                        Iterations               :	1
                        Solver time              :	0 s


                      ------------------------------------------------------------------------------
2026-09-10 00:03:37     Stimulation port         :	3
                        Mode number              :	1
                        Accuracy                 :	4.55234e-13
                        Iterations               :	1
                        Solver time              :	0 s


                      ------------------------------------------------------------------------------
2026-09-10 00:03:38     Total time               :	10 s

                      ------------------------------------------------------------------------------
2026-09-10 00:03:38   

                      ------------------------------------------------------------------------------
2026-09-10 00:03:38     Calculation 8 (Frequency: 2.771 GHz)


                      ------------------------------------------------------------------------------
2026-09-10 00:03:38   Running the PortModeSolver.

                      ------------------------------------------------------------------------------
2026-09-10 00:03:39     ----------------------------------------------------------------------------
                        Port   Mode   Type        Z-Wave        Z-Wave-Sigma  Z-Line        F-Cutoff
                        1      1      QTEM        229           15.5          49.1          ---
                        2      1      QTEM        230           15.2          49.1          ---
                        3      1      QTEM        230           10.8          49.1          ---
                        ----------------------------------------------------------------------------


                      ------------------------------------------------------------------------------
2026-09-10 00:03:47     Matrix setup time        :	1 s
                        Solver setup             :	6 s
                        Degrees of freedom       :	410759
                        Number of mesh cells     :	61179

                        Stimulation port         :	1
                        Mode number              :	1
                        Accuracy                 :	4.01611e-13
                        Iterations               :	1
                        Solver time              :	0 s


                      ------------------------------------------------------------------------------
2026-09-10 00:03:47     Stimulation port         :	2
                        Mode number              :	1
                        Accuracy                 :	3.10944e-13
                        Iterations               :	1
                        Solver time              :	0 s


                      ------------------------------------------------------------------------------
2026-09-10 00:03:47     Stimulation port         :	3
                        Mode number              :	1
                        Accuracy                 :	3.09081e-13
                        Iterations               :	1
                        Solver time              :	0 s


                      ------------------------------------------------------------------------------
2026-09-10 00:03:48     Total time               :	9 s

                      ------------------------------------------------------------------------------
2026-09-10 00:03:48   

                      ------------------------------------------------------------------------------
2026-09-10 00:03:48     Calculation 9 (Frequency: 8.612 GHz)


                      ------------------------------------------------------------------------------
2026-09-10 00:03:48   Running the PortModeSolver.

                      ------------------------------------------------------------------------------
2026-09-10 00:03:49     ----------------------------------------------------------------------------
                        Port   Mode   Type        Z-Wave        Z-Wave-Sigma  Z-Line        F-Cutoff
                        1      1      QTEM        227           14.6          48.8          ---
                        2      1      QTEM        229           15.7          48.8          ---
                        3      1      QTEM        228           11.2          48.8          ---
                        ----------------------------------------------------------------------------


                      ------------------------------------------------------------------------------
2026-09-10 00:03:58     Matrix setup time        :	1 s
                        Solver setup             :	6 s
                        Degrees of freedom       :	410759
                        Number of mesh cells     :	61179

                        Stimulation port         :	1
                        Mode number              :	1
                        Accuracy                 :	3.356e-13
                        Iterations               :	1
                        Solver time              :	0 s


                      ------------------------------------------------------------------------------
2026-09-10 00:03:58     Stimulation port         :	2
                        Mode number              :	1
                        Accuracy                 :	2.50375e-13
                        Iterations               :	1
                        Solver time              :	0 s


                      ------------------------------------------------------------------------------
2026-09-10 00:03:58     Stimulation port         :	3
                        Mode number              :	1
                        Accuracy                 :	2.25459e-13
                        Iterations               :	1
                        Solver time              :	0 s


                      ------------------------------------------------------------------------------
2026-09-10 00:03:59     Total time               :	9 s

                      ------------------------------------------------------------------------------
2026-09-10 00:03:59   

                      ------------------------------------------------------------------------------
2026-09-10 00:03:59     Calculation 10 (Frequency: 2.122 GHz)


                      ------------------------------------------------------------------------------
2026-09-10 00:03:59   Running the PortModeSolver.

                      ------------------------------------------------------------------------------
2026-09-10 00:04:00     ----------------------------------------------------------------------------
                        Port   Mode   Type        Z-Wave        Z-Wave-Sigma  Z-Line        F-Cutoff
                        1      1      QTEM        229           15.3          49.1          ---
                        2      1      QTEM        231           15.1          49.1          ---
                        3      1      QTEM        230           10.8          49.1          ---
                        ----------------------------------------------------------------------------


                      ------------------------------------------------------------------------------
2026-09-10 00:04:11     Matrix setup time        :	1 s
                        Solver setup             :	8 s
                        Degrees of freedom       :	410759
                        Number of mesh cells     :	61179

                        Stimulation port         :	1
                        Mode number              :	1
                        Accuracy                 :	4.28043e-13
                        Iterations               :	1
                        Solver time              :	0 s


                      ------------------------------------------------------------------------------
2026-09-10 00:04:11     Stimulation port         :	2
                        Mode number              :	1
                        Accuracy                 :	3.625e-13
                        Iterations               :	1
                        Solver time              :	0 s


                      ------------------------------------------------------------------------------
2026-09-10 00:04:11     Stimulation port         :	3
                        Mode number              :	1
                        Accuracy                 :	3.55961e-13
                        Iterations               :	1
                        Solver time              :	0 s


                      ------------------------------------------------------------------------------
2026-09-10 00:04:12     Total time               :	12 s

                      ------------------------------------------------------------------------------
2026-09-10 00:04:12   

                      ------------------------------------------------------------------------------
2026-09-10 00:04:12     Calculation 11 (Frequency: 3.684 GHz)


                      ------------------------------------------------------------------------------
2026-09-10 00:04:12   Running the PortModeSolver.

                      ------------------------------------------------------------------------------
2026-09-10 00:04:14     ----------------------------------------------------------------------------
                        Port   Mode   Type        Z-Wave        Z-Wave-Sigma  Z-Line        F-Cutoff
                        1      1      QTEM        229           15.6          49            ---
                        2      1      QTEM        230           15.2          49            ---
                        3      1      QTEM        229           10.6          49            ---
                        ----------------------------------------------------------------------------


                      ------------------------------------------------------------------------------
2026-09-10 00:04:26     Matrix setup time        :	1 s
                        Solver setup             :	9 s
                        Degrees of freedom       :	410759
                        Number of mesh cells     :	61179

                        Stimulation port         :	1
                        Mode number              :	1
                        Accuracy                 :	2.30613e-13
                        Iterations               :	1
                        Solver time              :	0 s


                      ------------------------------------------------------------------------------
2026-09-10 00:04:26     Stimulation port         :	2
                        Mode number              :	1
                        Accuracy                 :	2.10762e-13
                        Iterations               :	1
                        Solver time              :	0 s


                      ------------------------------------------------------------------------------
2026-09-10 00:04:26     Stimulation port         :	3
                        Mode number              :	1
                        Accuracy                 :	2.01341e-13
                        Iterations               :	1
                        Solver time              :	0 s


                      ------------------------------------------------------------------------------
2026-09-10 00:04:27     Generating results       :	1 s

                        Total time               :	14 s

                      ------------------------------------------------------------------------------
2026-09-10 00:04:27   

                      ------------------------------------------------------------------------------
2026-09-10 00:04:27     Calculation 12 (Frequency: 11.263 GHz)


                      ------------------------------------------------------------------------------
2026-09-10 00:04:27   Running the PortModeSolver.

                      ------------------------------------------------------------------------------
2026-09-10 00:04:29     ----------------------------------------------------------------------------
                        Port   Mode   Type        Z-Wave        Z-Wave-Sigma  Z-Line        F-Cutoff
                        1      1      QTEM        226           15.2          48.7          ---
                        2      1      QTEM        228           15.3          48.7          ---
                        3      1      QTEM        227           12            48.7          ---
                        ----------------------------------------------------------------------------


                      ------------------------------------------------------------------------------
2026-09-10 00:04:42     Matrix setup time        :	1 s
                        Solver setup             :	10 s
                        Degrees of freedom       :	410759
                        Number of mesh cells     :	61179

                        Stimulation port         :	1
                        Mode number              :	1
                        Accuracy                 :	7.94102e-13
                        Iterations               :	1
                        Solver time              :	0 s


                      ------------------------------------------------------------------------------
2026-09-10 00:04:42     Stimulation port         :	2
                        Mode number              :	1
                        Accuracy                 :	6.71676e-13
                        Iterations               :	1
                        Solver time              :	0 s


                      ------------------------------------------------------------------------------
2026-09-10 00:04:42     Stimulation port         :	3
                        Mode number              :	1
                        Accuracy                 :	6.86668e-13
                        Iterations               :	1
                        Solver time              :	0 s


                      ------------------------------------------------------------------------------
2026-09-10 00:04:43     Total time               :	14 s

                      ------------------------------------------------------------------------------
2026-09-10 00:04:43   

                      ------------------------------------------------------------------------------
2026-09-10 00:04:43     Calculation 13 (Frequency: 1.429 GHz)


                      ------------------------------------------------------------------------------
2026-09-10 00:04:43   Running the PortModeSolver.

                      ------------------------------------------------------------------------------
2026-09-10 00:04:45     ----------------------------------------------------------------------------
                        Port   Mode   Type        Z-Wave        Z-Wave-Sigma  Z-Line        F-Cutoff
                        1      1      QTEM        229           15.3          49.1          ---
                        2      1      QTEM        231           15.1          49.1          ---
                        3      1      QTEM        230           10.7          49.1          ---
                        ----------------------------------------------------------------------------


                      ------------------------------------------------------------------------------
2026-09-10 00:04:58     Matrix setup time        :	1 s
                        Solver setup             :	9 s
                        Degrees of freedom       :	410759
                        Number of mesh cells     :	61179

                        Stimulation port         :	1
                        Mode number              :	1
                        Accuracy                 :	5.02837e-13
                        Iterations               :	1
                        Solver time              :	0 s


                      ------------------------------------------------------------------------------
2026-09-10 00:04:58     Stimulation port         :	2
                        Mode number              :	1
                        Accuracy                 :	4.93192e-13
                        Iterations               :	1
                        Solver time              :	0 s


                      ------------------------------------------------------------------------------
2026-09-10 00:04:58     Stimulation port         :	3
                        Mode number              :	1
                        Accuracy                 :	4.96594e-13
                        Iterations               :	1
                        Solver time              :	0 s


                      ------------------------------------------------------------------------------
2026-09-10 00:04:59     Total time               :	14 s

                      ------------------------------------------------------------------------------
2026-09-10 00:04:59   

                      ------------------------------------------------------------------------------
2026-09-10 00:04:59     Calculation 14 (Frequency: 10.625 GHz)


                      ------------------------------------------------------------------------------
2026-09-10 00:04:59   Running the PortModeSolver.

                      ------------------------------------------------------------------------------
2026-09-10 00:05:00     ----------------------------------------------------------------------------
                        Port   Mode   Type        Z-Wave        Z-Wave-Sigma  Z-Line        F-Cutoff
                        1      1      QTEM        226           15            48.7          ---
                        2      1      QTEM        228           15.6          48.7          ---
                        3      1      QTEM        227           11.2          48.7          ---
                        ----------------------------------------------------------------------------


                      ------------------------------------------------------------------------------
2026-09-10 00:05:13     Matrix setup time        :	1 s
                        Solver setup             :	10 s
                        Degrees of freedom       :	410759
                        Number of mesh cells     :	61179

                        Stimulation port         :	1
                        Mode number              :	1
                        Accuracy                 :	1.45044e-12
                        Iterations               :	1
                        Solver time              :	0 s


                      ------------------------------------------------------------------------------
2026-09-10 00:05:13     Stimulation port         :	2
                        Mode number              :	1
                        Accuracy                 :	9.04216e-13
                        Iterations               :	1
                        Solver time              :	0 s


                      ------------------------------------------------------------------------------
2026-09-10 00:05:13     Stimulation port         :	3
                        Mode number              :	1
                        Accuracy                 :	1.0517e-12
                        Iterations               :	1
                        Solver time              :	0 s


                      ------------------------------------------------------------------------------
2026-09-10 00:05:14     Total time               :	14 s

                      ------------------------------------------------------------------------------
2026-09-10 00:05:14   

                      ------------------------------------------------------------------------------
2026-09-10 00:05:14     Calculation 15 (Frequency: 11.648 GHz)


                      ------------------------------------------------------------------------------
2026-09-10 00:05:14   Running the PortModeSolver.

                      ------------------------------------------------------------------------------
2026-09-10 00:05:16     ----------------------------------------------------------------------------
                        Port   Mode   Type        Z-Wave        Z-Wave-Sigma  Z-Line        F-Cutoff
                        1      1      QTEM        226           15.2          48.7          ---
                        2      1      QTEM        227           15.3          48.7          ---
                        3      1      QTEM        227           12            48.7          ---
                        ----------------------------------------------------------------------------


                      ------------------------------------------------------------------------------
2026-09-10 00:05:31     Matrix setup time        :	1 s
                        Solver setup             :	12 s
                        Degrees of freedom       :	410759
                        Number of mesh cells     :	61179

                        Stimulation port         :	1
                        Mode number              :	1
                        Accuracy                 :	3.22353e-13
                        Iterations               :	1
                        Solver time              :	0 s


                      ------------------------------------------------------------------------------
2026-09-10 00:05:31     Stimulation port         :	2
                        Mode number              :	1
                        Accuracy                 :	2.4467e-13
                        Iterations               :	1
                        Solver time              :	0 s


                      ------------------------------------------------------------------------------
2026-09-10 00:05:31     Stimulation port         :	3
                        Mode number              :	1
                        Accuracy                 :	2.36921e-13
                        Iterations               :	1
                        Solver time              :	0 s


                      ------------------------------------------------------------------------------
2026-09-10 00:05:32     Total time               :	16 s

                      ------------------------------------------------------------------------------
2026-09-10 00:05:32   

                      ------------------------------------------------------------------------------
2026-09-10 00:05:32     Calculation 16 (Frequency: 10.185 GHz)


                      ------------------------------------------------------------------------------
2026-09-10 00:05:32   Running the PortModeSolver.

                      ------------------------------------------------------------------------------
2026-09-10 00:05:34     ----------------------------------------------------------------------------
                        Port   Mode   Type        Z-Wave        Z-Wave-Sigma  Z-Line        F-Cutoff
                        1      1      QTEM        226           14.9          48.7          ---
                        2      1      QTEM        228           15.5          48.7          ---
                        3      1      QTEM        227           11.1          48.7          ---
                        ----------------------------------------------------------------------------


                      ------------------------------------------------------------------------------
2026-09-10 00:05:46     Matrix setup time        :	1 s
                        Solver setup             :	9 s
                        Degrees of freedom       :	410759
                        Number of mesh cells     :	61179

                        Stimulation port         :	1
                        Mode number              :	1
                        Accuracy                 :	6.07775e-13
                        Iterations               :	1
                        Solver time              :	0 s


                      ------------------------------------------------------------------------------
2026-09-10 00:05:46     Stimulation port         :	2
                        Mode number              :	1
                        Accuracy                 :	3.5189e-13
                        Iterations               :	1
                        Solver time              :	1 s


                      ------------------------------------------------------------------------------
2026-09-10 00:05:46     Stimulation port         :	3
                        Mode number              :	1
                        Accuracy                 :	2.65643e-13
                        Iterations               :	1
                        Solver time              :	1 s


                      ------------------------------------------------------------------------------
2026-09-10 00:05:48     Generating results       :	1 s

                        Total time               :	15 s

                      ------------------------------------------------------------------------------
2026-09-10 00:05:48   

                      ------------------------------------------------------------------------------
2026-09-10 00:05:48     Calculation 17 (Frequency: 7.27 GHz)


                      ------------------------------------------------------------------------------
2026-09-10 00:05:48   Running the PortModeSolver.

                      ------------------------------------------------------------------------------
2026-09-10 00:05:49     ----------------------------------------------------------------------------
                        Port   Mode   Type        Z-Wave        Z-Wave-Sigma  Z-Line        F-Cutoff
                        1      1      QTEM        228           16.1          48.8          ---
                        2      1      QTEM        229           15.5          48.8          ---
                        3      1      QTEM        228           10.9          48.8          ---
                        ----------------------------------------------------------------------------


                      ------------------------------------------------------------------------------
2026-09-10 00:06:04     Matrix setup time        :	1 s
                        Solver setup             :	12 s
                        Degrees of freedom       :	410759
                        Number of mesh cells     :	61179

                        Stimulation port         :	1
                        Mode number              :	1
                        Accuracy                 :	2.05918e-12
                        Iterations               :	1
                        Solver time              :	0 s


                      ------------------------------------------------------------------------------
2026-09-10 00:06:04     Stimulation port         :	2
                        Mode number              :	1
                        Accuracy                 :	1.38463e-12
                        Iterations               :	1
                        Solver time              :	0 s


                      ------------------------------------------------------------------------------
2026-09-10 00:06:04     Stimulation port         :	3
                        Mode number              :	1
                        Accuracy                 :	1.39164e-12
                        Iterations               :	1
                        Solver time              :	0 s


                      ------------------------------------------------------------------------------
2026-09-10 00:06:06     Total time               :	17 s

                      ------------------------------------------------------------------------------
2026-09-10 00:06:06   

                      ------------------------------------------------------------------------------
2026-09-10 00:06:06   Finished the general purpose interpolative broadband frequency sweep:
                      All broadband sweep convergence criteria have been satisfied after
                      calculating 17 frequency samples:

                        Broadband sweep error threshold value :  0.01 (All S-Parameters) 
                        Number of error criterion checks      :  2 (All S-Parameters) 
                        Minimum number of samples             :  3
                        Number of data samples, linear        :  1001

                      ------------------------------------------------------------------------------
2026-09-10 00:06:06     Number of mesh cells     :	61179
                        Degrees of freedom       :	410759
                        Total Solver Time        :	312 s	 (= 0 h, 05 m, 12 s)
                        Free disk space          :	107 GB
                      ================================================================================



                      ------------------------------------------------------------------------------
2026-09-10 00:06:06     ----------------------------------------------------------------------------
                                            Peak memory used (GB)         Free physical memory (GB) 
                                                                          At begin     Minimum      
                        ----------------------------------------------------------------------------
                        Solver start        0.025                         16.034       16.033       
                        Eq. system setup    1.034                         15.916       13.465       
                        Eq. system solve    2.685                         15.897       11.894       
                        Mesh refinement     0.646                         15.856       15.416       
                        Field monitor calc. 1.020                         15.385       13.984       
                        Solver run total    2.685                         16.034       11.894       

                        Computer name       DESKTOP-9C14OLV
                        ----------------------------------------------------------------------------


                      ------------------------------------------------------------------------------
2026-09-10 00:06:06   Running post-processing.

                      ------------------------------------------------------------------------------
2026-09-10 00:06:08   Post-processing finished.

                      ------------------------------------------------------------------------------
2026-09-10 00:06:08   Creating parametric 1D results for Run ID 1

                      ------------------------------------------------------------------------------
