Unknown:
C:\Users\PinJung\Desktop\computer_share\CST simulation\CST_files\WPD_4Ring\WPD5_V3_output_port\Result\hardware_resources.sconf
C:\Users\PinJung\Desktop\computer_share\CST simulation\CST_files\WPD_4Ring\WPD5_V3_output_port\Result\Model.log
C:\Users\PinJung\Desktop\computer_share\CST simulation\CST_files\WPD_4Ring\WPD5_V3_output_port\Result\Model.sa
C:\Users\PinJung\Desktop\computer_share\CST simulation\CST_files\WPD_4Ring\WPD5_V3_output_port\Result\Port1_e1(#0000).sct
C:\Users\PinJung\Desktop\computer_share\CST simulation\CST_files\WPD_4Ring\WPD5_V3_output_port\Result\Port1_e1(#0001).sct
C:\Users\PinJung\Desktop\computer_share\CST simulation\CST_files\WPD_4Ring\WPD5_V3_output_port\Result\Port1_e1(#0002).sct
C:\Users\PinJung\Desktop\computer_share\CST simulation\CST_files\WPD_4Ring\WPD5_V3_output_port\Result\Port1_e1(#0003).sct
C:\Users\PinJung\Desktop\computer_share\CST simulation\CST_files\WPD_4Ring\WPD5_V3_output_port\Result\Port1_e1(#0004).sct
C:\Users\PinJung\Desktop\computer_share\CST simulation\CST_files\WPD_4Ring\WPD5_V3_output_port\Result\Port1_e1(#0005).sct
C:\Users\PinJung\Desktop\computer_share\CST simulation\CST_files\WPD_4Ring\WPD5_V3_output_port\Result\Port1_e1(#0006).sct
C:\Users\PinJung\Desktop\computer_share\CST simulation\CST_files\WPD_4Ring\WPD5_V3_output_port\Result\Port1_e1(#0007).sct
C:\Users\PinJung\Desktop\computer_share\CST simulation\CST_files\WPD_4Ring\WPD5_V3_output_port\Result\Port1_e1(#0008).sct
C:\Users\PinJung\Desktop\computer_share\CST simulation\CST_files\WPD_4Ring\WPD5_V3_output_port\Result\Port1_e1(#0009).sct
C:\Users\PinJung\Desktop\computer_share\CST simulation\CST_files\WPD_4Ring\WPD5_V3_output_port\Result\Port1_e1(#0010).sct
C:\Users\PinJung\Desktop\computer_share\CST simulation\CST_files\WPD_4Ring\WPD5_V3_output_port\Result\Port1_e1(#0011).sct
C:\Users\PinJung\Desktop\computer_share\CST simulation\CST_files\WPD_4Ring\WPD5_V3_output_port\Result\Port1_e1(#0012).sct
C:\Users\PinJung\Desktop\computer_share\CST simulation\CST_files\WPD_4Ring\WPD5_V3_output_port\Result\Port1_e1(#0013).sct
C:\Users\PinJung\Desktop\computer_share\CST simulation\CST_files\WPD_4Ring\WPD5_V3_output_port\Result\Port1_eInfo1(#0000).pmf
C:\Users\PinJung\Desktop\computer_share\CST simulation\CST_files\WPD_4Ring\WPD5_V3_output_port\Result\Port1_eInfo1(#0001).pmf
C:\Users\PinJung\Desktop\computer_share\CST simulation\CST_files\WPD_4Ring\WPD5_V3_output_port\Result\Port1_eInfo1(#0002).pmf
C:\Users\PinJung\Desktop\computer_share\CST simulation\CST_files\WPD_4Ring\WPD5_V3_output_port\Result\Port1_eInfo1(#0003).pmf
C:\Users\PinJung\Desktop\computer_share\CST simulation\CST_files\WPD_4Ring\WPD5_V3_output_port\Result\Port1_eInfo1(#0004).pmf
C:\Users\PinJung\Desktop\computer_share\CST simulation\CST_files\WPD_4Ring\WPD5_V3_output_port\Result\Port1_eInfo1(#0005).pmf
C:\Users\PinJung\Desktop\computer_share\CST simulation\CST_files\WPD_4Ring\WPD5_V3_output_port\Result\Port1_eInfo1(#0006).pmf
C:\Users\PinJung\Desktop\computer_share\CST simulation\CST_files\WPD_4Ring\WPD5_V3_output_port\Result\Port1_eInfo1(#0007).pmf
C:\Users\PinJung\Desktop\computer_share\CST simulation\CST_files\WPD_4Ring\WPD5_V3_output_port\Result\Port1_eInfo1(#0008).pmf
C:\Users\PinJung\Desktop\computer_share\CST simulation\CST_files\WPD_4Ring\WPD5_V3_output_port\Result\Port1_eInfo1(#0009).pmf
C:\Users\PinJung\Desktop\computer_share\CST simulation\CST_files\WPD_4Ring\WPD5_V3_output_port\Result\Port1_eInfo1(#0010).pmf
C:\Users\PinJung\Desktop\computer_share\CST simulation\CST_files\WPD_4Ring\WPD5_V3_output_port\Result\Port1_eInfo1(#0011).pmf
C:\Users\PinJung\Desktop\computer_share\CST simulation\CST_files\WPD_4Ring\WPD5_V3_output_port\Result\Port1_eInfo1(#0012).pmf
C:\Users\PinJung\Desktop\computer_share\CST simulation\CST_files\WPD_4Ring\WPD5_V3_output_port\Result\Port1_eInfo1(#0013).pmf
C:\Users\PinJung\Desktop\computer_share\CST simulation\CST_files\WPD_4Ring\WPD5_V3_output_port\Result\Port1_h1(#0000).sct
C:\Users\PinJung\Desktop\computer_share\CST simulation\CST_files\WPD_4Ring\WPD5_V3_output_port\Result\Port1_h1(#0001).sct
C:\Users\PinJung\Desktop\computer_share\CST simulation\CST_files\WPD_4Ring\WPD5_V3_output_port\Result\Port1_h1(#0002).sct
C:\Users\PinJung\Desktop\computer_share\CST simulation\CST_files\WPD_4Ring\WPD5_V3_output_port\Result\Port1_h1(#0003).sct
C:\Users\PinJung\Desktop\computer_share\CST simulation\CST_files\WPD_4Ring\WPD5_V3_output_port\Result\Port1_h1(#0004).sct
C:\Users\PinJung\Desktop\computer_share\CST simulation\CST_files\WPD_4Ring\WPD5_V3_output_port\Result\Port1_h1(#0005).sct
C:\Users\PinJung\Desktop\computer_share\CST simulation\CST_files\WPD_4Ring\WPD5_V3_output_port\Result\Port1_h1(#0006).sct
C:\Users\PinJung\Desktop\computer_share\CST simulation\CST_files\WPD_4Ring\WPD5_V3_output_port\Result\Port1_h1(#0007).sct
C:\Users\PinJung\Desktop\computer_share\CST simulation\CST_files\WPD_4Ring\WPD5_V3_output_port\Result\Port1_h1(#0008).sct
C:\Users\PinJung\Desktop\computer_share\CST simulation\CST_files\WPD_4Ring\WPD5_V3_output_port\Result\Port1_h1(#0009).sct
C:\Users\PinJung\Desktop\computer_share\CST simulation\CST_files\WPD_4Ring\WPD5_V3_output_port\Result\Port1_h1(#0010).sct
C:\Users\PinJung\Desktop\computer_share\CST simulation\CST_files\WPD_4Ring\WPD5_V3_output_port\Result\Port1_h1(#0011).sct
C:\Users\PinJung\Desktop\computer_share\CST simulation\CST_files\WPD_4Ring\WPD5_V3_output_port\Result\Port1_h1(#0012).sct
C:\Users\PinJung\Desktop\computer_share\CST simulation\CST_files\WPD_4Ring\WPD5_V3_output_port\Result\Port1_h1(#0013).sct
C:\Users\PinJung\Desktop\computer_share\CST simulation\CST_files\WPD_4Ring\WPD5_V3_output_port\Result\Port1_hInfo1(#0000).pmf
C:\Users\PinJung\Desktop\computer_share\CST simulation\CST_files\WPD_4Ring\WPD5_V3_output_port\Result\Port1_hInfo1(#0001).pmf
C:\Users\PinJung\Desktop\computer_share\CST simulation\CST_files\WPD_4Ring\WPD5_V3_output_port\Result\Port1_hInfo1(#0002).pmf
C:\Users\PinJung\Desktop\computer_share\CST simulation\CST_files\WPD_4Ring\WPD5_V3_output_port\Result\Port1_hInfo1(#0003).pmf
C:\Users\PinJung\Desktop\computer_share\CST simulation\CST_files\WPD_4Ring\WPD5_V3_output_port\Result\Port1_hInfo1(#0004).pmf
C:\Users\PinJung\Desktop\computer_share\CST simulation\CST_files\WPD_4Ring\WPD5_V3_output_port\Result\Port1_hInfo1(#0005).pmf
C:\Users\PinJung\Desktop\computer_share\CST simulation\CST_files\WPD_4Ring\WPD5_V3_output_port\Result\Port1_hInfo1(#0006).pmf
C:\Users\PinJung\Desktop\computer_share\CST simulation\CST_files\WPD_4Ring\WPD5_V3_output_port\Result\Port1_hInfo1(#0007).pmf
C:\Users\PinJung\Desktop\computer_share\CST simulation\CST_files\WPD_4Ring\WPD5_V3_output_port\Result\Port1_hInfo1(#0008).pmf
C:\Users\PinJung\Desktop\computer_share\CST simulation\CST_files\WPD_4Ring\WPD5_V3_output_port\Result\Port1_hInfo1(#0009).pmf
C:\Users\PinJung\Desktop\computer_share\CST simulation\CST_files\WPD_4Ring\WPD5_V3_output_port\Result\Port1_hInfo1(#0010).pmf
C:\Users\PinJung\Desktop\computer_share\CST simulation\CST_files\WPD_4Ring\WPD5_V3_output_port\Result\Port1_hInfo1(#0011).pmf
C:\Users\PinJung\Desktop\computer_share\CST simulation\CST_files\WPD_4Ring\WPD5_V3_output_port\Result\Port1_hInfo1(#0012).pmf
C:\Users\PinJung\Desktop\computer_share\CST simulation\CST_files\WPD_4Ring\WPD5_V3_output_port\Result\Port1_hInfo1(#0013).pmf
C:\Users\PinJung\Desktop\computer_share\CST simulation\CST_files\WPD_4Ring\WPD5_V3_output_port\Result\Port1_Info1(#0000).mmd
C:\Users\PinJung\Desktop\computer_share\CST simulation\CST_files\WPD_4Ring\WPD5_V3_output_port\Result\Port1_Info1(#0001).mmd
C:\Users\PinJung\Desktop\computer_share\CST simulation\CST_files\WPD_4Ring\WPD5_V3_output_port\Result\Port1_Info1(#0002).mmd
C:\Users\PinJung\Desktop\computer_share\CST simulation\CST_files\WPD_4Ring\WPD5_V3_output_port\Result\Port1_Info1(#0003).mmd
C:\Users\PinJung\Desktop\computer_share\CST simulation\CST_files\WPD_4Ring\WPD5_V3_output_port\Result\Port1_Info1(#0004).mmd
C:\Users\PinJung\Desktop\computer_share\CST simulation\CST_files\WPD_4Ring\WPD5_V3_output_port\Result\Port1_Info1(#0005).mmd
C:\Users\PinJung\Desktop\computer_share\CST simulation\CST_files\WPD_4Ring\WPD5_V3_output_port\Result\Port1_Info1(#0006).mmd
C:\Users\PinJung\Desktop\computer_share\CST simulation\CST_files\WPD_4Ring\WPD5_V3_output_port\Result\Port1_Info1(#0007).mmd
C:\Users\PinJung\Desktop\computer_share\CST simulation\CST_files\WPD_4Ring\WPD5_V3_output_port\Result\Port1_Info1(#0008).mmd
C:\Users\PinJung\Desktop\computer_share\CST simulation\CST_files\WPD_4Ring\WPD5_V3_output_port\Result\Port1_Info1(#0009).mmd
C:\Users\PinJung\Desktop\computer_share\CST simulation\CST_files\WPD_4Ring\WPD5_V3_output_port\Result\Port1_Info1(#0010).mmd
C:\Users\PinJung\Desktop\computer_share\CST simulation\CST_files\WPD_4Ring\WPD5_V3_output_port\Result\Port1_Info1(#0011).mmd
C:\Users\PinJung\Desktop\computer_share\CST simulation\CST_files\WPD_4Ring\WPD5_V3_output_port\Result\Port1_Info1(#0012).mmd
C:\Users\PinJung\Desktop\computer_share\CST simulation\CST_files\WPD_4Ring\WPD5_V3_output_port\Result\Port1_Info1(#0013).mmd
C:\Users\PinJung\Desktop\computer_share\CST simulation\CST_files\WPD_4Ring\WPD5_V3_output_port\Result\Port2_e1(#0000).sct
C:\Users\PinJung\Desktop\computer_share\CST simulation\CST_files\WPD_4Ring\WPD5_V3_output_port\Result\Port2_e1(#0001).sct
C:\Users\PinJung\Desktop\computer_share\CST simulation\CST_files\WPD_4Ring\WPD5_V3_output_port\Result\Port2_e1(#0002).sct
C:\Users\PinJung\Desktop\computer_share\CST simulation\CST_files\WPD_4Ring\WPD5_V3_output_port\Result\Port2_e1(#0003).sct
C:\Users\PinJung\Desktop\computer_share\CST simulation\CST_files\WPD_4Ring\WPD5_V3_output_port\Result\Port2_e1(#0004).sct
C:\Users\PinJung\Desktop\computer_share\CST simulation\CST_files\WPD_4Ring\WPD5_V3_output_port\Result\Port2_e1(#0005).sct
C:\Users\PinJung\Desktop\computer_share\CST simulation\CST_files\WPD_4Ring\WPD5_V3_output_port\Result\Port2_e1(#0006).sct
C:\Users\PinJung\Desktop\computer_share\CST simulation\CST_files\WPD_4Ring\WPD5_V3_output_port\Result\Port2_e1(#0007).sct
C:\Users\PinJung\Desktop\computer_share\CST simulation\CST_files\WPD_4Ring\WPD5_V3_output_port\Result\Port2_e1(#0008).sct
C:\Users\PinJung\Desktop\computer_share\CST simulation\CST_files\WPD_4Ring\WPD5_V3_output_port\Result\Port2_e1(#0009).sct
C:\Users\PinJung\Desktop\computer_share\CST simulation\CST_files\WPD_4Ring\WPD5_V3_output_port\Result\Port2_e1(#0010).sct
C:\Users\PinJung\Desktop\computer_share\CST simulation\CST_files\WPD_4Ring\WPD5_V3_output_port\Result\Port2_e1(#0011).sct
C:\Users\PinJung\Desktop\computer_share\CST simulation\CST_files\WPD_4Ring\WPD5_V3_output_port\Result\Port2_e1(#0012).sct
C:\Users\PinJung\Desktop\computer_share\CST simulation\CST_files\WPD_4Ring\WPD5_V3_output_port\Result\Port2_e1(#0013).sct
C:\Users\PinJung\Desktop\computer_share\CST simulation\CST_files\WPD_4Ring\WPD5_V3_output_port\Result\Port2_eInfo1(#0000).pmf
C:\Users\PinJung\Desktop\computer_share\CST simulation\CST_files\WPD_4Ring\WPD5_V3_output_port\Result\Port2_eInfo1(#0001).pmf
C:\Users\PinJung\Desktop\computer_share\CST simulation\CST_files\WPD_4Ring\WPD5_V3_output_port\Result\Port2_eInfo1(#0002).pmf
C:\Users\PinJung\Desktop\computer_share\CST simulation\CST_files\WPD_4Ring\WPD5_V3_output_port\Result\Port2_eInfo1(#0003).pmf
C:\Users\PinJung\Desktop\computer_share\CST simulation\CST_files\WPD_4Ring\WPD5_V3_output_port\Result\Port2_eInfo1(#0004).pmf
C:\Users\PinJung\Desktop\computer_share\CST simulation\CST_files\WPD_4Ring\WPD5_V3_output_port\Result\Port2_eInfo1(#0005).pmf
C:\Users\PinJung\Desktop\computer_share\CST simulation\CST_files\WPD_4Ring\WPD5_V3_output_port\Result\Port2_eInfo1(#0006).pmf
C:\Users\PinJung\Desktop\computer_share\CST simulation\CST_files\WPD_4Ring\WPD5_V3_output_port\Result\Port2_eInfo1(#0007).pmf
C:\Users\PinJung\Desktop\computer_share\CST simulation\CST_files\WPD_4Ring\WPD5_V3_output_port\Result\Port2_eInfo1(#0008).pmf
C:\Users\PinJung\Desktop\computer_share\CST simulation\CST_files\WPD_4Ring\WPD5_V3_output_port\Result\Port2_eInfo1(#0009).pmf
C:\Users\PinJung\Desktop\computer_share\CST simulation\CST_files\WPD_4Ring\WPD5_V3_output_port\Result\Port2_eInfo1(#0010).pmf
C:\Users\PinJung\Desktop\computer_share\CST simulation\CST_files\WPD_4Ring\WPD5_V3_output_port\Result\Port2_eInfo1(#0011).pmf
C:\Users\PinJung\Desktop\computer_share\CST simulation\CST_files\WPD_4Ring\WPD5_V3_output_port\Result\Port2_eInfo1(#0012).pmf
C:\Users\PinJung\Desktop\computer_share\CST simulation\CST_files\WPD_4Ring\WPD5_V3_output_port\Result\Port2_eInfo1(#0013).pmf
C:\Users\PinJung\Desktop\computer_share\CST simulation\CST_files\WPD_4Ring\WPD5_V3_output_port\Result\Port2_h1(#0000).sct
C:\Users\PinJung\Desktop\computer_share\CST simulation\CST_files\WPD_4Ring\WPD5_V3_output_port\Result\Port2_h1(#0001).sct
C:\Users\PinJung\Desktop\computer_share\CST simulation\CST_files\WPD_4Ring\WPD5_V3_output_port\Result\Port2_h1(#0002).sct
C:\Users\PinJung\Desktop\computer_share\CST simulation\CST_files\WPD_4Ring\WPD5_V3_output_port\Result\Port2_h1(#0003).sct
C:\Users\PinJung\Desktop\computer_share\CST simulation\CST_files\WPD_4Ring\WPD5_V3_output_port\Result\Port2_h1(#0004).sct
C:\Users\PinJung\Desktop\computer_share\CST simulation\CST_files\WPD_4Ring\WPD5_V3_output_port\Result\Port2_h1(#0005).sct
C:\Users\PinJung\Desktop\computer_share\CST simulation\CST_files\WPD_4Ring\WPD5_V3_output_port\Result\Port2_h1(#0006).sct
C:\Users\PinJung\Desktop\computer_share\CST simulation\CST_files\WPD_4Ring\WPD5_V3_output_port\Result\Port2_h1(#0007).sct
C:\Users\PinJung\Desktop\computer_share\CST simulation\CST_files\WPD_4Ring\WPD5_V3_output_port\Result\Port2_h1(#0008).sct
C:\Users\PinJung\Desktop\computer_share\CST simulation\CST_files\WPD_4Ring\WPD5_V3_output_port\Result\Port2_h1(#0009).sct
C:\Users\PinJung\Desktop\computer_share\CST simulation\CST_files\WPD_4Ring\WPD5_V3_output_port\Result\Port2_h1(#0010).sct
C:\Users\PinJung\Desktop\computer_share\CST simulation\CST_files\WPD_4Ring\WPD5_V3_output_port\Result\Port2_h1(#0011).sct
C:\Users\PinJung\Desktop\computer_share\CST simulation\CST_files\WPD_4Ring\WPD5_V3_output_port\Result\Port2_h1(#0012).sct
C:\Users\PinJung\Desktop\computer_share\CST simulation\CST_files\WPD_4Ring\WPD5_V3_output_port\Result\Port2_h1(#0013).sct
C:\Users\PinJung\Desktop\computer_share\CST simulation\CST_files\WPD_4Ring\WPD5_V3_output_port\Result\Port2_hInfo1(#0000).pmf
C:\Users\PinJung\Desktop\computer_share\CST simulation\CST_files\WPD_4Ring\WPD5_V3_output_port\Result\Port2_hInfo1(#0001).pmf
C:\Users\PinJung\Desktop\computer_share\CST simulation\CST_files\WPD_4Ring\WPD5_V3_output_port\Result\Port2_hInfo1(#0002).pmf
C:\Users\PinJung\Desktop\computer_share\CST simulation\CST_files\WPD_4Ring\WPD5_V3_output_port\Result\Port2_hInfo1(#0003).pmf
C:\Users\PinJung\Desktop\computer_share\CST simulation\CST_files\WPD_4Ring\WPD5_V3_output_port\Result\Port2_hInfo1(#0004).pmf
C:\Users\PinJung\Desktop\computer_share\CST simulation\CST_files\WPD_4Ring\WPD5_V3_output_port\Result\Port2_hInfo1(#0005).pmf
C:\Users\PinJung\Desktop\computer_share\CST simulation\CST_files\WPD_4Ring\WPD5_V3_output_port\Result\Port2_hInfo1(#0006).pmf
C:\Users\PinJung\Desktop\computer_share\CST simulation\CST_files\WPD_4Ring\WPD5_V3_output_port\Result\Port2_hInfo1(#0007).pmf
C:\Users\PinJung\Desktop\computer_share\CST simulation\CST_files\WPD_4Ring\WPD5_V3_output_port\Result\Port2_hInfo1(#0008).pmf
C:\Users\PinJung\Desktop\computer_share\CST simulation\CST_files\WPD_4Ring\WPD5_V3_output_port\Result\Port2_hInfo1(#0009).pmf
C:\Users\PinJung\Desktop\computer_share\CST simulation\CST_files\WPD_4Ring\WPD5_V3_output_port\Result\Port2_hInfo1(#0010).pmf
C:\Users\PinJung\Desktop\computer_share\CST simulation\CST_files\WPD_4Ring\WPD5_V3_output_port\Result\Port2_hInfo1(#0011).pmf
C:\Users\PinJung\Desktop\computer_share\CST simulation\CST_files\WPD_4Ring\WPD5_V3_output_port\Result\Port2_hInfo1(#0012).pmf
C:\Users\PinJung\Desktop\computer_share\CST simulation\CST_files\WPD_4Ring\WPD5_V3_output_port\Result\Port2_hInfo1(#0013).pmf
C:\Users\PinJung\Desktop\computer_share\CST simulation\CST_files\WPD_4Ring\WPD5_V3_output_port\Result\Port2_Info1(#0000).mmd
C:\Users\PinJung\Desktop\computer_share\CST simulation\CST_files\WPD_4Ring\WPD5_V3_output_port\Result\Port2_Info1(#0001).mmd
C:\Users\PinJung\Desktop\computer_share\CST simulation\CST_files\WPD_4Ring\WPD5_V3_output_port\Result\Port2_Info1(#0002).mmd
C:\Users\PinJung\Desktop\computer_share\CST simulation\CST_files\WPD_4Ring\WPD5_V3_output_port\Result\Port2_Info1(#0003).mmd
C:\Users\PinJung\Desktop\computer_share\CST simulation\CST_files\WPD_4Ring\WPD5_V3_output_port\Result\Port2_Info1(#0004).mmd
C:\Users\PinJung\Desktop\computer_share\CST simulation\CST_files\WPD_4Ring\WPD5_V3_output_port\Result\Port2_Info1(#0005).mmd
C:\Users\PinJung\Desktop\computer_share\CST simulation\CST_files\WPD_4Ring\WPD5_V3_output_port\Result\Port2_Info1(#0006).mmd
C:\Users\PinJung\Desktop\computer_share\CST simulation\CST_files\WPD_4Ring\WPD5_V3_output_port\Result\Port2_Info1(#0007).mmd
C:\Users\PinJung\Desktop\computer_share\CST simulation\CST_files\WPD_4Ring\WPD5_V3_output_port\Result\Port2_Info1(#0008).mmd
C:\Users\PinJung\Desktop\computer_share\CST simulation\CST_files\WPD_4Ring\WPD5_V3_output_port\Result\Port2_Info1(#0009).mmd
C:\Users\PinJung\Desktop\computer_share\CST simulation\CST_files\WPD_4Ring\WPD5_V3_output_port\Result\Port2_Info1(#0010).mmd
C:\Users\PinJung\Desktop\computer_share\CST simulation\CST_files\WPD_4Ring\WPD5_V3_output_port\Result\Port2_Info1(#0011).mmd
C:\Users\PinJung\Desktop\computer_share\CST simulation\CST_files\WPD_4Ring\WPD5_V3_output_port\Result\Port2_Info1(#0012).mmd
C:\Users\PinJung\Desktop\computer_share\CST simulation\CST_files\WPD_4Ring\WPD5_V3_output_port\Result\Port2_Info1(#0013).mmd
C:\Users\PinJung\Desktop\computer_share\CST simulation\CST_files\WPD_4Ring\WPD5_V3_output_port\Result\Port3_e1(#0000).sct
C:\Users\PinJung\Desktop\computer_share\CST simulation\CST_files\WPD_4Ring\WPD5_V3_output_port\Result\Port3_e1(#0001).sct
C:\Users\PinJung\Desktop\computer_share\CST simulation\CST_files\WPD_4Ring\WPD5_V3_output_port\Result\Port3_e1(#0002).sct
C:\Users\PinJung\Desktop\computer_share\CST simulation\CST_files\WPD_4Ring\WPD5_V3_output_port\Result\Port3_e1(#0003).sct
C:\Users\PinJung\Desktop\computer_share\CST simulation\CST_files\WPD_4Ring\WPD5_V3_output_port\Result\Port3_e1(#0004).sct
C:\Users\PinJung\Desktop\computer_share\CST simulation\CST_files\WPD_4Ring\WPD5_V3_output_port\Result\Port3_e1(#0005).sct
C:\Users\PinJung\Desktop\computer_share\CST simulation\CST_files\WPD_4Ring\WPD5_V3_output_port\Result\Port3_e1(#0006).sct
C:\Users\PinJung\Desktop\computer_share\CST simulation\CST_files\WPD_4Ring\WPD5_V3_output_port\Result\Port3_e1(#0007).sct
C:\Users\PinJung\Desktop\computer_share\CST simulation\CST_files\WPD_4Ring\WPD5_V3_output_port\Result\Port3_e1(#0008).sct
C:\Users\PinJung\Desktop\computer_share\CST simulation\CST_files\WPD_4Ring\WPD5_V3_output_port\Result\Port3_e1(#0009).sct
C:\Users\PinJung\Desktop\computer_share\CST simulation\CST_files\WPD_4Ring\WPD5_V3_output_port\Result\Port3_e1(#0010).sct
C:\Users\PinJung\Desktop\computer_share\CST simulation\CST_files\WPD_4Ring\WPD5_V3_output_port\Result\Port3_e1(#0011).sct
C:\Users\PinJung\Desktop\computer_share\CST simulation\CST_files\WPD_4Ring\WPD5_V3_output_port\Result\Port3_e1(#0012).sct
C:\Users\PinJung\Desktop\computer_share\CST simulation\CST_files\WPD_4Ring\WPD5_V3_output_port\Result\Port3_e1(#0013).sct
C:\Users\PinJung\Desktop\computer_share\CST simulation\CST_files\WPD_4Ring\WPD5_V3_output_port\Result\Port3_eInfo1(#0000).pmf
C:\Users\PinJung\Desktop\computer_share\CST simulation\CST_files\WPD_4Ring\WPD5_V3_output_port\Result\Port3_eInfo1(#0001).pmf
C:\Users\PinJung\Desktop\computer_share\CST simulation\CST_files\WPD_4Ring\WPD5_V3_output_port\Result\Port3_eInfo1(#0002).pmf
C:\Users\PinJung\Desktop\computer_share\CST simulation\CST_files\WPD_4Ring\WPD5_V3_output_port\Result\Port3_eInfo1(#0003).pmf
C:\Users\PinJung\Desktop\computer_share\CST simulation\CST_files\WPD_4Ring\WPD5_V3_output_port\Result\Port3_eInfo1(#0004).pmf
C:\Users\PinJung\Desktop\computer_share\CST simulation\CST_files\WPD_4Ring\WPD5_V3_output_port\Result\Port3_eInfo1(#0005).pmf
C:\Users\PinJung\Desktop\computer_share\CST simulation\CST_files\WPD_4Ring\WPD5_V3_output_port\Result\Port3_eInfo1(#0006).pmf
C:\Users\PinJung\Desktop\computer_share\CST simulation\CST_files\WPD_4Ring\WPD5_V3_output_port\Result\Port3_eInfo1(#0007).pmf
C:\Users\PinJung\Desktop\computer_share\CST simulation\CST_files\WPD_4Ring\WPD5_V3_output_port\Result\Port3_eInfo1(#0008).pmf
C:\Users\PinJung\Desktop\computer_share\CST simulation\CST_files\WPD_4Ring\WPD5_V3_output_port\Result\Port3_eInfo1(#0009).pmf
C:\Users\PinJung\Desktop\computer_share\CST simulation\CST_files\WPD_4Ring\WPD5_V3_output_port\Result\Port3_eInfo1(#0010).pmf
C:\Users\PinJung\Desktop\computer_share\CST simulation\CST_files\WPD_4Ring\WPD5_V3_output_port\Result\Port3_eInfo1(#0011).pmf
C:\Users\PinJung\Desktop\computer_share\CST simulation\CST_files\WPD_4Ring\WPD5_V3_output_port\Result\Port3_eInfo1(#0012).pmf
C:\Users\PinJung\Desktop\computer_share\CST simulation\CST_files\WPD_4Ring\WPD5_V3_output_port\Result\Port3_eInfo1(#0013).pmf
C:\Users\PinJung\Desktop\computer_share\CST simulation\CST_files\WPD_4Ring\WPD5_V3_output_port\Result\Port3_h1(#0000).sct
C:\Users\PinJung\Desktop\computer_share\CST simulation\CST_files\WPD_4Ring\WPD5_V3_output_port\Result\Port3_h1(#0001).sct
C:\Users\PinJung\Desktop\computer_share\CST simulation\CST_files\WPD_4Ring\WPD5_V3_output_port\Result\Port3_h1(#0002).sct
C:\Users\PinJung\Desktop\computer_share\CST simulation\CST_files\WPD_4Ring\WPD5_V3_output_port\Result\Port3_h1(#0003).sct
C:\Users\PinJung\Desktop\computer_share\CST simulation\CST_files\WPD_4Ring\WPD5_V3_output_port\Result\Port3_h1(#0004).sct
C:\Users\PinJung\Desktop\computer_share\CST simulation\CST_files\WPD_4Ring\WPD5_V3_output_port\Result\Port3_h1(#0005).sct
C:\Users\PinJung\Desktop\computer_share\CST simulation\CST_files\WPD_4Ring\WPD5_V3_output_port\Result\Port3_h1(#0006).sct
C:\Users\PinJung\Desktop\computer_share\CST simulation\CST_files\WPD_4Ring\WPD5_V3_output_port\Result\Port3_h1(#0007).sct
C:\Users\PinJung\Desktop\computer_share\CST simulation\CST_files\WPD_4Ring\WPD5_V3_output_port\Result\Port3_h1(#0008).sct
C:\Users\PinJung\Desktop\computer_share\CST simulation\CST_files\WPD_4Ring\WPD5_V3_output_port\Result\Port3_h1(#0009).sct
C:\Users\PinJung\Desktop\computer_share\CST simulation\CST_files\WPD_4Ring\WPD5_V3_output_port\Result\Port3_h1(#0010).sct
C:\Users\PinJung\Desktop\computer_share\CST simulation\CST_files\WPD_4Ring\WPD5_V3_output_port\Result\Port3_h1(#0011).sct
C:\Users\PinJung\Desktop\computer_share\CST simulation\CST_files\WPD_4Ring\WPD5_V3_output_port\Result\Port3_h1(#0012).sct
C:\Users\PinJung\Desktop\computer_share\CST simulation\CST_files\WPD_4Ring\WPD5_V3_output_port\Result\Port3_h1(#0013).sct
C:\Users\PinJung\Desktop\computer_share\CST simulation\CST_files\WPD_4Ring\WPD5_V3_output_port\Result\Port3_hInfo1(#0000).pmf
C:\Users\PinJung\Desktop\computer_share\CST simulation\CST_files\WPD_4Ring\WPD5_V3_output_port\Result\Port3_hInfo1(#0001).pmf
C:\Users\PinJung\Desktop\computer_share\CST simulation\CST_files\WPD_4Ring\WPD5_V3_output_port\Result\Port3_hInfo1(#0002).pmf
C:\Users\PinJung\Desktop\computer_share\CST simulation\CST_files\WPD_4Ring\WPD5_V3_output_port\Result\Port3_hInfo1(#0003).pmf
C:\Users\PinJung\Desktop\computer_share\CST simulation\CST_files\WPD_4Ring\WPD5_V3_output_port\Result\Port3_hInfo1(#0004).pmf
C:\Users\PinJung\Desktop\computer_share\CST simulation\CST_files\WPD_4Ring\WPD5_V3_output_port\Result\Port3_hInfo1(#0005).pmf
C:\Users\PinJung\Desktop\computer_share\CST simulation\CST_files\WPD_4Ring\WPD5_V3_output_port\Result\Port3_hInfo1(#0006).pmf
C:\Users\PinJung\Desktop\computer_share\CST simulation\CST_files\WPD_4Ring\WPD5_V3_output_port\Result\Port3_hInfo1(#0007).pmf
C:\Users\PinJung\Desktop\computer_share\CST simulation\CST_files\WPD_4Ring\WPD5_V3_output_port\Result\Port3_hInfo1(#0008).pmf
C:\Users\PinJung\Desktop\computer_share\CST simulation\CST_files\WPD_4Ring\WPD5_V3_output_port\Result\Port3_hInfo1(#0009).pmf
C:\Users\PinJung\Desktop\computer_share\CST simulation\CST_files\WPD_4Ring\WPD5_V3_output_port\Result\Port3_hInfo1(#0010).pmf
C:\Users\PinJung\Desktop\computer_share\CST simulation\CST_files\WPD_4Ring\WPD5_V3_output_port\Result\Port3_hInfo1(#0011).pmf
C:\Users\PinJung\Desktop\computer_share\CST simulation\CST_files\WPD_4Ring\WPD5_V3_output_port\Result\Port3_hInfo1(#0012).pmf
C:\Users\PinJung\Desktop\computer_share\CST simulation\CST_files\WPD_4Ring\WPD5_V3_output_port\Result\Port3_hInfo1(#0013).pmf
C:\Users\PinJung\Desktop\computer_share\CST simulation\CST_files\WPD_4Ring\WPD5_V3_output_port\Result\Port3_Info1(#0000).mmd
C:\Users\PinJung\Desktop\computer_share\CST simulation\CST_files\WPD_4Ring\WPD5_V3_output_port\Result\Port3_Info1(#0001).mmd
C:\Users\PinJung\Desktop\computer_share\CST simulation\CST_files\WPD_4Ring\WPD5_V3_output_port\Result\Port3_Info1(#0002).mmd
C:\Users\PinJung\Desktop\computer_share\CST simulation\CST_files\WPD_4Ring\WPD5_V3_output_port\Result\Port3_Info1(#0003).mmd
C:\Users\PinJung\Desktop\computer_share\CST simulation\CST_files\WPD_4Ring\WPD5_V3_output_port\Result\Port3_Info1(#0004).mmd
C:\Users\PinJung\Desktop\computer_share\CST simulation\CST_files\WPD_4Ring\WPD5_V3_output_port\Result\Port3_Info1(#0005).mmd
C:\Users\PinJung\Desktop\computer_share\CST simulation\CST_files\WPD_4Ring\WPD5_V3_output_port\Result\Port3_Info1(#0006).mmd
C:\Users\PinJung\Desktop\computer_share\CST simulation\CST_files\WPD_4Ring\WPD5_V3_output_port\Result\Port3_Info1(#0007).mmd
C:\Users\PinJung\Desktop\computer_share\CST simulation\CST_files\WPD_4Ring\WPD5_V3_output_port\Result\Port3_Info1(#0008).mmd
C:\Users\PinJung\Desktop\computer_share\CST simulation\CST_files\WPD_4Ring\WPD5_V3_output_port\Result\Port3_Info1(#0009).mmd
C:\Users\PinJung\Desktop\computer_share\CST simulation\CST_files\WPD_4Ring\WPD5_V3_output_port\Result\Port3_Info1(#0010).mmd
C:\Users\PinJung\Desktop\computer_share\CST simulation\CST_files\WPD_4Ring\WPD5_V3_output_port\Result\Port3_Info1(#0011).mmd
C:\Users\PinJung\Desktop\computer_share\CST simulation\CST_files\WPD_4Ring\WPD5_V3_output_port\Result\Port3_Info1(#0012).mmd
C:\Users\PinJung\Desktop\computer_share\CST simulation\CST_files\WPD_4Ring\WPD5_V3_output_port\Result\Port3_Info1(#0013).mmd
C:\Users\PinJung\Desktop\computer_share\CST simulation\CST_files\WPD_4Ring\WPD5_V3_output_port\Result\SolCoef(#0000)_1(1).scf
C:\Users\PinJung\Desktop\computer_share\CST simulation\CST_files\WPD_4Ring\WPD5_V3_output_port\Result\SolCoef(#0000)_2(1).scf
C:\Users\PinJung\Desktop\computer_share\CST simulation\CST_files\WPD_4Ring\WPD5_V3_output_port\Result\SolCoef(#0000)_3(1).scf
Mesh:
C:\Users\PinJung\Desktop\computer_share\CST simulation\CST_files\WPD_4Ring\WPD5_V3_output_port\Result\3do.slim
C:\Users\PinJung\Desktop\computer_share\CST simulation\CST_files\WPD_4Ring\WPD5_V3_output_port\Result\bad0.tet
C:\Users\PinJung\Desktop\computer_share\CST simulation\CST_files\WPD_4Ring\WPD5_V3_output_port\Result\log.tet
C:\Users\PinJung\Desktop\computer_share\CST simulation\CST_files\WPD_4Ring\WPD5_V3_output_port\Result\Mesh_Input.E2F.tet
C:\Users\PinJung\Desktop\computer_share\CST simulation\CST_files\WPD_4Ring\WPD5_V3_output_port\Result\Mesh_Input.Entities2Mesh.tet
C:\Users\PinJung\Desktop\computer_share\CST simulation\CST_files\WPD_4Ring\WPD5_V3_output_port\Result\Mesh_Input.Options.tet
C:\Users\PinJung\Desktop\computer_share\CST simulation\CST_files\WPD_4Ring\WPD5_V3_output_port\Result\Mesh_Input.QuasiModel.tet
C:\Users\PinJung\Desktop\computer_share\CST simulation\CST_files\WPD_4Ring\WPD5_V3_output_port\Result\Mesh_Output.QuasiModel.tet
C:\Users\PinJung\Desktop\computer_share\CST simulation\CST_files\WPD_4Ring\WPD5_V3_output_port\Result\Mesh_Output.U2F.tet
C:\Users\PinJung\Desktop\computer_share\CST simulation\CST_files\WPD_4Ring\WPD5_V3_output_port\Result\mir.tet
C:\Users\PinJung\Desktop\computer_share\CST simulation\CST_files\WPD_4Ring\WPD5_V3_output_port\Result\moegeom.tet
C:\Users\PinJung\Desktop\computer_share\CST simulation\CST_files\WPD_4Ring\WPD5_V3_output_port\Result\reftags.tet
C:\Users\PinJung\Desktop\computer_share\CST simulation\CST_files\WPD_4Ring\WPD5_V3_output_port\Result\topot.tet
Port:
C:\Users\PinJung\Desktop\computer_share\CST simulation\CST_files\WPD_4Ring\WPD5_V3_output_port\Result\Model.pmi
